../Core/Src/app.c:46:6:set_sleep_func	16	static
../Core/Src/app.c:60:6:zero_hw_relays_vars	16	static
../Core/Src/app.c:69:6:app_set_desired_motor_speed	16	static
../Core/Src/app.c:83:9:status_by_error	16	static
../Core/Src/app.c:93:9:get_motor_communication_status	8	static
../Core/Src/app.c:97:9:motor_loop	24	static
../Core/Src/app.c:149:6:send_rs_485_command	16	static
../Core/Src/app.c:154:9:are_equal	32	static
../Core/Src/app.c:163:9:send_generic_cmd	24	static
../Core/Src/app.c:179:9:send_read_cmd	24	static
../Core/Src/app.c:197:9:app_stop_motor	16	static
../Core/Src/app.c:203:9:app_set_motor_speed	24	static
../Core/Src/app.c:209:9:app_start_motor	16	static
../Core/Src/app.c:214:9:app_get_motor_info	16	static
../Core/Src/app.c:219:6:app_push_motor_byte	16	static
../Core/Src/app.c:231:6:zero_motor_settings	8	static
../Core/Src/app.c:242:6:app_init	8	static
../Core/Src/app.c:249:6:set_turn_on_func	16	static
../Core/Src/app.c:253:6:set_turn_off_func	16	static
../Core/Src/app.c:257:6:app_update_relays	40	static
../Core/Src/app.c:310:6:_update_post_num	24	static
../Core/Src/app.c:319:6:recover_settings	16	static
../Core/Src/app.c:332:6:write_settings	16	static
../Core/Src/app.c:336:8:get_post_num_str	8	static
../Core/Src/app.c:340:9:get_post_num	8	static
../Core/Src/app.c:343:6:set_post_num	24	static
../Core/Src/app.c:355:6:inc_post_num	8	static
../Core/Src/app.c:359:6:dec_post_num	8	static
../Core/Src/app.c:363:6:set_rs485_write	16	static
../Core/Src/app.c:367:6:set_app_send_data	16	static
../Core/Src/app.c:371:6:set_tick_func	16	static
../Core/Src/app.c:374:6:int_to_hexchar	16	static
../Core/Src/app.c:379:6:_copy_hex_from_byte_to_buf	32	static
../Core/Src/app.c:386:8:get_uid	32	static
../Core/Src/app.c:398:6:set_state	16	static
../Core/Src/app.c:402:6:app_process_cmd	16	static
../Core/Src/app.c:422:6:app_decode_ping	16	static
../Core/Src/app.c:429:9:process_char	48	static
../Core/Src/app.c:555:6:init_relay_config	24	static
../Core/Src/app.c:569:6:app_decode_run	152	static
../Core/Src/app.c:619:6:app_apply_relays	32	static
../Core/Src/app.c:649:6:app_decode_uid	64	static
../Core/Src/app.c:660:6:app_decode_set	40	static
../Core/Src/app.c:677:6:cp	32	static
../Core/Src/app.c:691:9:get_state	16	static
