../Core/Src/app.c:47:6:set_sleep_func	16	static
../Core/Src/app.c:61:6:zero_hw_relays_vars	16	static
../Core/Src/app.c:70:6:app_set_desired_motor_speed	16	static
../Core/Src/app.c:84:9:status_by_error	16	static
../Core/Src/app.c:94:9:get_motor_communication_status	8	static
../Core/Src/app.c:98:9:motor_loop	24	static
../Core/Src/app.c:150:6:send_rs_485_command	16	static
../Core/Src/app.c:155:9:are_equal	32	static
../Core/Src/app.c:164:9:send_generic_cmd	24	static
../Core/Src/app.c:180:9:send_read_cmd	24	static
../Core/Src/app.c:198:9:app_stop_motor	16	static
../Core/Src/app.c:212:9:app_set_motor_speed	24	static
../Core/Src/app.c:227:9:app_start_motor	16	static
../Core/Src/app.c:240:9:app_get_motor_info	16	static
../Core/Src/app.c:253:6:app_push_motor_byte	16	static
../Core/Src/app.c:265:6:zero_motor_settings	8	static
../Core/Src/app.c:276:6:app_init	8	static
../Core/Src/app.c:284:6:set_turn_on_func	16	static
../Core/Src/app.c:288:6:set_turn_off_func	16	static
../Core/Src/app.c:292:6:app_update_relays	40	static
../Core/Src/app.c:345:6:_update_post_num	24	static
../Core/Src/app.c:354:6:recover_settings	16	static
../Core/Src/app.c:377:6:write_settings	16	static
../Core/Src/app.c:381:8:get_post_num_str	8	static
../Core/Src/app.c:385:9:get_post_num	8	static
../Core/Src/app.c:389:9:get_motor	8	static
../Core/Src/app.c:393:9:get_connection_mode	8	static
../Core/Src/app.c:397:6:set_post_num	24	static
../Core/Src/app.c:409:6:set_motor	24	static
../Core/Src/app.c:419:6:set_connection_mode	24	static
../Core/Src/app.c:429:6:inc_post_num	8	static
../Core/Src/app.c:433:6:dec_post_num	8	static
../Core/Src/app.c:437:6:set_rs485_write	16	static
../Core/Src/app.c:441:6:set_app_send_data	16	static
../Core/Src/app.c:445:6:set_tick_func	16	static
../Core/Src/app.c:448:6:int_to_hexchar	16	static
../Core/Src/app.c:453:6:_copy_hex_from_byte_to_buf	32	static
../Core/Src/app.c:460:8:get_uid	32	static
../Core/Src/app.c:472:6:set_state	16	static
../Core/Src/app.c:476:6:app_process_cmd	24	static
../Core/Src/app.c:521:6:app_decode_ping	24	static
../Core/Src/app.c:533:9:process_char	48	static
../Core/Src/app.c:659:6:init_relay_config	24	static
../Core/Src/app.c:673:6:app_decode_run	152	static
../Core/Src/app.c:723:6:app_apply_relays	32	static
../Core/Src/app.c:753:6:app_decode_uid	64	static
../Core/Src/app.c:764:6:app_decode_set	40	static
../Core/Src/app.c:781:6:cp	32	static
../Core/Src/app.c:795:9:get_state	16	static
