../Core/Src/gm009605.c:61:6:SSD1306_ScrollRight	16	static
../Core/Src/gm009605.c:74:6:SSD1306_ScrollLeft	16	static
../Core/Src/gm009605.c:87:6:SSD1306_Scrolldiagright	16	static
../Core/Src/gm009605.c:103:6:SSD1306_Scrolldiagleft	16	static
../Core/Src/gm009605.c:119:6:SSD1306_Stopscroll	8	static
../Core/Src/gm009605.c:126:6:SSD1306_InvertDisplay	16	static
../Core/Src/gm009605.c:135:6:SSD1306_DrawBitmap	40	static
../Core/Src/gm009605.c:159:9:SSD1306_Init	16	static
../Core/Src/gm009605.c:232:6:SSD1306_UpdateScreen	16	static
../Core/Src/gm009605.c:245:6:SSD1306_ToggleInvert	16	static
../Core/Src/gm009605.c:257:6:SSD1306_Fill	16	static
../Core/Src/gm009605.c:261:6:SSD1306_Mirror	16	static
../Core/Src/gm009605.c:265:6:SSD1306_DrawPixel	24	static
../Core/Src/gm009605.c:294:6:SSD1306_GotoXY	16	static
../Core/Src/gm009605.c:300:6:SSD1306_Putc	32	static
../Core/Src/gm009605.c:331:6:SSD1306_Puts	24	static
../Core/Src/gm009605.c:349:6:SSD1306_DrawLine	40	static
../Core/Src/gm009605.c:433:6:SSD1306_DrawRectangle	32	static
../Core/Src/gm009605.c:458:6:SSD1306_DrawFilledRectangle	40	static
../Core/Src/gm009605.c:485:6:SSD1306_DrawTriangle	40	static
../Core/Src/gm009605.c:493:6:SSD1306_DrawFilledTriangle	72	static
../Core/Src/gm009605.c:549:6:SSD1306_DrawCircle	40	static
../Core/Src/gm009605.c:583:6:SSD1306_DrawFilledCircle	56	static
../Core/Src/gm009605.c:616:6:SSD1306_Clear	8	static
../Core/Src/gm009605.c:621:6:SSD1306_ON	8	static
../Core/Src/gm009605.c:626:6:SSD1306_OFF	8	static
../Core/Src/gm009605.c:642:6:ssd1306_I2C_Init	16	static
../Core/Src/gm009605.c:654:6:ssd1306_I2C_WriteMulti	296	static
../Core/Src/gm009605.c:664:6:ssd1306_I2C_Write	40	static
