../Drivers/CMSIS/Include/core_cm0.h:623:22:__NVIC_EnableIRQ	16	static
../Core/Src/main.c:104:6:send_usb	16	static
../Core/Src/main.c:107:6:send_rs485	16	static
../Core/Src/main.c:111:6:void_os_delay	16	static
../Core/Src/main.c:115:5:main	8	static
../Core/Src/main.c:185:6:SystemClock_Config	104	static
../Core/Src/main.c:225:13:MX_I2C1_Init	8	static
../Core/Src/main.c:246:13:MX_USART1_UART_Init	8	static
../Core/Src/main.c:271:13:MX_USART2_UART_Init	8	static
../Core/Src/main.c:293:13:MX_GPIO_Init	48	static
../Core/Src/main.c:335:6:Start_command_reader	16	static
../Core/Src/main.c:346:6:display_logo	24	static
../Core/Src/main.c:355:6:display_connection	32	static
../Core/Src/main.c:374:6:display_post_num	16	static
../Core/Src/main.c:384:6:display_motor_status	24	static
../Core/Src/main.c:406:6:Start_user_interface	32	static
../Core/Src/main.c:490:6:main_menu_reset	8	static
../Core/Src/main.c:503:6:start_animation	8	static
../Core/Src/main.c:520:6:Start_keys_switcher	24	static
../Core/Src/main.c:534:6:Start_rs485_controller	16	static
../Core/Src/main.c:543:6:HAL_TIM_PeriodElapsedCallback	16	static
../Core/Src/main.c:549:6:Error_Handler	8	static,ignoring_inline_asm
../Core/Src/main.c:558:6:turn_on	16	static
../Core/Src/main.c:562:6:turn_off	16	static
../Core/Src/main.c:566:6:buttons_update	16	static
../Core/Src/main.c:572:9:is_acceptable	16	static
../Core/Src/main.c:580:6:receive_cmd	16	static
../Core/Src/main.c:596:6:receive_motor1	16	static
../Core/Src/main.c:600:9:is_clicked	16	static
../Core/Src/main.c:608:9:is_dblclicked	16	static
