../Core/Src/menu.c:11:6:menu_supervisor_init	16	static
../Core/Src/menu.c:18:6:display_menu_supervisor	16	static
../Core/Src/menu.c:22:6:menu_supervisor_up	24	static
../Core/Src/menu.c:41:6:menu_supervisor_down	24	static
../Core/Src/menu.c:56:6:menu_supervisor_center	24	static
../Core/Src/menu.c:65:6:menu_init	24	static
../Core/Src/menu.c:87:14:str_by_num	16	static
../Core/Src/menu.c:120:6:init_test_menu	16	static
../Core/Src/menu.c:130:6:init_exit_menu	16	static
../Core/Src/menu.c:140:6:init_post_number_menu	40	static
../Core/Src/menu.c:176:6:init_mode_menu	32	static
../Core/Src/menu.c:232:6:init_motors_menu	32	static
../Core/Src/menu.c:301:6:display_menu_item	40	static
../Core/Src/menu.c:328:6:act_submenu_pos	40	static
../Core/Src/menu.c:343:6:act_exit	24	static
../Core/Src/menu.c:348:6:act_test_relays	24	static
../Core/Src/menu.c:353:6:act_goto_parent	24	static
../Core/Src/menu.c:368:6:act_set_active	32	static
../Core/Src/menu.c:381:6:act_goto_menu_aux	32	static
../Core/Src/menu.c:400:6:act_set_active_motor	32	static
../Core/Src/menu.c:414:6:act_set_active_mode	32	static
../Core/Src/menu.c:428:6:act_submenu_motor	40	static
../Core/Src/menu.c:443:6:act_submenu_mode	40	static
