Archive member included to satisfy reference by file (symbol)

/opt/st/stm32cubeide_1.13.2/plugins/com.st.stm32cube.ide.mcu.externaltools.gnu-tools-for-stm32.11.3.rel1.linux64_1.1.1.202309131626/tools/bin/../lib/gcc/arm-none-eabi/11.3.1/../../../../arm-none-eabi/lib/thumb/v6-m/nofp/libc_nano.a(libc_a-exit.o)
                              /opt/st/stm32cubeide_1.13.2/plugins/com.st.stm32cube.ide.mcu.externaltools.gnu-tools-for-stm32.11.3.rel1.linux64_1.1.1.202309131626/tools/bin/../lib/gcc/arm-none-eabi/11.3.1/../../../../arm-none-eabi/lib/thumb/v6-m/nofp/crt0.o (exit)
/opt/st/stm32cubeide_1.13.2/plugins/com.st.stm32cube.ide.mcu.externaltools.gnu-tools-for-stm32.11.3.rel1.linux64_1.1.1.202309131626/tools/bin/../lib/gcc/arm-none-eabi/11.3.1/../../../../arm-none-eabi/lib/thumb/v6-m/nofp/libc_nano.a(libc_a-malloc.o)
                              ./Core/Src/menu.o (malloc)
/opt/st/stm32cubeide_1.13.2/plugins/com.st.stm32cube.ide.mcu.externaltools.gnu-tools-for-stm32.11.3.rel1.linux64_1.1.1.202309131626/tools/bin/../lib/gcc/arm-none-eabi/11.3.1/../../../../arm-none-eabi/lib/thumb/v6-m/nofp/libc_nano.a(libc_a-mallocr.o)
                              /opt/st/stm32cubeide_1.13.2/plugins/com.st.stm32cube.ide.mcu.externaltools.gnu-tools-for-stm32.11.3.rel1.linux64_1.1.1.202309131626/tools/bin/../lib/gcc/arm-none-eabi/11.3.1/../../../../arm-none-eabi/lib/thumb/v6-m/nofp/libc_nano.a(libc_a-malloc.o) (_malloc_r)
/opt/st/stm32cubeide_1.13.2/plugins/com.st.stm32cube.ide.mcu.externaltools.gnu-tools-for-stm32.11.3.rel1.linux64_1.1.1.202309131626/tools/bin/../lib/gcc/arm-none-eabi/11.3.1/../../../../arm-none-eabi/lib/thumb/v6-m/nofp/libc_nano.a(libc_a-mlock.o)
                              /opt/st/stm32cubeide_1.13.2/plugins/com.st.stm32cube.ide.mcu.externaltools.gnu-tools-for-stm32.11.3.rel1.linux64_1.1.1.202309131626/tools/bin/../lib/gcc/arm-none-eabi/11.3.1/../../../../arm-none-eabi/lib/thumb/v6-m/nofp/libc_nano.a(libc_a-mallocr.o) (__malloc_lock)
/opt/st/stm32cubeide_1.13.2/plugins/com.st.stm32cube.ide.mcu.externaltools.gnu-tools-for-stm32.11.3.rel1.linux64_1.1.1.202309131626/tools/bin/../lib/gcc/arm-none-eabi/11.3.1/../../../../arm-none-eabi/lib/thumb/v6-m/nofp/libc_nano.a(libc_a-rand.o)
                              ./Core/Src/main.o (rand)
/opt/st/stm32cubeide_1.13.2/plugins/com.st.stm32cube.ide.mcu.externaltools.gnu-tools-for-stm32.11.3.rel1.linux64_1.1.1.202309131626/tools/bin/../lib/gcc/arm-none-eabi/11.3.1/../../../../arm-none-eabi/lib/thumb/v6-m/nofp/libc_nano.a(libc_a-findfp.o)
                              /opt/st/stm32cubeide_1.13.2/plugins/com.st.stm32cube.ide.mcu.externaltools.gnu-tools-for-stm32.11.3.rel1.linux64_1.1.1.202309131626/tools/bin/../lib/gcc/arm-none-eabi/11.3.1/../../../../arm-none-eabi/lib/thumb/v6-m/nofp/libc_nano.a(libc_a-exit.o) (__stdio_exit_handler)
/opt/st/stm32cubeide_1.13.2/plugins/com.st.stm32cube.ide.mcu.externaltools.gnu-tools-for-stm32.11.3.rel1.linux64_1.1.1.202309131626/tools/bin/../lib/gcc/arm-none-eabi/11.3.1/../../../../arm-none-eabi/lib/thumb/v6-m/nofp/libc_nano.a(libc_a-fwalk.o)
                              /opt/st/stm32cubeide_1.13.2/plugins/com.st.stm32cube.ide.mcu.externaltools.gnu-tools-for-stm32.11.3.rel1.linux64_1.1.1.202309131626/tools/bin/../lib/gcc/arm-none-eabi/11.3.1/../../../../arm-none-eabi/lib/thumb/v6-m/nofp/libc_nano.a(libc_a-findfp.o) (_fwalk_sglue)
/opt/st/stm32cubeide_1.13.2/plugins/com.st.stm32cube.ide.mcu.externaltools.gnu-tools-for-stm32.11.3.rel1.linux64_1.1.1.202309131626/tools/bin/../lib/gcc/arm-none-eabi/11.3.1/../../../../arm-none-eabi/lib/thumb/v6-m/nofp/libc_nano.a(libc_a-stdio.o)
                              /opt/st/stm32cubeide_1.13.2/plugins/com.st.stm32cube.ide.mcu.externaltools.gnu-tools-for-stm32.11.3.rel1.linux64_1.1.1.202309131626/tools/bin/../lib/gcc/arm-none-eabi/11.3.1/../../../../arm-none-eabi/lib/thumb/v6-m/nofp/libc_nano.a(libc_a-findfp.o) (__sread)
/opt/st/stm32cubeide_1.13.2/plugins/com.st.stm32cube.ide.mcu.externaltools.gnu-tools-for-stm32.11.3.rel1.linux64_1.1.1.202309131626/tools/bin/../lib/gcc/arm-none-eabi/11.3.1/../../../../arm-none-eabi/lib/thumb/v6-m/nofp/libc_nano.a(libc_a-memset.o)
                              /opt/st/stm32cubeide_1.13.2/plugins/com.st.stm32cube.ide.mcu.externaltools.gnu-tools-for-stm32.11.3.rel1.linux64_1.1.1.202309131626/tools/bin/../lib/gcc/arm-none-eabi/11.3.1/../../../../arm-none-eabi/lib/thumb/v6-m/nofp/crt0.o (memset)
/opt/st/stm32cubeide_1.13.2/plugins/com.st.stm32cube.ide.mcu.externaltools.gnu-tools-for-stm32.11.3.rel1.linux64_1.1.1.202309131626/tools/bin/../lib/gcc/arm-none-eabi/11.3.1/../../../../arm-none-eabi/lib/thumb/v6-m/nofp/libc_nano.a(libc_a-closer.o)
                              /opt/st/stm32cubeide_1.13.2/plugins/com.st.stm32cube.ide.mcu.externaltools.gnu-tools-for-stm32.11.3.rel1.linux64_1.1.1.202309131626/tools/bin/../lib/gcc/arm-none-eabi/11.3.1/../../../../arm-none-eabi/lib/thumb/v6-m/nofp/libc_nano.a(libc_a-stdio.o) (_close_r)
[...]
Memory Configuration

Name             Origin             Length             Attributes
RAM              0x0000000020000000 0x0000000000004000 xrw
FLASH            0x0000000008000000 0x0000000000020000 xr
*default*        0x0000000000000000 0xffffffffffffffff

Linker script and memory map

LOAD /opt/st/stm32cubeide_1.13.2/plugins/com.st.stm32cube.ide.mcu.externaltools.gnu-tools-for-stm32.11.3.rel1.linux64_1.1.1.202309131626/tools/bin/../lib/gcc/arm-none-eabi/11.3.1/thumb/v6-m/nofp/crti.o
LOAD /opt/st/stm32cubeide_1.13.2/plugins/com.st.stm32cube.ide.mcu.externaltools.gnu-tools-for-stm32.11.3.rel1.linux64_1.1.1.202309131626/tools/bin/../lib/gcc/arm-none-eabi/11.3.1/thumb/v6-m/nofp/crtbegin.o
LOAD /opt/st/stm32cubeide_1.13.2/plugins/com.st.stm32cube.ide.mcu.externaltools.gnu-tools-for-stm32.11.3.rel1.linux64_1.1.1.202309131626/tools/bin/../lib/gcc/arm-none-eabi/11.3.1/../../../../arm-none-eabi/lib/thumb/v6-m/nofp/crt0.o
LOAD ./Core/Src/app.o
LOAD ./Core/Src/buttons.o
LOAD ./Core/Src/esq500modbus.o
LOAD ./Core/Src/esq770modbus.o
LOAD ./Core/Src/fonts.o
LOAD ./Core/Src/freertos.o
LOAD ./Core/Src/gm009605.o
LOAD ./Core/Src/main.o
LOAD ./Core/Src/menu.o
LOAD ./Core/Src/relays.o
LOAD ./Core/Src/stm32f0xx_hal_msp.o
LOAD ./Core/Src/stm32f0xx_hal_timebase_tim.o
LOAD ./Core/Src/stm32f0xx_it.o
LOAD ./Core/Src/syscalls.o
LOAD ./Core/Src/sysmem.o
LOAD ./Core/Src/system_stm32f0xx.o
LOAD ./Core/Startup/startup_stm32f070cbtx.o
LOAD ./Drivers/STM32F0xx_HAL_Driver/Src/stm32f0xx_hal.o
LOAD ./Drivers/STM32F0xx_HAL_Driver/Src/stm32f0xx_hal_cortex.o
LOAD ./Drivers/STM32F0xx_HAL_Driver/Src/stm32f0xx_hal_dma.o
LOAD ./Drivers/STM32F0xx_HAL_Driver/Src/stm32f0xx_hal_exti.o
LOAD ./Drivers/STM32F0xx_HAL_Driver/Src/stm32f0xx_hal_flash.o
LOAD ./Drivers/STM32F0xx_HAL_Driver/Src/stm32f0xx_hal_flash_ex.o
LOAD ./Drivers/STM32F0xx_HAL_Driver/Src/stm32f0xx_hal_gpio.o
LOAD ./Drivers/STM32F0xx_HAL_Driver/Src/stm32f0xx_hal_i2c.o
LOAD ./Drivers/STM32F0xx_HAL_Driver/Src/stm32f0xx_hal_i2c_ex.o
LOAD ./Drivers/STM32F0xx_HAL_Driver/Src/stm32f0xx_hal_pwr.o
LOAD ./Drivers/STM32F0xx_HAL_Driver/Src/stm32f0xx_hal_pwr_ex.o
LOAD ./Drivers/STM32F0xx_HAL_Driver/Src/stm32f0xx_hal_rcc.o
LOAD ./Drivers/STM32F0xx_HAL_Driver/Src/stm32f0xx_hal_rcc_ex.o
LOAD ./Drivers/STM32F0xx_HAL_Driver/Src/stm32f0xx_hal_tim.o
LOAD ./Drivers/STM32F0xx_HAL_Driver/Src/stm32f0xx_hal_tim_ex.o
LOAD ./Drivers/STM32F0xx_HAL_Driver/Src/stm32f0xx_hal_uart.o
LOAD ./Drivers/STM32F0xx_HAL_Driver/Src/stm32f0xx_hal_uart_ex.o
LOAD ./Middlewares/Third_Party/FreeRTOS/Source/CMSIS_RTOS_V2/cmsis_os2.o
LOAD ./Middlewares/Third_Party/FreeRTOS/Source/croutine.o
LOAD ./Middlewares/Third_Party/FreeRTOS/Source/event_groups.o
LOAD ./Middlewares/Third_Party/FreeRTOS/Source/list.o
LOAD ./Middlewares/Third_Party/FreeRTOS/Source/queue.o
LOAD ./Middlewares/Third_Party/FreeRTOS/Source/stream_buffer.o
LOAD ./Middlewares/Third_Party/FreeRTOS/Source/tasks.o
LOAD ./Middlewares/Third_Party/FreeRTOS/Source/timers.o
LOAD ./Middlewares/Third_Party/FreeRTOS/Source/portable/GCC/ARM_CM0/port.o
LOAD ./Middlewares/Third_Party/FreeRTOS/Source/portable/MemMang/heap_4.o
START GROUP
LOAD /opt/st/stm32cubeide_1.13.2/plugins/com.st.stm32cube.ide.mcu.externaltools.gnu-tools-for-stm32.11.3.rel1.linux64_1.1.1.202309131626/tools/bin/../lib/gcc/arm-none-eabi/11.3.1/../../../../arm-none-eabi/lib/thumb/v6-m/nofp/libc_nano.a
LOAD /opt/st/stm32cubeide_1.13.2/plugins/com.st.stm32cube.ide.mcu.externaltools.gnu-tools-for-stm32.11.3.rel1.linux64_1.1.1.202309131626/tools/bin/../lib/gcc/arm-none-eabi/11.3.1/../../../../arm-none-eabi/lib/thumb/v6-m/nofp/libm.a
END GROUP
START GROUP
LOAD /opt/st/stm32cubeide_1.13.2/plugins/com.st.stm32cube.ide.mcu.externaltools.gnu-tools-for-stm32.11.3.rel1.linux64_1.1.1.202309131626/tools/bin/../lib/gcc/arm-none-eabi/11.3.1/thumb/v6-m/nofp/libgcc.a
LOAD /opt/st/stm32cubeide_1.13.2/plugins/com.st.stm32cube.ide.mcu.externaltools.gnu-tools-for-stm32.11.3.rel1.linux64_1.1.1.202309131626/tools/bin/../lib/gcc/arm-none-eabi/11.3.1/../../../../arm-none-eabi/lib/thumb/v6-m/nofp/libc_nano.a
END GROUP
START GROUP
LOAD /opt/st/stm32cubeide_1.13.2/plugins/com.st.stm32cube.ide.mcu.externaltools.gnu-tools-for-stm32.11.3.rel1.linux64_1.1.1.202309131626/tools/bin/../lib/gcc/arm-none-eabi/11.3.1/thumb/v6-m/nofp/libgcc.a
LOAD /opt/st/stm32cubeide_1.13.2/plugins/com.st.stm32cube.ide.mcu.externaltools.gnu-tools-for-stm32.11.3.rel1.linux64_1.1.1.202309131626/tools/bin/../lib/gcc/arm-none-eabi/11.3.1/../../../../arm-none-eabi/lib/thumb/v6-m/nofp/libc_nano.a
LOAD /opt/st/stm32cubeide_1.13.2/plugins/com.st.stm32cube.ide.mcu.externaltools.gnu-tools-for-stm32.11.3.rel1.linux64_1.1.1.202309131626/tools/bin/../lib/gcc/arm-none-eabi/11.3.1/../../../../arm-none-eabi/lib/thumb/v6-m/nofp/libnosys.a
END GROUP
START GROUP
LOAD /opt/st/stm32cubeide_1.13.2/plugins/com.st.stm32cube.ide.mcu.externaltools.gnu-tools-for-stm32.11.3.rel1.linux64_1.1.1.202309131626/tools/bin/../lib/gcc/arm-none-eabi/11.3.1/thumb/v6-m/nofp/libgcc.a
LOAD /opt/st/stm32cubeide_1.13.2/plugins/com.st.stm32cube.ide.mcu.externaltools.gnu-tools-for-stm32.11.3.rel1.linux64_1.1.1.202309131626/tools/bin/../lib/gcc/arm-none-eabi/11.3.1/../../../../arm-none-eabi/lib/thumb/v6-m/nofp/libc_nano.a
LOAD /opt/st/stm32cubeide_1.13.2/plugins/com.st.stm32cube.ide.mcu.externaltools.gnu-tools-for-stm32.11.3.rel1.linux64_1.1.1.202309131626/tools/bin/../lib/gcc/arm-none-eabi/11.3.1/../../../../arm-none-eabi/lib/thumb/v6-m/nofp/libnosys.a
END GROUP
LOAD /opt/st/stm32cubeide_1.13.2/plugins/com.st.stm32cube.ide.mcu.externaltools.gnu-tools-for-stm32.11.3.rel1.linux64_1.1.1.202309131626/tools/bin/../lib/gcc/arm-none-eabi/11.3.1/thumb/v6-m/nofp/crtend.o
LOAD /opt/st/stm32cubeide_1.13.2/plugins/com.st.stm32cube.ide.mcu.externaltools.gnu-tools-for-stm32.11.3.rel1.linux64_1.1.1.202309131626/tools/bin/../lib/gcc/arm-none-eabi/11.3.1/thumb/v6-m/nofp/crtn.o
                0x0000000020004000                _estack = (ORIGIN (RAM) + LENGTH (RAM))
                0x0000000000000200                _Min_Heap_Size = 0x200
                0x0000000000000400                _Min_Stack_Size = 0x400

.isr_vector     0x0000000008000000       0xc0
                0x0000000008000000                . = ALIGN (0x4)
 *(.isr_vector)
 .isr_vector    0x0000000008000000       0xc0 ./Core/Startup/startup_stm32f070cbtx.o
                0x0000000008000000                g_pfnVectors
                0x00000000080000c0                . = ALIGN (0x4)

.text           0x00000000080000c0     0xb324
                0x00000000080000c0                . = ALIGN (0x4)
 *(.text)
 .text          0x00000000080000c0       0x48 /opt/st/stm32cubeide_1.13.2/plugins/com.st.stm32cube.ide.mcu.externaltools.gnu-tools-for-stm32.11.3.rel1.linux64_1.1.1.202309131626/tools/bin/../lib/gcc/arm-none-eabi/11.3.1/thumb/v6-m/nofp/crtbegin.o
 .text          0x0000000008000108       0x14 /opt/st/stm32cubeide_1.13.2/plugins/com.st.stm32cube.ide.mcu.externaltools.gnu-tools-for-stm32.11.3.rel1.linux64_1.1.1.202309131626/tools/bin/../lib/gcc/arm-none-eabi/11.3.1/thumb/v6-m/nofp/libgcc.a(_thumb1_case_shi.o)
                0x0000000008000108                __gnu_thumb1_case_shi
 .text          0x000000000800011c      0x114 /opt/st/stm32cubeide_1.13.2/plugins/com.st.stm32cube.ide.mcu.externaltools.gnu-tools-for-stm32.11.3.rel1.linux64_1.1.1.202309131626/tools/bin/../lib/gcc/arm-none-eabi/11.3.1/thumb/v6-m/nofp/libgcc.a(_udivsi3.o)
                0x000000000800011c                __udivsi3
                0x000000000800011c                __aeabi_uidiv
                0x0000000008000228                __aeabi_uidivmod
 .text          0x0000000008000230      0x1d4 /opt/st/stm32cubeide_1.13.2/plugins/com.st.stm32cube.ide.mcu.externaltools.gnu-tools-for-stm32.11.3.rel1.linux64_1.1.1.202309131626/tools/bin/../lib/gcc/arm-none-eabi/11.3.1/thumb/v6-m/nofp/libgcc.a(_divsi3.o)
                0x0000000008000230                __aeabi_idiv
                0x0000000008000230                __divsi3
                0x00000000080003fc                __aeabi_idivmod
 .text          0x0000000008000404        0x4 /opt/st/stm32cubeide_1.13.2/plugins/com.st.stm32cube.ide.mcu.externaltools.gnu-tools-for-stm32.11.3.rel1.linux64_1.1.1.202309131626/tools/bin/../lib/gcc/arm-none-eabi/11.3.1/thumb/v6-m/nofp/libgcc.a(_dvmd_tls.o)
                0x0000000008000404                __aeabi_ldiv0
                0x0000000008000404                __aeabi_idiv0
 .text          0x0000000008000408       0x5c /opt/st/stm32cubeide_1.13.2/plugins/com.st.stm32cube.ide.mcu.externaltools.gnu-tools-for-stm32.11.3.rel1.linux64_1.1.1.202309131626/tools/bin/../lib/gcc/arm-none-eabi/11.3.1/thumb/v6-m/nofp/libgcc.a(_muldi3.o)
                0x0000000008000408                __aeabi_lmul
                0x0000000008000408                __muldi3
 *(.text*)
 .text.set_sleep_func
                0x0000000008000464       0x1c ./Core/Src/app.o
                0x0000000008000464                set_sleep_func
 .text.zero_hw_relays_vars
                0x0000000008000480       0x54 ./Core/Src/app.o
                0x0000000008000480                zero_hw_relays_vars
 .text.app_set_desired_motor_speed
                0x00000000080004d4       0x50 ./Core/Src/app.o
                0x00000000080004d4                app_set_desired_motor_speed
 .text.status_by_error
                0x0000000008000524       0x2e ./Core/Src/app.o
                0x0000000008000524                status_by_error
 *fill*         0x0000000008000552        0x2 
 .text.get_motor_communication_status
                0x0000000008000554       0x14 ./Core/Src/app.o
                0x0000000008000554                get_motor_communication_status
 .text.motor_loop
                0x0000000008000568      0x1a4 ./Core/Src/app.o
                0x0000000008000568                motor_loop
 .text.send_rs_485_command
                0x000000000800070c       0x34 ./Core/Src/app.o
                0x000000000800070c                send_rs_485_command
 .text.are_equal
                0x0000000008000740       0x46 ./Core/Src/app.o
                0x0000000008000740                are_equal
 *fill*         0x0000000008000786        0x2 
 .text.send_generic_cmd
                0x0000000008000788       0x7c ./Core/Src/app.o
                0x0000000008000788                send_generic_cmd
 .text.send_read_cmd
                0x0000000008000804       0x7c ./Core/Src/app.o
                0x0000000008000804                send_read_cmd
 .text.app_stop_motor
                0x0000000008000880       0x38 ./Core/Src/app.o
                0x0000000008000880                app_stop_motor
 .text.app_set_motor_speed
                0x00000000080008b8       0x4c ./Core/Src/app.o
                0x00000000080008b8                app_set_motor_speed
 .text.app_start_motor
                0x0000000008000904       0x38 ./Core/Src/app.o
                0x0000000008000904                app_start_motor
 .text.app_get_motor_info
                0x000000000800093c       0x38 ./Core/Src/app.o
                0x000000000800093c                app_get_motor_info
 .text.app_push_motor_byte
                0x0000000008000974       0x60 ./Core/Src/app.o
                0x0000000008000974                app_push_motor_byte
 .text.zero_motor_settings
                0x00000000080009d4       0x44 ./Core/Src/app.o
                0x00000000080009d4                zero_motor_settings
 .text.app_init
                0x0000000008000a18       0x28 ./Core/Src/app.o
                0x0000000008000a18                app_init
 .text.set_turn_on_func
                0x0000000008000a40       0x1c ./Core/Src/app.o
                0x0000000008000a40                set_turn_on_func
 .text.set_turn_off_func
                0x0000000008000a5c       0x1c ./Core/Src/app.o
                0x0000000008000a5c                set_turn_off_func
 .text.app_update_relays
                0x0000000008000a78      0x150 ./Core/Src/app.o
                0x0000000008000a78                app_update_relays
 .text._update_post_num
                0x0000000008000bc8       0x60 ./Core/Src/app.o
                0x0000000008000bc8                _update_post_num
 .text.recover_settings
                0x0000000008000c28       0x7c ./Core/Src/app.o
                0x0000000008000c28                recover_settings
 .text.write_settings
                0x0000000008000ca4       0x1a ./Core/Src/app.o
                0x0000000008000ca4                write_settings
 *fill*         0x0000000008000cbe        0x2 
 .text.get_post_num_str
                0x0000000008000cc0       0x10 ./Core/Src/app.o
                0x0000000008000cc0                get_post_num_str
 .text.get_post_num
                0x0000000008000cd0       0x14 ./Core/Src/app.o
                0x0000000008000cd0                get_post_num
 .text.get_motor
                0x0000000008000ce4       0x14 ./Core/Src/app.o
                0x0000000008000ce4                get_motor
 .text.get_connection_mode
                0x0000000008000cf8       0x14 ./Core/Src/app.o
                0x0000000008000cf8                get_connection_mode
 .text.set_post_num
                0x0000000008000d0c       0x60 ./Core/Src/app.o
                0x0000000008000d0c                set_post_num
 .text.set_motor
                0x0000000008000d6c       0x50 ./Core/Src/app.o
                0x0000000008000d6c                set_motor
 .text.set_connection_mode
                0x0000000008000dbc       0x50 ./Core/Src/app.o
                0x0000000008000dbc                set_connection_mode
 .text.set_rs485_write
                0x0000000008000e0c       0x1c ./Core/Src/app.o
                0x0000000008000e0c                set_rs485_write
 .text.set_app_send_data
                0x0000000008000e28       0x1c ./Core/Src/app.o
                0x0000000008000e28                set_app_send_data
 .text.set_tick_func
                0x0000000008000e44       0x1c ./Core/Src/app.o
                0x0000000008000e44                set_tick_func
 .text.int_to_hexchar
                0x0000000008000e60       0x2e ./Core/Src/app.o
                0x0000000008000e60                int_to_hexchar
 .text._copy_hex_from_byte_to_buf
                0x0000000008000e8e       0x54 ./Core/Src/app.o
                0x0000000008000e8e                _copy_hex_from_byte_to_buf
 *fill*         0x0000000008000ee2        0x2 
 .text.get_uid  0x0000000008000ee4       0x70 ./Core/Src/app.o
                0x0000000008000ee4                get_uid
 .text.set_state
                0x0000000008000f54       0x20 ./Core/Src/app.o
                0x0000000008000f54                set_state
 .text.app_process_cmd
                0x0000000008000f74      0x1c8 ./Core/Src/app.o
                0x0000000008000f74                app_process_cmd
 .text.app_decode_ping
                0x000000000800113c       0x4c ./Core/Src/app.o
                0x000000000800113c                app_decode_ping
 .text.process_char
                0x0000000008001188      0x440 ./Core/Src/app.o
                0x0000000008001188                process_char
 .text.init_relay_config
                0x00000000080015c8       0x82 ./Core/Src/app.o
                0x00000000080015c8                init_relay_config
 *fill*         0x000000000800164a        0x2 
 .text.app_decode_run
                0x000000000800164c      0x178 ./Core/Src/app.o
                0x000000000800164c                app_decode_run
 .text.app_apply_relays
                0x00000000080017c4      0x118 ./Core/Src/app.o
                0x00000000080017c4                app_apply_relays
 .text.app_decode_uid
                0x00000000080018dc       0x5c ./Core/Src/app.o
                0x00000000080018dc                app_decode_uid
 .text.app_decode_set
                0x0000000008001938       0xc0 ./Core/Src/app.o
                0x0000000008001938                app_decode_set
 .text.cp       0x00000000080019f8       0x7e ./Core/Src/app.o
                0x00000000080019f8                cp
 *fill*         0x0000000008001a76        0x2 
 .text.get_state
                0x0000000008001a78       0x54 ./Core/Src/app.o
                0x0000000008001a78                get_state
 .text.add_button
                0x0000000008001acc       0xa8 ./Core/Src/buttons.o
                0x0000000008001acc                add_button
 .text.init_buttons
                0x0000000008001b74       0x48 ./Core/Src/buttons.o
                0x0000000008001b74                init_buttons
 .text.update_button
                0x0000000008001bbc       0xbc ./Core/Src/buttons.o
                0x0000000008001bbc                update_button
 .text.set_cmd_crc
                0x0000000008001c78       0xd4 ./Core/Src/esq500modbus.o
                0x0000000008001c78                set_cmd_crc
 .text.esq_vars_init
                0x0000000008001d4c       0xec ./Core/Src/esq500modbus.o
                0x0000000008001d4c                esq_vars_init
 .text.start_motor_cmd
                0x0000000008001e38       0x10 ./Core/Src/esq500modbus.o
                0x0000000008001e38                start_motor_cmd
 .text.set_motor_speed_cmd
                0x0000000008001e48       0x60 ./Core/Src/esq500modbus.o
                0x0000000008001e48                set_motor_speed_cmd
 .text.read_motor_info_cmd
                0x0000000008001ea8       0x10 ./Core/Src/esq500modbus.o
                0x0000000008001ea8                read_motor_info_cmd
 .text.stop_motor_cmd
                0x0000000008001eb8       0x10 ./Core/Src/esq500modbus.o
                0x0000000008001eb8                stop_motor_cmd
 .text.esq_vars_init_770
                0x0000000008001ec8       0xec ./Core/Src/esq770modbus.o
                0x0000000008001ec8                esq_vars_init_770
 .text.start_motor_cmd_770
                0x0000000008001fb4       0x10 ./Core/Src/esq770modbus.o
                0x0000000008001fb4                start_motor_cmd_770
 .text.set_motor_speed_cmd_770
                0x0000000008001fc4       0x60 ./Core/Src/esq770modbus.o
                0x0000000008001fc4                set_motor_speed_cmd_770
 .text.read_motor_info_cmd_770
                0x0000000008002024       0x10 ./Core/Src/esq770modbus.o
                0x0000000008002024                read_motor_info_cmd_770
 .text.stop_motor_cmd_770
                0x0000000008002034       0x10 ./Core/Src/esq770modbus.o
                0x0000000008002034                stop_motor_cmd_770
 .text.SSD1306_DrawBitmap
                0x0000000008002044      0x13e ./Core/Src/gm009605.o
                0x0000000008002044                SSD1306_DrawBitmap
 *fill*         0x0000000008002182        0x2 
 .text.SSD1306_Init
                0x0000000008002184       0x98 ./Core/Src/gm009605.o
                0x0000000008002184                SSD1306_Init
 .text.SSD1306_UpdateScreen
                0x000000000800221c       0x68 ./Core/Src/gm009605.o
                0x000000000800221c                SSD1306_UpdateScreen
 .text.SSD1306_Fill
                0x0000000008002284       0x34 ./Core/Src/gm009605.o
                0x0000000008002284                SSD1306_Fill
 .text.SSD1306_Mirror
                0x00000000080022b8       0x34 ./Core/Src/gm009605.o
                0x00000000080022b8                SSD1306_Mirror
 .text.SSD1306_DrawPixel
                0x00000000080022ec      0x10c ./Core/Src/gm009605.o
                0x00000000080022ec                SSD1306_DrawPixel
 .text.SSD1306_GotoXY
                0x00000000080023f8       0x30 ./Core/Src/gm009605.o
                0x00000000080023f8                SSD1306_GotoXY
 .text.SSD1306_Putc
                0x0000000008002428      0x104 ./Core/Src/gm009605.o
                0x0000000008002428                SSD1306_Putc
 .text.SSD1306_Puts
                0x000000000800252c       0x4c ./Core/Src/gm009605.o
                0x000000000800252c                SSD1306_Puts
 .text.SSD1306_DrawLine
                0x0000000008002578      0x31e ./Core/Src/gm009605.o
                0x0000000008002578                SSD1306_DrawLine
 .text.SSD1306_DrawFilledRectangle
                0x0000000008002896       0xd8 ./Core/Src/gm009605.o
                0x0000000008002896                SSD1306_DrawFilledRectangle
 .text.SSD1306_Clear
                0x000000000800296e       0x10 ./Core/Src/gm009605.o
                0x000000000800296e                SSD1306_Clear
 .text.SSD1306_ON
                0x000000000800297e       0x28 ./Core/Src/gm009605.o
                0x000000000800297e                SSD1306_ON
 *fill*         0x00000000080029a6        0x2 
 .text.ssd1306_I2C_Init
                0x00000000080029a8       0x28 ./Core/Src/gm009605.o
                0x00000000080029a8                ssd1306_I2C_Init
 .text.ssd1306_I2C_WriteMulti
                0x00000000080029d0       0xd8 ./Core/Src/gm009605.o
                0x00000000080029d0                ssd1306_I2C_WriteMulti
 .text.ssd1306_I2C_Write
                0x0000000008002aa8       0x50 ./Core/Src/gm009605.o
                0x0000000008002aa8                ssd1306_I2C_Write
 .text.__NVIC_EnableIRQ
                0x0000000008002af8       0x34 ./Core/Src/main.o
 .text.send_usb
                0x0000000008002b2c       0x20 ./Core/Src/main.o
                0x0000000008002b2c                send_usb
 .text.send_rs485
                0x0000000008002b4c       0x20 ./Core/Src/main.o
                0x0000000008002b4c                send_rs485
 .text.void_os_delay
                0x0000000008002b6c       0x18 ./Core/Src/main.o
                0x0000000008002b6c                void_os_delay
 .text.main     0x0000000008002b84      0x1b4 ./Core/Src/main.o
                0x0000000008002b84                main
 .text.SystemClock_Config
                0x0000000008002d38       0xb4 ./Core/Src/main.o
                0x0000000008002d38                SystemClock_Config
 .text.MX_I2C1_Init
                0x0000000008002dec       0x80 ./Core/Src/main.o
 .text.MX_USART1_UART_Init
                0x0000000008002e6c       0x94 ./Core/Src/main.o
 .text.MX_USART2_UART_Init
                0x0000000008002f00       0x84 ./Core/Src/main.o
 .text.MX_GPIO_Init
                0x0000000008002f84      0x114 ./Core/Src/main.o
 .text.Start_command_reader
                0x0000000008003098       0x34 ./Core/Src/main.o
                0x0000000008003098                Start_command_reader
 .text.display_logo
                0x00000000080030cc       0x8c ./Core/Src/main.o
                0x00000000080030cc                display_logo
 .text.display_connection
                0x0000000008003158       0xc8 ./Core/Src/main.o
                0x0000000008003158                display_connection
 .text.display_post_num
                0x0000000008003220       0x68 ./Core/Src/main.o
                0x0000000008003220                display_post_num
 .text.display_motor_status
                0x0000000008003288      0x100 ./Core/Src/main.o
                0x0000000008003288                display_motor_status
 .text.Start_user_interface
                0x0000000008003388      0x1e8 ./Core/Src/main.o
                0x0000000008003388                Start_user_interface
 .text.main_menu_reset
                0x0000000008003570       0x50 ./Core/Src/main.o
                0x0000000008003570                main_menu_reset
 .text.start_animation
                0x00000000080035c0       0x72 ./Core/Src/main.o
                0x00000000080035c0                start_animation
 .text.Start_keys_switcher
                0x0000000008003632       0x48 ./Core/Src/main.o
                0x0000000008003632                Start_keys_switcher
 *fill*         0x000000000800367a        0x2 
 .text.Start_rs485_controller
                0x000000000800367c       0x20 ./Core/Src/main.o
                0x000000000800367c                Start_rs485_controller
 .text.HAL_TIM_PeriodElapsedCallback
                0x000000000800369c       0x24 ./Core/Src/main.o
                0x000000000800369c                HAL_TIM_PeriodElapsedCallback
 .text.Error_Handler
                0x00000000080036c0        0xa ./Core/Src/main.o
                0x00000000080036c0                Error_Handler
 *fill*         0x00000000080036ca        0x2 
 .text.turn_on  0x00000000080036cc       0x3c ./Core/Src/main.o
                0x00000000080036cc                turn_on
 .text.turn_off
                0x0000000008003708       0x3c ./Core/Src/main.o
                0x0000000008003708                turn_off
 .text.buttons_update
                0x0000000008003744       0x40 ./Core/Src/main.o
                0x0000000008003744                buttons_update
 .text.is_acceptable
                0x0000000008003784       0xbe ./Core/Src/main.o
                0x0000000008003784                is_acceptable
 *fill*         0x0000000008003842        0x2 
 .text.receive_cmd
                0x0000000008003844       0x98 ./Core/Src/main.o
                0x0000000008003844                receive_cmd
 .text.receive_motor1
                0x00000000080038dc       0x1e ./Core/Src/main.o
                0x00000000080038dc                receive_motor1
 *fill*         0x00000000080038fa        0x2 
 .text.is_clicked
                0x00000000080038fc       0x40 ./Core/Src/main.o
                0x00000000080038fc                is_clicked
 .text.is_dblclicked
                0x000000000800393c       0x50 ./Core/Src/main.o
                0x000000000800393c                is_dblclicked
 .text.menu_supervisor_init
                0x000000000800398c       0x2a ./Core/Src/menu.o
                0x000000000800398c                menu_supervisor_init
 .text.display_menu_supervisor
                0x00000000080039b6       0x26 ./Core/Src/menu.o
                0x00000000080039b6                display_menu_supervisor
 .text.menu_supervisor_up
                0x00000000080039dc       0xa8 ./Core/Src/menu.o
                0x00000000080039dc                menu_supervisor_up
 .text.menu_supervisor_down
                0x0000000008003a84       0x90 ./Core/Src/menu.o
                0x0000000008003a84                menu_supervisor_down
 .text.menu_supervisor_center
                0x0000000008003b14       0x42 ./Core/Src/menu.o
                0x0000000008003b14                menu_supervisor_center
 *fill*         0x0000000008003b56        0x2 
 .text.menu_init
                0x0000000008003b58       0xe4 ./Core/Src/menu.o
                0x0000000008003b58                menu_init
 .text.str_by_num
                0x0000000008003c3c       0x90 ./Core/Src/menu.o
                0x0000000008003c3c                str_by_num
 .text.init_test_menu
                0x0000000008003ccc       0x44 ./Core/Src/menu.o
                0x0000000008003ccc                init_test_menu
 .text.init_exit_menu
                0x0000000008003d10       0x44 ./Core/Src/menu.o
                0x0000000008003d10                init_exit_menu
 .text.init_post_number_menu
                0x0000000008003d54      0x1bc ./Core/Src/menu.o
                0x0000000008003d54                init_post_number_menu
 .text.init_mode_menu
                0x0000000008003f10      0x2c8 ./Core/Src/menu.o
                0x0000000008003f10                init_mode_menu
 .text.init_motors_menu
                0x00000000080041d8      0x398 ./Core/Src/menu.o
                0x00000000080041d8                init_motors_menu
 .text.display_menu_item
                0x0000000008004570      0x1b4 ./Core/Src/menu.o
                0x0000000008004570                display_menu_item
 .text.act_submenu_pos
                0x0000000008004724       0xa8 ./Core/Src/menu.o
                0x0000000008004724                act_submenu_pos
 .text.act_exit
                0x00000000080047cc       0x1a ./Core/Src/menu.o
                0x00000000080047cc                act_exit
 *fill*         0x00000000080047e6        0x2 
 .text.act_test_relays
                0x00000000080047e8       0x20 ./Core/Src/menu.o
                0x00000000080047e8                act_test_relays
 .text.act_goto_parent
                0x0000000008004808       0x90 ./Core/Src/menu.o
                0x0000000008004808                act_goto_parent
 .text.act_set_active
                0x0000000008004898       0x8a ./Core/Src/menu.o
                0x0000000008004898                act_set_active
 .text.act_goto_menu_aux
                0x0000000008004922       0x62 ./Core/Src/menu.o
                0x0000000008004922                act_goto_menu_aux
 .text.act_set_active_motor
                0x0000000008004984       0x88 ./Core/Src/menu.o
                0x0000000008004984                act_set_active_motor
 .text.act_set_active_mode
                0x0000000008004a0c       0x88 ./Core/Src/menu.o
                0x0000000008004a0c                act_set_active_mode
 .text.act_submenu_motor
                0x0000000008004a94       0xa2 ./Core/Src/menu.o
                0x0000000008004a94                act_submenu_motor
 .text.act_submenu_mode
                0x0000000008004b36       0xa2 ./Core/Src/menu.o
                0x0000000008004b36                act_submenu_mode
 .text.add_relay
                0x0000000008004bd8       0x46 ./Core/Src/relays.o
                0x0000000008004bd8                add_relay
 *fill*         0x0000000008004c1e        0x2 
 .text.init_gpio_entity
                0x0000000008004c20       0xb4 ./Core/Src/relays.o
                0x0000000008004c20                init_gpio_entity
 .text.HAL_MspInit
                0x0000000008004cd4       0x54 ./Core/Src/stm32f0xx_hal_msp.o
                0x0000000008004cd4                HAL_MspInit
 .text.HAL_I2C_MspInit
                0x0000000008004d28       0x9c ./Core/Src/stm32f0xx_hal_msp.o
                0x0000000008004d28                HAL_I2C_MspInit
 .text.HAL_UART_MspInit
                0x0000000008004dc4      0x18c ./Core/Src/stm32f0xx_hal_msp.o
                0x0000000008004dc4                HAL_UART_MspInit
 .text.HAL_InitTick
                0x0000000008004f50       0xb8 ./Core/Src/stm32f0xx_hal_timebase_tim.o
                0x0000000008004f50                HAL_InitTick
 .text.NMI_Handler
                0x0000000008005008        0x6 ./Core/Src/stm32f0xx_it.o
                0x0000000008005008                NMI_Handler
 .text.HardFault_Handler
                0x000000000800500e        0x6 ./Core/Src/stm32f0xx_it.o
                0x000000000800500e                HardFault_Handler
 .text.TIM6_IRQHandler
                0x0000000008005014       0x18 ./Core/Src/stm32f0xx_it.o
                0x0000000008005014                TIM6_IRQHandler
 .text.init_usart
                0x000000000800502c       0x34 ./Core/Src/stm32f0xx_it.o
                0x000000000800502c                init_usart
 .text.init_usarts
                0x0000000008005060       0x44 ./Core/Src/stm32f0xx_it.o
                0x0000000008005060                init_usarts
 .text.set_incoming_byte_handler
                0x00000000080050a4       0x34 ./Core/Src/stm32f0xx_it.o
                0x00000000080050a4                set_incoming_byte_handler
 .text.send_bytes
                0x00000000080050d8      0x100 ./Core/Src/stm32f0xx_it.o
                0x00000000080050d8                send_bytes
 .text.send_byte_from_buffer
                0x00000000080051d8       0x9c ./Core/Src/stm32f0xx_it.o
                0x00000000080051d8                send_byte_from_buffer
 .text.process_accepted_byte
                0x0000000008005274       0x34 ./Core/Src/stm32f0xx_it.o
                0x0000000008005274                process_accepted_byte
 .text.usart_sending_on
                0x00000000080052a8       0x1c ./Core/Src/stm32f0xx_it.o
                0x00000000080052a8                usart_sending_on
 .text.usart_sending_off
                0x00000000080052c4       0x2a ./Core/Src/stm32f0xx_it.o
                0x00000000080052c4                usart_sending_off
 *fill*         0x00000000080052ee        0x2 
 .text.set_rs_mode
                0x00000000080052f0       0x74 ./Core/Src/stm32f0xx_it.o
                0x00000000080052f0                set_rs_mode
 .text.default_usart_handler
                0x0000000008005364       0x7a ./Core/Src/stm32f0xx_it.o
                0x0000000008005364                default_usart_handler
 *fill*         0x00000000080053de        0x2 
 .text.flash_read
                0x00000000080053e0       0x1c ./Core/Src/stm32f0xx_it.o
                0x00000000080053e0                flash_read
 .text.flash_write
                0x00000000080053fc       0x60 ./Core/Src/stm32f0xx_it.o
                0x00000000080053fc                flash_write
 .text.USART1_IRQHandler
                0x000000000800545c       0x18 ./Core/Src/stm32f0xx_it.o
                0x000000000800545c                USART1_IRQHandler
 .text.USART2_IRQHandler
                0x0000000008005474       0x18 ./Core/Src/stm32f0xx_it.o
                0x0000000008005474                USART2_IRQHandler
 .text._getpid  0x000000000800548c        0xc ./Core/Src/syscalls.o
                0x000000000800548c                _getpid
 .text._kill    0x0000000008005498       0x20 ./Core/Src/syscalls.o
                0x0000000008005498                _kill
 .text._exit    0x00000000080054b8       0x18 ./Core/Src/syscalls.o
                0x00000000080054b8                _exit
 .text._read    0x00000000080054d0       0x3a ./Core/Src/syscalls.o
                0x00000000080054d0                _read
 .text._write   0x000000000800550a       0x38 ./Core/Src/syscalls.o
                0x000000000800550a                _write
 .text._close   0x0000000008005542       0x14 ./Core/Src/syscalls.o
                0x0000000008005542                _close
 .text._fstat   0x0000000008005556       0x1c ./Core/Src/syscalls.o
                0x0000000008005556                _fstat
 .text._isatty  0x0000000008005572       0x12 ./Core/Src/syscalls.o
                0x0000000008005572                _isatty
 .text._lseek   0x0000000008005584       0x16 ./Core/Src/syscalls.o
                0x0000000008005584                _lseek
 *fill*         0x000000000800559a        0x2 
 .text._sbrk    0x000000000800559c       0x6c ./Core/Src/sysmem.o
                0x000000000800559c                _sbrk
 .text.SystemInit
                0x0000000008005608        0xa ./Core/Src/system_stm32f0xx.o
                0x0000000008005608                SystemInit
 *fill*         0x0000000008005612        0x2 
 .text.Reset_Handler
                0x0000000008005614       0x50 ./Core/Startup/startup_stm32f070cbtx.o
                0x0000000008005614                Reset_Handler
 .text.Default_Handler
                0x0000000008005664        0x2 ./Core/Startup/startup_stm32f070cbtx.o
                0x0000000008005664                TIM1_CC_IRQHandler
                0x0000000008005664                I2C1_IRQHandler
                0x0000000008005664                SPI1_IRQHandler
                0x0000000008005664                USART3_4_IRQHandler
                0x0000000008005664                EXTI2_3_IRQHandler
                0x0000000008005664                ADC1_IRQHandler
                0x0000000008005664                I2C2_IRQHandler
                0x0000000008005664                TIM17_IRQHandler
                0x0000000008005664                RTC_IRQHandler
                0x0000000008005664                TIM16_IRQHandler
                0x0000000008005664                TIM3_IRQHandler
                0x0000000008005664                EXTI4_15_IRQHandler
                0x0000000008005664                RCC_IRQHandler
                0x0000000008005664                DMA1_Channel1_IRQHandler
                0x0000000008005664                Default_Handler
                0x0000000008005664                TIM14_IRQHandler
                0x0000000008005664                DMA1_Channel4_5_IRQHandler
                0x0000000008005664                TIM7_IRQHandler
                0x0000000008005664                TIM15_IRQHandler
                0x0000000008005664                EXTI0_1_IRQHandler
                0x0000000008005664                USB_IRQHandler
                0x0000000008005664                SPI2_IRQHandler
                0x0000000008005664                WWDG_IRQHandler
                0x0000000008005664                DMA1_Channel2_3_IRQHandler
                0x0000000008005664                FLASH_IRQHandler
                0x0000000008005664                TIM1_BRK_UP_TRG_COM_IRQHandler
 *fill*         0x0000000008005666        0x2 
 .text.HAL_Init
                0x0000000008005668       0x28 ./Drivers/STM32F0xx_HAL_Driver/Src/stm32f0xx_hal.o
                0x0000000008005668                HAL_Init
 .text.HAL_IncTick
                0x0000000008005690       0x24 ./Drivers/STM32F0xx_HAL_Driver/Src/stm32f0xx_hal.o
                0x0000000008005690                HAL_IncTick
 .text.HAL_GetTick
                0x00000000080056b4       0x14 ./Drivers/STM32F0xx_HAL_Driver/Src/stm32f0xx_hal.o
                0x00000000080056b4                HAL_GetTick
 .text.__NVIC_EnableIRQ
                0x00000000080056c8       0x34 ./Drivers/STM32F0xx_HAL_Driver/Src/stm32f0xx_hal_cortex.o
 .text.__NVIC_SetPriority
                0x00000000080056fc       0xdc ./Drivers/STM32F0xx_HAL_Driver/Src/stm32f0xx_hal_cortex.o
 .text.HAL_NVIC_SetPriority
                0x00000000080057d8       0x2a ./Drivers/STM32F0xx_HAL_Driver/Src/stm32f0xx_hal_cortex.o
                0x00000000080057d8                HAL_NVIC_SetPriority
 .text.HAL_NVIC_EnableIRQ
                0x0000000008005802       0x20 ./Drivers/STM32F0xx_HAL_Driver/Src/stm32f0xx_hal_cortex.o
                0x0000000008005802                HAL_NVIC_EnableIRQ
 *fill*         0x0000000008005822        0x2 
 .text.HAL_FLASH_Program
                0x0000000008005824      0x12c ./Drivers/STM32F0xx_HAL_Driver/Src/stm32f0xx_hal_flash.o
                0x0000000008005824                HAL_FLASH_Program
 .text.HAL_FLASH_Unlock
                0x0000000008005950       0x4c ./Drivers/STM32F0xx_HAL_Driver/Src/stm32f0xx_hal_flash.o
                0x0000000008005950                HAL_FLASH_Unlock
 .text.HAL_FLASH_Lock
                0x000000000800599c       0x1c ./Drivers/STM32F0xx_HAL_Driver/Src/stm32f0xx_hal_flash.o
                0x000000000800599c                HAL_FLASH_Lock
 .text.FLASH_Program_HalfWord
                0x00000000080059b8       0x38 ./Drivers/STM32F0xx_HAL_Driver/Src/stm32f0xx_hal_flash.o
 .text.FLASH_WaitForLastOperation
                0x00000000080059f0       0x80 ./Drivers/STM32F0xx_HAL_Driver/Src/stm32f0xx_hal_flash.o
                0x00000000080059f0                FLASH_WaitForLastOperation
 .text.FLASH_SetErrorCode
                0x0000000008005a70       0x60 ./Drivers/STM32F0xx_HAL_Driver/Src/stm32f0xx_hal_flash.o
 .text.HAL_FLASHEx_Erase
                0x0000000008005ad0       0xec ./Drivers/STM32F0xx_HAL_Driver/Src/stm32f0xx_hal_flash_ex.o
                0x0000000008005ad0                HAL_FLASHEx_Erase
 .text.FLASH_MassErase
                0x0000000008005bbc       0x30 ./Drivers/STM32F0xx_HAL_Driver/Src/stm32f0xx_hal_flash_ex.o
 .text.FLASH_PageErase
                0x0000000008005bec       0x3c ./Drivers/STM32F0xx_HAL_Driver/Src/stm32f0xx_hal_flash_ex.o
                0x0000000008005bec                FLASH_PageErase
 .text.HAL_GPIO_Init
                0x0000000008005c28      0x2e0 ./Drivers/STM32F0xx_HAL_Driver/Src/stm32f0xx_hal_gpio.o
                0x0000000008005c28                HAL_GPIO_Init
 .text.HAL_GPIO_ReadPin
                0x0000000008005f08       0x3a ./Drivers/STM32F0xx_HAL_Driver/Src/stm32f0xx_hal_gpio.o
                0x0000000008005f08                HAL_GPIO_ReadPin
 .text.HAL_GPIO_WritePin
                0x0000000008005f42       0x3a ./Drivers/STM32F0xx_HAL_Driver/Src/stm32f0xx_hal_gpio.o
                0x0000000008005f42                HAL_GPIO_WritePin
 .text.HAL_I2C_Init
                0x0000000008005f7c      0x12c ./Drivers/STM32F0xx_HAL_Driver/Src/stm32f0xx_hal_i2c.o
                0x0000000008005f7c                HAL_I2C_Init
 .text.HAL_I2C_Master_Transmit
                0x00000000080060a8      0x210 ./Drivers/STM32F0xx_HAL_Driver/Src/stm32f0xx_hal_i2c.o
                0x00000000080060a8                HAL_I2C_Master_Transmit
 .text.HAL_I2C_IsDeviceReady
                0x00000000080062b8      0x234 ./Drivers/STM32F0xx_HAL_Driver/Src/stm32f0xx_hal_i2c.o
                0x00000000080062b8                HAL_I2C_IsDeviceReady
 .text.I2C_Flush_TXDR
                0x00000000080064ec       0x44 ./Drivers/STM32F0xx_HAL_Driver/Src/stm32f0xx_hal_i2c.o
 .text.I2C_WaitOnFlagUntilTimeout
                0x0000000008006530       0x7e ./Drivers/STM32F0xx_HAL_Driver/Src/stm32f0xx_hal_i2c.o
 .text.I2C_WaitOnTXISFlagUntilTimeout
                0x00000000080065ae       0x7e ./Drivers/STM32F0xx_HAL_Driver/Src/stm32f0xx_hal_i2c.o
 .text.I2C_WaitOnSTOPFlagUntilTimeout
                0x000000000800662c       0x78 ./Drivers/STM32F0xx_HAL_Driver/Src/stm32f0xx_hal_i2c.o
 .text.I2C_IsAcknowledgeFailed
                0x00000000080066a4       0xcc ./Drivers/STM32F0xx_HAL_Driver/Src/stm32f0xx_hal_i2c.o
 .text.I2C_TransferConfig
                0x0000000008006770       0x6c ./Drivers/STM32F0xx_HAL_Driver/Src/stm32f0xx_hal_i2c.o
 .text.HAL_I2CEx_ConfigAnalogFilter
                0x00000000080067dc       0x98 ./Drivers/STM32F0xx_HAL_Driver/Src/stm32f0xx_hal_i2c_ex.o
                0x00000000080067dc                HAL_I2CEx_ConfigAnalogFilter
 .text.HAL_I2CEx_ConfigDigitalFilter
                0x0000000008006874       0x98 ./Drivers/STM32F0xx_HAL_Driver/Src/stm32f0xx_hal_i2c_ex.o
                0x0000000008006874                HAL_I2CEx_ConfigDigitalFilter
 .text.HAL_RCC_OscConfig
                0x000000000800690c      0x63c ./Drivers/STM32F0xx_HAL_Driver/Src/stm32f0xx_hal_rcc.o
                0x000000000800690c                HAL_RCC_OscConfig
 .text.HAL_RCC_ClockConfig
                0x0000000008006f48      0x19c ./Drivers/STM32F0xx_HAL_Driver/Src/stm32f0xx_hal_rcc.o
                0x0000000008006f48                HAL_RCC_ClockConfig
 .text.HAL_RCC_GetSysClockFreq
                0x00000000080070e4       0xcc ./Drivers/STM32F0xx_HAL_Driver/Src/stm32f0xx_hal_rcc.o
                0x00000000080070e4                HAL_RCC_GetSysClockFreq
 .text.HAL_RCC_GetHCLKFreq
                0x00000000080071b0       0x14 ./Drivers/STM32F0xx_HAL_Driver/Src/stm32f0xx_hal_rcc.o
                0x00000000080071b0                HAL_RCC_GetHCLKFreq
 .text.HAL_RCC_GetPCLK1Freq
                0x00000000080071c4       0x2c ./Drivers/STM32F0xx_HAL_Driver/Src/stm32f0xx_hal_rcc.o
                0x00000000080071c4                HAL_RCC_GetPCLK1Freq
 .text.HAL_RCC_GetClockConfig
                0x00000000080071f0       0x54 ./Drivers/STM32F0xx_HAL_Driver/Src/stm32f0xx_hal_rcc.o
                0x00000000080071f0                HAL_RCC_GetClockConfig
 .text.HAL_RCCEx_PeriphCLKConfig
                0x0000000008007244      0x1bc ./Drivers/STM32F0xx_HAL_Driver/Src/stm32f0xx_hal_rcc_ex.o
                0x0000000008007244                HAL_RCCEx_PeriphCLKConfig
 .text.HAL_TIM_Base_Init
                0x0000000008007400       0xa0 ./Drivers/STM32F0xx_HAL_Driver/Src/stm32f0xx_hal_tim.o
                0x0000000008007400                HAL_TIM_Base_Init
 .text.HAL_TIM_Base_MspInit
                0x00000000080074a0       0x10 ./Drivers/STM32F0xx_HAL_Driver/Src/stm32f0xx_hal_tim.o
                0x00000000080074a0                HAL_TIM_Base_MspInit
 .text.HAL_TIM_Base_Start_IT
                0x00000000080074b0       0x98 ./Drivers/STM32F0xx_HAL_Driver/Src/stm32f0xx_hal_tim.o
                0x00000000080074b0                HAL_TIM_Base_Start_IT
 .text.HAL_TIM_IRQHandler
                0x0000000008007548      0x22c ./Drivers/STM32F0xx_HAL_Driver/Src/stm32f0xx_hal_tim.o
                0x0000000008007548                HAL_TIM_IRQHandler
 .text.HAL_TIM_OC_DelayElapsedCallback
                0x0000000008007774       0x10 ./Drivers/STM32F0xx_HAL_Driver/Src/stm32f0xx_hal_tim.o
                0x0000000008007774                HAL_TIM_OC_DelayElapsedCallback
 .text.HAL_TIM_IC_CaptureCallback
                0x0000000008007784       0x10 ./Drivers/STM32F0xx_HAL_Driver/Src/stm32f0xx_hal_tim.o
                0x0000000008007784                HAL_TIM_IC_CaptureCallback
 .text.HAL_TIM_PWM_PulseFinishedCallback
                0x0000000008007794       0x10 ./Drivers/STM32F0xx_HAL_Driver/Src/stm32f0xx_hal_tim.o
                0x0000000008007794                HAL_TIM_PWM_PulseFinishedCallback
 .text.HAL_TIM_TriggerCallback
                0x00000000080077a4       0x10 ./Drivers/STM32F0xx_HAL_Driver/Src/stm32f0xx_hal_tim.o
                0x00000000080077a4                HAL_TIM_TriggerCallback
 .text.TIM_Base_SetConfig
                0x00000000080077b4       0xec ./Drivers/STM32F0xx_HAL_Driver/Src/stm32f0xx_hal_tim.o
                0x00000000080077b4                TIM_Base_SetConfig
 .text.HAL_TIMEx_CommutCallback
                0x00000000080078a0       0x10 ./Drivers/STM32F0xx_HAL_Driver/Src/stm32f0xx_hal_tim_ex.o
                0x00000000080078a0                HAL_TIMEx_CommutCallback
 .text.HAL_TIMEx_BreakCallback
                0x00000000080078b0       0x10 ./Drivers/STM32F0xx_HAL_Driver/Src/stm32f0xx_hal_tim_ex.o
                0x00000000080078b0                HAL_TIMEx_BreakCallback
 .text.UART_SetConfig
                0x00000000080078c0      0x2b0 ./Drivers/STM32F0xx_HAL_Driver/Src/stm32f0xx_hal_uart.o
                0x00000000080078c0                UART_SetConfig
 .text.UART_AdvFeatureConfig
                0x0000000008007b70      0x168 ./Drivers/STM32F0xx_HAL_Driver/Src/stm32f0xx_hal_uart.o
                0x0000000008007b70                UART_AdvFeatureConfig
 .text.UART_CheckIdleState
                0x0000000008007cd8       0x90 ./Drivers/STM32F0xx_HAL_Driver/Src/stm32f0xx_hal_uart.o
                0x0000000008007cd8                UART_CheckIdleState
 .text.UART_WaitOnFlagUntilTimeout
                0x0000000008007d68       0xfc ./Drivers/STM32F0xx_HAL_Driver/Src/stm32f0xx_hal_uart.o
                0x0000000008007d68                UART_WaitOnFlagUntilTimeout
 .text.HAL_RS485Ex_Init
                0x0000000008007e64       0xe0 ./Drivers/STM32F0xx_HAL_Driver/Src/stm32f0xx_hal_uart_ex.o
                0x0000000008007e64                HAL_RS485Ex_Init
 .text.osKernelInitialize
                0x0000000008007f44       0x58 ./Middlewares/Third_Party/FreeRTOS/Source/CMSIS_RTOS_V2/cmsis_os2.o
                0x0000000008007f44                osKernelInitialize
 .text.osKernelStart
                0x0000000008007f9c       0x5c ./Middlewares/Third_Party/FreeRTOS/Source/CMSIS_RTOS_V2/cmsis_os2.o
                0x0000000008007f9c                osKernelStart
 .text.osThreadNew
                0x0000000008007ff8      0x150 ./Middlewares/Third_Party/FreeRTOS/Source/CMSIS_RTOS_V2/cmsis_os2.o
                0x0000000008007ff8                osThreadNew
 .text.osDelay  0x0000000008008148       0x50 ./Middlewares/Third_Party/FreeRTOS/Source/CMSIS_RTOS_V2/cmsis_os2.o
                0x0000000008008148                osDelay
 .text.vApplicationGetIdleTaskMemory
                0x0000000008008198       0x30 ./Middlewares/Third_Party/FreeRTOS/Source/CMSIS_RTOS_V2/cmsis_os2.o
                0x0000000008008198                vApplicationGetIdleTaskMemory
 .text.vApplicationGetTimerTaskMemory
                0x00000000080081c8       0x30 ./Middlewares/Third_Party/FreeRTOS/Source/CMSIS_RTOS_V2/cmsis_os2.o
                0x00000000080081c8                vApplicationGetTimerTaskMemory
 .text.vListInitialise
                0x00000000080081f8       0x3c ./Middlewares/Third_Party/FreeRTOS/Source/list.o
                0x00000000080081f8                vListInitialise
 .text.vListInitialiseItem
                0x0000000008008234       0x16 ./Middlewares/Third_Party/FreeRTOS/Source/list.o
                0x0000000008008234                vListInitialiseItem
 .text.vListInsertEnd
                0x000000000800824a       0x44 ./Middlewares/Third_Party/FreeRTOS/Source/list.o
                0x000000000800824a                vListInsertEnd
 .text.vListInsert
                0x000000000800828e       0x6c ./Middlewares/Third_Party/FreeRTOS/Source/list.o
                0x000000000800828e                vListInsert
 .text.uxListRemove
                0x00000000080082fa       0x50 ./Middlewares/Third_Party/FreeRTOS/Source/list.o
                0x00000000080082fa                uxListRemove
 .text.xQueueGenericReset
                0x000000000800834a       0xa8 ./Middlewares/Third_Party/FreeRTOS/Source/queue.o
                0x000000000800834a                xQueueGenericReset
 .text.xQueueGenericCreateStatic
                0x00000000080083f2       0x96 ./Middlewares/Third_Party/FreeRTOS/Source/queue.o
                0x00000000080083f2                xQueueGenericCreateStatic
 .text.prvInitialiseNewQueue
                0x0000000008008488       0x4e ./Middlewares/Third_Party/FreeRTOS/Source/queue.o
 .text.xQueueGenericSend
                0x00000000080084d6      0x188 ./Middlewares/Third_Party/FreeRTOS/Source/queue.o
                0x00000000080084d6                xQueueGenericSend
 .text.xQueueGenericSendFromISR
                0x000000000800865e       0xe2 ./Middlewares/Third_Party/FreeRTOS/Source/queue.o
                0x000000000800865e                xQueueGenericSendFromISR
 .text.xQueueReceive
                0x0000000008008740      0x16a ./Middlewares/Third_Party/FreeRTOS/Source/queue.o
                0x0000000008008740                xQueueReceive
 .text.prvCopyDataToQueue
                0x00000000080088aa       0xd6 ./Middlewares/Third_Party/FreeRTOS/Source/queue.o
 .text.prvCopyDataFromQueue
                0x0000000008008980       0x4c ./Middlewares/Third_Party/FreeRTOS/Source/queue.o
 .text.prvUnlockQueue
                0x00000000080089cc       0xbc ./Middlewares/Third_Party/FreeRTOS/Source/queue.o
 .text.prvIsQueueEmpty
                0x0000000008008a88       0x2c ./Middlewares/Third_Party/FreeRTOS/Source/queue.o
 .text.prvIsQueueFull
                0x0000000008008ab4       0x30 ./Middlewares/Third_Party/FreeRTOS/Source/queue.o
 .text.vQueueAddToRegistry
                0x0000000008008ae4       0x50 ./Middlewares/Third_Party/FreeRTOS/Source/queue.o
                0x0000000008008ae4                vQueueAddToRegistry
 .text.vQueueWaitForMessageRestricted
                0x0000000008008b34       0x66 ./Middlewares/Third_Party/FreeRTOS/Source/queue.o
                0x0000000008008b34                vQueueWaitForMessageRestricted
 .text.xTaskCreateStatic
                0x0000000008008b9a       0x86 ./Middlewares/Third_Party/FreeRTOS/Source/tasks.o
                0x0000000008008b9a                xTaskCreateStatic
 .text.xTaskCreate
                0x0000000008008c20       0x98 ./Middlewares/Third_Party/FreeRTOS/Source/tasks.o
                0x0000000008008c20                xTaskCreate
 .text.prvInitialiseNewTask
                0x0000000008008cb8      0x104 ./Middlewares/Third_Party/FreeRTOS/Source/tasks.o
 .text.prvAddNewTaskToReadyList
                0x0000000008008dbc       0xd0 ./Middlewares/Third_Party/FreeRTOS/Source/tasks.o
 .text.vTaskDelay
                0x0000000008008e8c       0x4c ./Middlewares/Third_Party/FreeRTOS/Source/tasks.o
                0x0000000008008e8c                vTaskDelay
 .text.vTaskStartScheduler
                0x0000000008008ed8       0xa8 ./Middlewares/Third_Party/FreeRTOS/Source/tasks.o
                0x0000000008008ed8                vTaskStartScheduler
 .text.vTaskSuspendAll
                0x0000000008008f80       0x18 ./Middlewares/Third_Party/FreeRTOS/Source/tasks.o
                0x0000000008008f80                vTaskSuspendAll
 .text.xTaskResumeAll
                0x0000000008008f98      0x118 ./Middlewares/Third_Party/FreeRTOS/Source/tasks.o
                0x0000000008008f98                xTaskResumeAll
 .text.xTaskGetTickCount
                0x00000000080090b0       0x1c ./Middlewares/Third_Party/FreeRTOS/Source/tasks.o
                0x00000000080090b0                xTaskGetTickCount
 .text.xTaskIncrementTick
                0x00000000080090cc      0x168 ./Middlewares/Third_Party/FreeRTOS/Source/tasks.o
                0x00000000080090cc                xTaskIncrementTick
 .text.vTaskSwitchContext
                0x0000000008009234       0xa4 ./Middlewares/Third_Party/FreeRTOS/Source/tasks.o
                0x0000000008009234                vTaskSwitchContext
 .text.vTaskPlaceOnEventList
                0x00000000080092d8       0x3c ./Middlewares/Third_Party/FreeRTOS/Source/tasks.o
                0x00000000080092d8                vTaskPlaceOnEventList
 .text.vTaskPlaceOnEventListRestricted
                0x0000000008009314       0x4c ./Middlewares/Third_Party/FreeRTOS/Source/tasks.o
                0x0000000008009314                vTaskPlaceOnEventListRestricted
 .text.xTaskRemoveFromEventList
                0x0000000008009360       0xb8 ./Middlewares/Third_Party/FreeRTOS/Source/tasks.o
                0x0000000008009360                xTaskRemoveFromEventList
 .text.vTaskInternalSetTimeOutState
                0x0000000008009418       0x28 ./Middlewares/Third_Party/FreeRTOS/Source/tasks.o
                0x0000000008009418                vTaskInternalSetTimeOutState
 .text.xTaskCheckForTimeOut
                0x0000000008009440       0xa0 ./Middlewares/Third_Party/FreeRTOS/Source/tasks.o
                0x0000000008009440                xTaskCheckForTimeOut
 .text.vTaskMissedYield
                0x00000000080094e0       0x14 ./Middlewares/Third_Party/FreeRTOS/Source/tasks.o
                0x00000000080094e0                vTaskMissedYield
 .text.prvIdleTask
                0x00000000080094f4       0x20 ./Middlewares/Third_Party/FreeRTOS/Source/tasks.o
 .text.prvInitialiseTaskLists
                0x0000000008009514       0x88 ./Middlewares/Third_Party/FreeRTOS/Source/tasks.o
 .text.prvCheckTasksWaitingTermination
                0x000000000800959c       0x5c ./Middlewares/Third_Party/FreeRTOS/Source/tasks.o
 .text.prvDeleteTCB
                0x00000000080095f8       0x50 ./Middlewares/Third_Party/FreeRTOS/Source/tasks.o
 .text.prvResetNextTaskUnblockTime
                0x0000000008009648       0x48 ./Middlewares/Third_Party/FreeRTOS/Source/tasks.o
 .text.xTaskGetSchedulerState
                0x0000000008009690       0x38 ./Middlewares/Third_Party/FreeRTOS/Source/tasks.o
                0x0000000008009690                xTaskGetSchedulerState
 .text.xTaskPriorityDisinherit
                0x00000000080096c8       0xb8 ./Middlewares/Third_Party/FreeRTOS/Source/tasks.o
                0x00000000080096c8                xTaskPriorityDisinherit
 .text.prvAddCurrentTaskToDelayedList
                0x0000000008009780       0xa8 ./Middlewares/Third_Party/FreeRTOS/Source/tasks.o
 .text.xTimerCreateTimerTask
                0x0000000008009828       0x7c ./Middlewares/Third_Party/FreeRTOS/Source/timers.o
                0x0000000008009828                xTimerCreateTimerTask
 .text.xTimerGenericCommand
                0x00000000080098a4       0x94 ./Middlewares/Third_Party/FreeRTOS/Source/timers.o
                0x00000000080098a4                xTimerGenericCommand
 .text.prvProcessExpiredTimer
                0x0000000008009938       0x70 ./Middlewares/Third_Party/FreeRTOS/Source/timers.o
 .text.prvTimerTask
                0x00000000080099a8       0x28 ./Middlewares/Third_Party/FreeRTOS/Source/timers.o
 .text.prvProcessTimerOrBlockTask
                0x00000000080099d0       0x8c ./Middlewares/Third_Party/FreeRTOS/Source/timers.o
 .text.prvGetNextExpireTime
                0x0000000008009a5c       0x40 ./Middlewares/Third_Party/FreeRTOS/Source/timers.o
 .text.prvSampleTimeNow
                0x0000000008009a9c       0x40 ./Middlewares/Third_Party/FreeRTOS/Source/timers.o
 .text.prvInsertTimerInActiveList
                0x0000000008009adc       0x84 ./Middlewares/Third_Party/FreeRTOS/Source/timers.o
 .text.prvProcessReceivedCommands
                0x0000000008009b60      0x130 ./Middlewares/Third_Party/FreeRTOS/Source/timers.o
 .text.prvSwitchTimerLists
                0x0000000008009c90       0xb4 ./Middlewares/Third_Party/FreeRTOS/Source/timers.o
 .text.prvCheckForValidListAndQueue
                0x0000000008009d44       0x84 ./Middlewares/Third_Party/FreeRTOS/Source/timers.o
 .text.pxPortInitialiseStack
                0x0000000008009dc8       0x54 ./Middlewares/Third_Party/FreeRTOS/Source/portable/GCC/ARM_CM0/port.o
                0x0000000008009dc8                pxPortInitialiseStack
 .text.prvTaskExitError
                0x0000000008009e1c       0x30 ./Middlewares/Third_Party/FreeRTOS/Source/portable/GCC/ARM_CM0/port.o
 .text.SVC_Handler
                0x0000000008009e4c        0xa ./Middlewares/Third_Party/FreeRTOS/Source/portable/GCC/ARM_CM0/port.o
                0x0000000008009e4c                SVC_Handler
 *fill*         0x0000000008009e56        0xa 
 .text.vPortStartFirstTask
                0x0000000008009e60       0x38 ./Middlewares/Third_Party/FreeRTOS/Source/portable/GCC/ARM_CM0/port.o
 .text.xPortStartScheduler
                0x0000000008009e98       0x48 ./Middlewares/Third_Party/FreeRTOS/Source/portable/GCC/ARM_CM0/port.o
                0x0000000008009e98                xPortStartScheduler
 .text.vPortYield
                0x0000000008009ee0       0x20 ./Middlewares/Third_Party/FreeRTOS/Source/portable/GCC/ARM_CM0/port.o
                0x0000000008009ee0                vPortYield
 .text.vPortEnterCritical
                0x0000000008009f00       0x24 ./Middlewares/Third_Party/FreeRTOS/Source/portable/GCC/ARM_CM0/port.o
                0x0000000008009f00                vPortEnterCritical
 .text.vPortExitCritical
                0x0000000008009f24       0x30 ./Middlewares/Third_Party/FreeRTOS/Source/portable/GCC/ARM_CM0/port.o
                0x0000000008009f24                vPortExitCritical
 .text.ulSetInterruptMaskFromISR
                0x0000000008009f54        0xc ./Middlewares/Third_Party/FreeRTOS/Source/portable/GCC/ARM_CM0/port.o
                0x0000000008009f54                ulSetInterruptMaskFromISR
 .text.vClearInterruptMaskFromISR
                0x0000000008009f60        0x8 ./Middlewares/Third_Party/FreeRTOS/Source/portable/GCC/ARM_CM0/port.o
                0x0000000008009f60                vClearInterruptMaskFromISR
 *fill*         0x0000000008009f68        0x8 
 .text.PendSV_Handler
                0x0000000008009f70       0x48 ./Middlewares/Third_Party/FreeRTOS/Source/portable/GCC/ARM_CM0/port.o
                0x0000000008009f70                PendSV_Handler
 .text.SysTick_Handler
                0x0000000008009fb8       0x34 ./Middlewares/Third_Party/FreeRTOS/Source/portable/GCC/ARM_CM0/port.o
                0x0000000008009fb8                SysTick_Handler
 .text.prvSetupTimerInterrupt
                0x0000000008009fec       0x44 ./Middlewares/Third_Party/FreeRTOS/Source/portable/GCC/ARM_CM0/port.o
 .text.pvPortMalloc
                0x000000000800a030      0x14c ./Middlewares/Third_Party/FreeRTOS/Source/portable/MemMang/heap_4.o
                0x000000000800a030                pvPortMalloc
 .text.vPortFree
                0x000000000800a17c       0x90 ./Middlewares/Third_Party/FreeRTOS/Source/portable/MemMang/heap_4.o
                0x000000000800a17c                vPortFree
 .text.prvHeapInit
                0x000000000800a20c       0xc0 ./Middlewares/Third_Party/FreeRTOS/Source/portable/MemMang/heap_4.o
 .text.prvInsertBlockIntoFreeList
                0x000000000800a2cc       0xb0 ./Middlewares/Third_Party/FreeRTOS/Source/portable/MemMang/heap_4.o
 .text.malloc   0x000000000800a37c       0x14 /opt/st/stm32cubeide_1.13.2/plugins/com.st.stm32cube.ide.mcu.externaltools.gnu-tools-for-stm32.11.3.rel1.linux64_1.1.1.202309131626/tools/bin/../lib/gcc/arm-none-eabi/11.3.1/../../../../arm-none-eabi/lib/thumb/v6-m/nofp/libc_nano.a(libc_a-malloc.o)
                0x000000000800a37c                malloc
 .text.sbrk_aligned
                0x000000000800a390       0x44 /opt/st/stm32cubeide_1.13.2/plugins/com.st.stm32cube.ide.mcu.externaltools.gnu-tools-for-stm32.11.3.rel1.linux64_1.1.1.202309131626/tools/bin/../lib/gcc/arm-none-eabi/11.3.1/../../../../arm-none-eabi/lib/thumb/v6-m/nofp/libc_nano.a(libc_a-mallocr.o)
 .text._malloc_r
                0x000000000800a3d4      0x104 /opt/st/stm32cubeide_1.13.2/plugins/com.st.stm32cube.ide.mcu.externaltools.gnu-tools-for-stm32.11.3.rel1.linux64_1.1.1.202309131626/tools/bin/../lib/gcc/arm-none-eabi/11.3.1/../../../../arm-none-eabi/lib/thumb/v6-m/nofp/libc_nano.a(libc_a-mallocr.o)
                0x000000000800a3d4                _malloc_r
 .text.__malloc_lock
                0x000000000800a4d8       0x10 /opt/st/stm32cubeide_1.13.2/plugins/com.st.stm32cube.ide.mcu.externaltools.gnu-tools-for-stm32.11.3.rel1.linux64_1.1.1.202309131626/tools/bin/../lib/gcc/arm-none-eabi/11.3.1/../../../../arm-none-eabi/lib/thumb/v6-m/nofp/libc_nano.a(libc_a-mlock.o)
                0x000000000800a4d8                __malloc_lock
 .text.__malloc_unlock
                0x000000000800a4e8       0x10 /opt/st/stm32cubeide_1.13.2/plugins/com.st.stm32cube.ide.mcu.externaltools.gnu-tools-for-stm32.11.3.rel1.linux64_1.1.1.202309131626/tools/bin/../lib/gcc/arm-none-eabi/11.3.1/../../../../arm-none-eabi/lib/thumb/v6-m/nofp/libc_nano.a(libc_a-mlock.o)
                0x000000000800a4e8                __malloc_unlock
 .text.rand     0x000000000800a4f8       0x7c /opt/st/stm32cubeide_1.13.2/plugins/com.st.stm32cube.ide.mcu.externaltools.gnu-tools-for-stm32.11.3.rel1.linux64_1.1.1.202309131626/tools/bin/../lib/gcc/arm-none-eabi/11.3.1/../../../../arm-none-eabi/lib/thumb/v6-m/nofp/libc_nano.a(libc_a-rand.o)
                0x000000000800a4f8                rand
 .text.std      0x000000000800a574       0x6c /opt/st/stm32cubeide_1.13.2/plugins/com.st.stm32cube.ide.mcu.externaltools.gnu-tools-for-stm32.11.3.rel1.linux64_1.1.1.202309131626/tools/bin/../lib/gcc/arm-none-eabi/11.3.1/../../../../arm-none-eabi/lib/thumb/v6-m/nofp/libc_nano.a(libc_a-findfp.o)
 .text.stdio_exit_handler
                0x000000000800a5e0       0x1c /opt/st/stm32cubeide_1.13.2/plugins/com.st.stm32cube.ide.mcu.externaltools.gnu-tools-for-stm32.11.3.rel1.linux64_1.1.1.202309131626/tools/bin/../lib/gcc/arm-none-eabi/11.3.1/../../../../arm-none-eabi/lib/thumb/v6-m/nofp/libc_nano.a(libc_a-findfp.o)
 .text.cleanup_stdio
                0x000000000800a5fc       0x3c /opt/st/stm32cubeide_1.13.2/plugins/com.st.stm32cube.ide.mcu.externaltools.gnu-tools-for-stm32.11.3.rel1.linux64_1.1.1.202309131626/tools/bin/../lib/gcc/arm-none-eabi/11.3.1/../../../../arm-none-eabi/lib/thumb/v6-m/nofp/libc_nano.a(libc_a-findfp.o)
 .text.global_stdio_init.part.0
                0x000000000800a638       0x3c /opt/st/stm32cubeide_1.13.2/plugins/com.st.stm32cube.ide.mcu.externaltools.gnu-tools-for-stm32.11.3.rel1.linux64_1.1.1.202309131626/tools/bin/../lib/gcc/arm-none-eabi/11.3.1/../../../../arm-none-eabi/lib/thumb/v6-m/nofp/libc_nano.a(libc_a-findfp.o)
 .text.__sfp_lock_acquire
                0x000000000800a674       0x10 /opt/st/stm32cubeide_1.13.2/plugins/com.st.stm32cube.ide.mcu.externaltools.gnu-tools-for-stm32.11.3.rel1.linux64_1.1.1.202309131626/tools/bin/../lib/gcc/arm-none-eabi/11.3.1/../../../../arm-none-eabi/lib/thumb/v6-m/nofp/libc_nano.a(libc_a-findfp.o)
                0x000000000800a674                __sfp_lock_acquire
 .text.__sfp_lock_release
                0x000000000800a684       0x10 /opt/st/stm32cubeide_1.13.2/plugins/com.st.stm32cube.ide.mcu.externaltools.gnu-tools-for-stm32.11.3.rel1.linux64_1.1.1.202309131626/tools/bin/../lib/gcc/arm-none-eabi/11.3.1/../../../../arm-none-eabi/lib/thumb/v6-m/nofp/libc_nano.a(libc_a-findfp.o)
                0x000000000800a684                __sfp_lock_release
 .text.__sinit  0x000000000800a694       0x30 /opt/st/stm32cubeide_1.13.2/plugins/com.st.stm32cube.ide.mcu.externaltools.gnu-tools-for-stm32.11.3.rel1.linux64_1.1.1.202309131626/tools/bin/../lib/gcc/arm-none-eabi/11.3.1/../../../../arm-none-eabi/lib/thumb/v6-m/nofp/libc_nano.a(libc_a-findfp.o)
                0x000000000800a694                __sinit
 .text._fwalk_sglue
                0x000000000800a6c4       0x38 /opt/st/stm32cubeide_1.13.2/plugins/com.st.stm32cube.ide.mcu.externaltools.gnu-tools-for-stm32.11.3.rel1.linux64_1.1.1.202309131626/tools/bin/../lib/gcc/arm-none-eabi/11.3.1/../../../../arm-none-eabi/lib/thumb/v6-m/nofp/libc_nano.a(libc_a-fwalk.o)
                0x000000000800a6c4                _fwalk_sglue
 .text.__sread  0x000000000800a6fc       0x28 /opt/st/stm32cubeide_1.13.2/plugins/com.st.stm32cube.ide.mcu.externaltools.gnu-tools-for-stm32.11.3.rel1.linux64_1.1.1.202309131626/tools/bin/../lib/gcc/arm-none-eabi/11.3.1/../../../../arm-none-eabi/lib/thumb/v6-m/nofp/libc_nano.a(libc_a-stdio.o)
                0x000000000800a6fc                __sread
 .text.__swrite
                0x000000000800a724       0x38 /opt/st/stm32cubeide_1.13.2/plugins/com.st.stm32cube.ide.mcu.externaltools.gnu-tools-for-stm32.11.3.rel1.linux64_1.1.1.202309131626/tools/bin/../lib/gcc/arm-none-eabi/11.3.1/../../../../arm-none-eabi/lib/thumb/v6-m/nofp/libc_nano.a(libc_a-stdio.o)
                0x000000000800a724                __swrite
 .text.__sseek  0x000000000800a75c       0x2c /opt/st/stm32cubeide_1.13.2/plugins/com.st.stm32cube.ide.mcu.externaltools.gnu-tools-for-stm32.11.3.rel1.linux64_1.1.1.202309131626/tools/bin/../lib/gcc/arm-none-eabi/11.3.1/../../../../arm-none-eabi/lib/thumb/v6-m/nofp/libc_nano.a(libc_a-stdio.o)
                0x000000000800a75c                __sseek
 .text.__sclose
                0x000000000800a788        0xc /opt/st/stm32cubeide_1.13.2/plugins/com.st.stm32cube.ide.mcu.externaltools.gnu-tools-for-stm32.11.3.rel1.linux64_1.1.1.202309131626/tools/bin/../lib/gcc/arm-none-eabi/11.3.1/../../../../arm-none-eabi/lib/thumb/v6-m/nofp/libc_nano.a(libc_a-stdio.o)
                0x000000000800a788                __sclose
 .text.memset   0x000000000800a794       0x10 /opt/st/stm32cubeide_1.13.2/plugins/com.st.stm32cube.ide.mcu.externaltools.gnu-tools-for-stm32.11.3.rel1.linux64_1.1.1.202309131626/tools/bin/../lib/gcc/arm-none-eabi/11.3.1/../../../../arm-none-eabi/lib/thumb/v6-m/nofp/libc_nano.a(libc_a-memset.o)
                0x000000000800a794                memset
 .text._close_r
                0x000000000800a7a4       0x24 /opt/st/stm32cubeide_1.13.2/plugins/com.st.stm32cube.ide.mcu.externaltools.gnu-tools-for-stm32.11.3.rel1.linux64_1.1.1.202309131626/tools/bin/../lib/gcc/arm-none-eabi/11.3.1/../../../../arm-none-eabi/lib/thumb/v6-m/nofp/libc_nano.a(libc_a-closer.o)
                0x000000000800a7a4                _close_r
 .text._lseek_r
                0x000000000800a7c8       0x28 /opt/st/stm32cubeide_1.13.2/plugins/com.st.stm32cube.ide.mcu.externaltools.gnu-tools-for-stm32.11.3.rel1.linux64_1.1.1.202309131626/tools/bin/../lib/gcc/arm-none-eabi/11.3.1/../../../../arm-none-eabi/lib/thumb/v6-m/nofp/libc_nano.a(libc_a-lseekr.o)
                0x000000000800a7c8                _lseek_r
 .text._read_r  0x000000000800a7f0       0x28 /opt/st/stm32cubeide_1.13.2/plugins/com.st.stm32cube.ide.mcu.externaltools.gnu-tools-for-stm32.11.3.rel1.linux64_1.1.1.202309131626/tools/bin/../lib/gcc/arm-none-eabi/11.3.1/../../../../arm-none-eabi/lib/thumb/v6-m/nofp/libc_nano.a(libc_a-readr.o)
                0x000000000800a7f0                _read_r
 .text._sbrk_r  0x000000000800a818       0x24 /opt/st/stm32cubeide_1.13.2/plugins/com.st.stm32cube.ide.mcu.externaltools.gnu-tools-for-stm32.11.3.rel1.linux64_1.1.1.202309131626/tools/bin/../lib/gcc/arm-none-eabi/11.3.1/../../../../arm-none-eabi/lib/thumb/v6-m/nofp/libc_nano.a(libc_a-sbrkr.o)
                0x000000000800a818                _sbrk_r
 .text._write_r
                0x000000000800a83c       0x28 /opt/st/stm32cubeide_1.13.2/plugins/com.st.stm32cube.ide.mcu.externaltools.gnu-tools-for-stm32.11.3.rel1.linux64_1.1.1.202309131626/tools/bin/../lib/gcc/arm-none-eabi/11.3.1/../../../../arm-none-eabi/lib/thumb/v6-m/nofp/libc_nano.a(libc_a-writer.o)
                0x000000000800a83c                _write_r
 .text.__errno  0x000000000800a864        0xc /opt/st/stm32cubeide_1.13.2/plugins/com.st.stm32cube.ide.mcu.externaltools.gnu-tools-for-stm32.11.3.rel1.linux64_1.1.1.202309131626/tools/bin/../lib/gcc/arm-none-eabi/11.3.1/../../../../arm-none-eabi/lib/thumb/v6-m/nofp/libc_nano.a(libc_a-errno.o)
                0x000000000800a864                __errno
 .text.__libc_init_array
                0x000000000800a870       0x48 /opt/st/stm32cubeide_1.13.2/plugins/com.st.stm32cube.ide.mcu.externaltools.gnu-tools-for-stm32.11.3.rel1.linux64_1.1.1.202309131626/tools/bin/../lib/gcc/arm-none-eabi/11.3.1/../../../../arm-none-eabi/lib/thumb/v6-m/nofp/libc_nano.a(libc_a-init.o)
                0x000000000800a870                __libc_init_array
 .text.__retarget_lock_init_recursive
                0x000000000800a8b8        0x2 /opt/st/stm32cubeide_1.13.2/plugins/com.st.stm32cube.ide.mcu.externaltools.gnu-tools-for-stm32.11.3.rel1.linux64_1.1.1.202309131626/tools/bin/../lib/gcc/arm-none-eabi/11.3.1/../../../../arm-none-eabi/lib/thumb/v6-m/nofp/libc_nano.a(libc_a-lock.o)
                0x000000000800a8b8                __retarget_lock_init_recursive
 .text.__retarget_lock_acquire_recursive
                0x000000000800a8ba        0x2 /opt/st/stm32cubeide_1.13.2/plugins/com.st.stm32cube.ide.mcu.externaltools.gnu-tools-for-stm32.11.3.rel1.linux64_1.1.1.202309131626/tools/bin/../lib/gcc/arm-none-eabi/11.3.1/../../../../arm-none-eabi/lib/thumb/v6-m/nofp/libc_nano.a(libc_a-lock.o)
                0x000000000800a8ba                __retarget_lock_acquire_recursive
 .text.__retarget_lock_release_recursive
                0x000000000800a8bc        0x2 /opt/st/stm32cubeide_1.13.2/plugins/com.st.stm32cube.ide.mcu.externaltools.gnu-tools-for-stm32.11.3.rel1.linux64_1.1.1.202309131626/tools/bin/../lib/gcc/arm-none-eabi/11.3.1/../../../../arm-none-eabi/lib/thumb/v6-m/nofp/libc_nano.a(libc_a-lock.o)
                0x000000000800a8bc                __retarget_lock_release_recursive
 .text.memcpy   0x000000000800a8be       0x12 /opt/st/stm32cubeide_1.13.2/plugins/com.st.stm32cube.ide.mcu.externaltools.gnu-tools-for-stm32.11.3.rel1.linux64_1.1.1.202309131626/tools/bin/../lib/gcc/arm-none-eabi/11.3.1/../../../../arm-none-eabi/lib/thumb/v6-m/nofp/libc_nano.a(libc_a-memcpy-stub.o)
                0x000000000800a8be                memcpy
 .text.__assert_func
                0x000000000800a8d0       0x3c /opt/st/stm32cubeide_1.13.2/plugins/com.st.stm32cube.ide.mcu.externaltools.gnu-tools-for-stm32.11.3.rel1.linux64_1.1.1.202309131626/tools/bin/../lib/gcc/arm-none-eabi/11.3.1/../../../../arm-none-eabi/lib/thumb/v6-m/nofp/libc_nano.a(libc_a-assert.o)
                0x000000000800a8d0                __assert_func
 .text._free_r  0x000000000800a90c       0x94 /opt/st/stm32cubeide_1.13.2/plugins/com.st.stm32cube.ide.mcu.externaltools.gnu-tools-for-stm32.11.3.rel1.linux64_1.1.1.202309131626/tools/bin/../lib/gcc/arm-none-eabi/11.3.1/../../../../arm-none-eabi/lib/thumb/v6-m/nofp/libc_nano.a(libc_a-freer.o)
                0x000000000800a90c                _free_r
 .text.__sflush_r
                0x000000000800a9a0      0x114 /opt/st/stm32cubeide_1.13.2/plugins/com.st.stm32cube.ide.mcu.externaltools.gnu-tools-for-stm32.11.3.rel1.linux64_1.1.1.202309131626/tools/bin/../lib/gcc/arm-none-eabi/11.3.1/../../../../arm-none-eabi/lib/thumb/v6-m/nofp/libc_nano.a(libc_a-fflush.o)
                0x000000000800a9a0                __sflush_r
 .text._fflush_r
                0x000000000800aab4       0x56 /opt/st/stm32cubeide_1.13.2/plugins/com.st.stm32cube.ide.mcu.externaltools.gnu-tools-for-stm32.11.3.rel1.linux64_1.1.1.202309131626/tools/bin/../lib/gcc/arm-none-eabi/11.3.1/../../../../arm-none-eabi/lib/thumb/v6-m/nofp/libc_nano.a(libc_a-fflush.o)
                0x000000000800aab4                _fflush_r
 *fill*         0x000000000800ab0a        0x2 
 .text.fprintf  0x000000000800ab0c       0x20 /opt/st/stm32cubeide_1.13.2/plugins/com.st.stm32cube.ide.mcu.externaltools.gnu-tools-for-stm32.11.3.rel1.linux64_1.1.1.202309131626/tools/bin/../lib/gcc/arm-none-eabi/11.3.1/../../../../arm-none-eabi/lib/thumb/v6-m/nofp/libc_nano.a(libc_a-fprintf.o)
                0x000000000800ab0c                fprintf
                0x000000000800ab0c                fiprintf
 .text.abort    0x000000000800ab2c        0xe /opt/st/stm32cubeide_1.13.2/plugins/com.st.stm32cube.ide.mcu.externaltools.gnu-tools-for-stm32.11.3.rel1.linux64_1.1.1.202309131626/tools/bin/../lib/gcc/arm-none-eabi/11.3.1/../../../../arm-none-eabi/lib/thumb/v6-m/nofp/libc_nano.a(libc_a-abort.o)
                0x000000000800ab2c                abort
 .text.__sfputc_r
                0x000000000800ab3a       0x2a /opt/st/stm32cubeide_1.13.2/plugins/com.st.stm32cube.ide.mcu.externaltools.gnu-tools-for-stm32.11.3.rel1.linux64_1.1.1.202309131626/tools/bin/../lib/gcc/arm-none-eabi/11.3.1/../../../../arm-none-eabi/lib/thumb/v6-m/nofp/libc_nano.a(libc_a-nano-vfprintf.o)
 .text.__sfputs_r
                0x000000000800ab64       0x24 /opt/st/stm32cubeide_1.13.2/plugins/com.st.stm32cube.ide.mcu.externaltools.gnu-tools-for-stm32.11.3.rel1.linux64_1.1.1.202309131626/tools/bin/../lib/gcc/arm-none-eabi/11.3.1/../../../../arm-none-eabi/lib/thumb/v6-m/nofp/libc_nano.a(libc_a-nano-vfprintf.o)
                0x000000000800ab64                __sfputs_r
 .text._vfprintf_r
                0x000000000800ab88      0x238 /opt/st/stm32cubeide_1.13.2/plugins/com.st.stm32cube.ide.mcu.externaltools.gnu-tools-for-stm32.11.3.rel1.linux64_1.1.1.202309131626/tools/bin/../lib/gcc/arm-none-eabi/11.3.1/../../../../arm-none-eabi/lib/thumb/v6-m/nofp/libc_nano.a(libc_a-nano-vfprintf.o)
                0x000000000800ab88                _vfiprintf_r
                0x000000000800ab88                _vfprintf_r
 .text._printf_common
                0x000000000800adc0       0xde /opt/st/stm32cubeide_1.13.2/plugins/com.st.stm32cube.ide.mcu.externaltools.gnu-tools-for-stm32.11.3.rel1.linux64_1.1.1.202309131626/tools/bin/../lib/gcc/arm-none-eabi/11.3.1/../../../../arm-none-eabi/lib/thumb/v6-m/nofp/libc_nano.a(libc_a-nano-vfprintf_i.o)
                0x000000000800adc0                _printf_common
 *fill*         0x000000000800ae9e        0x2 
 .text._printf_i
                0x000000000800aea0      0x220 /opt/st/stm32cubeide_1.13.2/plugins/com.st.stm32cube.ide.mcu.externaltools.gnu-tools-for-stm32.11.3.rel1.linux64_1.1.1.202309131626/tools/bin/../lib/gcc/arm-none-eabi/11.3.1/../../../../arm-none-eabi/lib/thumb/v6-m/nofp/libc_nano.a(libc_a-nano-vfprintf_i.o)
                0x000000000800aea0                _printf_i
 .text.__swbuf_r
                0x000000000800b0c0       0x84 /opt/st/stm32cubeide_1.13.2/plugins/com.st.stm32cube.ide.mcu.externaltools.gnu-tools-for-stm32.11.3.rel1.linux64_1.1.1.202309131626/tools/bin/../lib/gcc/arm-none-eabi/11.3.1/../../../../arm-none-eabi/lib/thumb/v6-m/nofp/libc_nano.a(libc_a-wbuf.o)
                0x000000000800b0c0                __swbuf_r
 .text.__swsetup_r
                0x000000000800b144       0xc8 /opt/st/stm32cubeide_1.13.2/plugins/com.st.stm32cube.ide.mcu.externaltools.gnu-tools-for-stm32.11.3.rel1.linux64_1.1.1.202309131626/tools/bin/../lib/gcc/arm-none-eabi/11.3.1/../../../../arm-none-eabi/lib/thumb/v6-m/nofp/libc_nano.a(libc_a-wsetup.o)
                0x000000000800b144                __swsetup_r
 .text._raise_r
                0x000000000800b20c       0x54 /opt/st/stm32cubeide_1.13.2/plugins/com.st.stm32cube.ide.mcu.externaltools.gnu-tools-for-stm32.11.3.rel1.linux64_1.1.1.202309131626/tools/bin/../lib/gcc/arm-none-eabi/11.3.1/../../../../arm-none-eabi/lib/thumb/v6-m/nofp/libc_nano.a(libc_a-signal.o)
                0x000000000800b20c                _raise_r
 .text.raise    0x000000000800b260       0x14 /opt/st/stm32cubeide_1.13.2/plugins/com.st.stm32cube.ide.mcu.externaltools.gnu-tools-for-stm32.11.3.rel1.linux64_1.1.1.202309131626/tools/bin/../lib/gcc/arm-none-eabi/11.3.1/../../../../arm-none-eabi/lib/thumb/v6-m/nofp/libc_nano.a(libc_a-signal.o)
                0x000000000800b260                raise
 .text._kill_r  0x000000000800b274       0x24 /opt/st/stm32cubeide_1.13.2/plugins/com.st.stm32cube.ide.mcu.externaltools.gnu-tools-for-stm32.11.3.rel1.linux64_1.1.1.202309131626/tools/bin/../lib/gcc/arm-none-eabi/11.3.1/../../../../arm-none-eabi/lib/thumb/v6-m/nofp/libc_nano.a(libc_a-signalr.o)
                0x000000000800b274                _kill_r
 .text._getpid_r
                0x000000000800b298        0x8 /opt/st/stm32cubeide_1.13.2/plugins/com.st.stm32cube.ide.mcu.externaltools.gnu-tools-for-stm32.11.3.rel1.linux64_1.1.1.202309131626/tools/bin/../lib/gcc/arm-none-eabi/11.3.1/../../../../arm-none-eabi/lib/thumb/v6-m/nofp/libc_nano.a(libc_a-signalr.o)
                0x000000000800b298                _getpid_r
 .text.memchr   0x000000000800b2a0       0x16 /opt/st/stm32cubeide_1.13.2/plugins/com.st.stm32cube.ide.mcu.externaltools.gnu-tools-for-stm32.11.3.rel1.linux64_1.1.1.202309131626/tools/bin/../lib/gcc/arm-none-eabi/11.3.1/../../../../arm-none-eabi/lib/thumb/v6-m/nofp/libc_nano.a(libc_a-memchr-stub.o)
                0x000000000800b2a0                memchr
 *fill*         0x000000000800b2b6        0x2 
 .text.__swhatbuf_r
                0x000000000800b2b8       0x50 /opt/st/stm32cubeide_1.13.2/plugins/com.st.stm32cube.ide.mcu.externaltools.gnu-tools-for-stm32.11.3.rel1.linux64_1.1.1.202309131626/tools/bin/../lib/gcc/arm-none-eabi/11.3.1/../../../../arm-none-eabi/lib/thumb/v6-m/nofp/libc_nano.a(libc_a-makebuf.o)
                0x000000000800b2b8                __swhatbuf_r
 .text.__smakebuf_r
                0x000000000800b308       0x7c /opt/st/stm32cubeide_1.13.2/plugins/com.st.stm32cube.ide.mcu.externaltools.gnu-tools-for-stm32.11.3.rel1.linux64_1.1.1.202309131626/tools/bin/../lib/gcc/arm-none-eabi/11.3.1/../../../../arm-none-eabi/lib/thumb/v6-m/nofp/libc_nano.a(libc_a-makebuf.o)
                0x000000000800b308                __smakebuf_r
 .text._fstat_r
                0x000000000800b384       0x24 /opt/st/stm32cubeide_1.13.2/plugins/com.st.stm32cube.ide.mcu.externaltools.gnu-tools-for-stm32.11.3.rel1.linux64_1.1.1.202309131626/tools/bin/../lib/gcc/arm-none-eabi/11.3.1/../../../../arm-none-eabi/lib/thumb/v6-m/nofp/libc_nano.a(libc_a-fstatr.o)
                0x000000000800b384                _fstat_r
 .text._isatty_r
                0x000000000800b3a8       0x24 /opt/st/stm32cubeide_1.13.2/plugins/com.st.stm32cube.ide.mcu.externaltools.gnu-tools-for-stm32.11.3.rel1.linux64_1.1.1.202309131626/tools/bin/../lib/gcc/arm-none-eabi/11.3.1/../../../../arm-none-eabi/lib/thumb/v6-m/nofp/libc_nano.a(libc_a-isattyr.o)
                0x000000000800b3a8                _isatty_r
 *(.glue_7)
 .glue_7        0x000000000800b3cc        0x0 linker stubs
 *(.glue_7t)
 .glue_7t       0x000000000800b3cc        0x0 linker stubs
 *(.eh_frame)
 .eh_frame      0x000000000800b3cc        0x0 /opt/st/stm32cubeide_1.13.2/plugins/com.st.stm32cube.ide.mcu.externaltools.gnu-tools-for-stm32.11.3.rel1.linux64_1.1.1.202309131626/tools/bin/../lib/gcc/arm-none-eabi/11.3.1/thumb/v6-m/nofp/crtbegin.o
 *(.init)
 .init          0x000000000800b3cc        0x4 /opt/st/stm32cubeide_1.13.2/plugins/com.st.stm32cube.ide.mcu.externaltools.gnu-tools-for-stm32.11.3.rel1.linux64_1.1.1.202309131626/tools/bin/../lib/gcc/arm-none-eabi/11.3.1/thumb/v6-m/nofp/crti.o
                0x000000000800b3cc                _init
 .init          0x000000000800b3d0        0x8 /opt/st/stm32cubeide_1.13.2/plugins/com.st.stm32cube.ide.mcu.externaltools.gnu-tools-for-stm32.11.3.rel1.linux64_1.1.1.202309131626/tools/bin/../lib/gcc/arm-none-eabi/11.3.1/thumb/v6-m/nofp/crtn.o
 *(.fini)
 .fini          0x000000000800b3d8        0x4 /opt/st/stm32cubeide_1.13.2/plugins/com.st.stm32cube.ide.mcu.externaltools.gnu-tools-for-stm32.11.3.rel1.linux64_1.1.1.202309131626/tools/bin/../lib/gcc/arm-none-eabi/11.3.1/thumb/v6-m/nofp/crti.o
                0x000000000800b3d8                _fini
 .fini          0x000000000800b3dc        0x8 /opt/st/stm32cubeide_1.13.2/plugins/com.st.stm32cube.ide.mcu.externaltools.gnu-tools-for-stm32.11.3.rel1.linux64_1.1.1.202309131626/tools/bin/../lib/gcc/arm-none-eabi/11.3.1/thumb/v6-m/nofp/crtn.o
                0x000000000800b3e4                . = ALIGN (0x4)
                0x000000000800b3e4                _etext = .

.vfp11_veneer   0x000000000800b3e4        0x0
 .vfp11_veneer  0x000000000800b3e4        0x0 linker stubs

.v4_bx          0x000000000800b3e4        0x0
 .v4_bx         0x000000000800b3e4        0x0 linker stubs

.iplt           0x000000000800b3e4        0x0
 .iplt          0x000000000800b3e4        0x0 /opt/st/stm32cubeide_1.13.2/plugins/com.st.stm32cube.ide.mcu.externaltools.gnu-tools-for-stm32.11.3.rel1.linux64_1.1.1.202309131626/tools/bin/../lib/gcc/arm-none-eabi/11.3.1/thumb/v6-m/nofp/crtbegin.o

.rodata         0x000000000800b3e4     0x34b8
                0x000000000800b3e4                . = ALIGN (0x4)
 *(.rodata)
 .rodata        0x000000000800b3e4       0x87 ./Core/Src/app.o
 *fill*         0x000000000800b46b        0x1 
 .rodata        0x000000000800b46c      0x102 ./Core/Src/main.o
 *fill*         0x000000000800b56e        0x2 
 .rodata        0x000000000800b570      0x11e ./Core/Src/menu.o
 *fill*         0x000000000800b68e        0x2 
 .rodata        0x000000000800b690       0x20 ./Drivers/STM32F0xx_HAL_Driver/Src/stm32f0xx_hal_rcc.o
 .rodata        0x000000000800b6b0        0x5 ./Middlewares/Third_Party/FreeRTOS/Source/tasks.o
 *fill*         0x000000000800b6b5        0x3 
 .rodata        0x000000000800b6b8        0xd ./Middlewares/Third_Party/FreeRTOS/Source/timers.o
 *(.rodata*)
 *fill*         0x000000000800b6c5        0x3 
 .rodata.Font7x10
                0x000000000800b6c8      0x76c ./Core/Src/fonts.o
                0x000000000800b6c8                Font7x10
 .rodata.Font11x18
                0x000000000800be34      0xd5c ./Core/Src/fonts.o
                0x000000000800be34                Font11x18
 .rodata.Font16x26
                0x000000000800cb90     0x134c ./Core/Src/fonts.o
                0x000000000800cb90                Font16x26
 .rodata.bg     0x000000000800dedc      0x402 ./Core/Src/main.o
                0x000000000800dedc                bg
 *fill*         0x000000000800e2de        0x2 
 .rodata.rb1    0x000000000800e2e0      0x146 ./Core/Src/main.o
                0x000000000800e2e0                rb1
 *fill*         0x000000000800e426        0x2 
 .rodata.rb2    0x000000000800e428      0x146 ./Core/Src/main.o
                0x000000000800e428                rb2
 *fill*         0x000000000800e56e        0x2 
 .rodata.rb3    0x000000000800e570      0x146 ./Core/Src/main.o
                0x000000000800e570                rb3
 *fill*         0x000000000800e6b6        0x2 
 .rodata.command_reader_attributes
                0x000000000800e6b8       0x24 ./Core/Src/main.o
                0x000000000800e6b8                command_reader_attributes
 .rodata.user_interface_attributes
                0x000000000800e6dc       0x24 ./Core/Src/main.o
                0x000000000800e6dc                user_interface_attributes
 .rodata.keys_switcher_attributes
                0x000000000800e700       0x24 ./Core/Src/main.o
                0x000000000800e700                keys_switcher_attributes
 .rodata.rs485_control_attributes
                0x000000000800e724       0x24 ./Core/Src/main.o
                0x000000000800e724                rs485_control_attributes
 .rodata.str_by_num
                0x000000000800e748       0x34 ./Core/Src/menu.o
 .rodata.AHBPrescTable
                0x000000000800e77c       0x10 ./Core/Src/system_stm32f0xx.o
                0x000000000800e77c                AHBPrescTable
 .rodata.APBPrescTable
                0x000000000800e78c        0x8 ./Core/Src/system_stm32f0xx.o
                0x000000000800e78c                APBPrescTable
 .rodata.prvProcessReceivedCommands
                0x000000000800e794       0x28 ./Middlewares/Third_Party/FreeRTOS/Source/timers.o
 .rodata.srand.str1.1
                0x000000000800e7bc       0x6f /opt/st/stm32cubeide_1.13.2/plugins/com.st.stm32cube.ide.mcu.externaltools.gnu-tools-for-stm32.11.3.rel1.linux64_1.1.1.202309131626/tools/bin/../lib/gcc/arm-none-eabi/11.3.1/../../../../arm-none-eabi/lib/thumb/v6-m/nofp/libc_nano.a(libc_a-rand.o)
 .rodata.__assert_func.str1.1
                0x000000000800e82b       0x3c /opt/st/stm32cubeide_1.13.2/plugins/com.st.stm32cube.ide.mcu.externaltools.gnu-tools-for-stm32.11.3.rel1.linux64_1.1.1.202309131626/tools/bin/../lib/gcc/arm-none-eabi/11.3.1/../../../../arm-none-eabi/lib/thumb/v6-m/nofp/libc_nano.a(libc_a-assert.o)
                                         0x3d (size before relaxing)
 .rodata._vfprintf_r.str1.1
                0x000000000800e867       0x11 /opt/st/stm32cubeide_1.13.2/plugins/com.st.stm32cube.ide.mcu.externaltools.gnu-tools-for-stm32.11.3.rel1.linux64_1.1.1.202309131626/tools/bin/../lib/gcc/arm-none-eabi/11.3.1/../../../../arm-none-eabi/lib/thumb/v6-m/nofp/libc_nano.a(libc_a-nano-vfprintf.o)
 .rodata._printf_i.str1.1
                0x000000000800e878       0x22 /opt/st/stm32cubeide_1.13.2/plugins/com.st.stm32cube.ide.mcu.externaltools.gnu-tools-for-stm32.11.3.rel1.linux64_1.1.1.202309131626/tools/bin/../lib/gcc/arm-none-eabi/11.3.1/../../../../arm-none-eabi/lib/thumb/v6-m/nofp/libc_nano.a(libc_a-nano-vfprintf_i.o)
                0x000000000800e89c                . = ALIGN (0x4)
 *fill*         0x000000000800e89a        0x2 

.rel.dyn        0x000000000800e89c        0x0
 .rel.iplt      0x000000000800e89c        0x0 /opt/st/stm32cubeide_1.13.2/plugins/com.st.stm32cube.ide.mcu.externaltools.gnu-tools-for-stm32.11.3.rel1.linux64_1.1.1.202309131626/tools/bin/../lib/gcc/arm-none-eabi/11.3.1/thumb/v6-m/nofp/crtbegin.o

.ARM.extab      0x000000000800e89c        0x0
                0x000000000800e89c                . = ALIGN (0x4)
 *(.ARM.extab* .gnu.linkonce.armextab.*)
                0x000000000800e89c                . = ALIGN (0x4)

.ARM            0x000000000800e89c        0x0
                0x000000000800e89c                . = ALIGN (0x4)
                0x000000000800e89c                __exidx_start = .
 *(.ARM.exidx*)
                0x000000000800e89c                __exidx_end = .
                0x000000000800e89c                . = ALIGN (0x4)

.preinit_array  0x000000000800e89c        0x0
                0x000000000800e89c                . = ALIGN (0x4)
                0x000000000800e89c                PROVIDE (__preinit_array_start = .)
 *(.preinit_array*)
                0x000000000800e89c                PROVIDE (__preinit_array_end = .)
                0x000000000800e89c                . = ALIGN (0x4)

.init_array     0x000000000800e89c        0x4
                0x000000000800e89c                . = ALIGN (0x4)
                0x000000000800e89c                PROVIDE (__init_array_start = .)
 *(SORT_BY_NAME(.init_array.*))
 *(.init_array*)
 .init_array    0x000000000800e89c        0x4 /opt/st/stm32cubeide_1.13.2/plugins/com.st.stm32cube.ide.mcu.externaltools.gnu-tools-for-stm32.11.3.rel1.linux64_1.1.1.202309131626/tools/bin/../lib/gcc/arm-none-eabi/11.3.1/thumb/v6-m/nofp/crtbegin.o
                0x000000000800e8a0                PROVIDE (__init_array_end = .)
                0x000000000800e8a0                . = ALIGN (0x4)

.fini_array     0x000000000800e8a0        0x4
                0x000000000800e8a0                . = ALIGN (0x4)
                [!provide]                        PROVIDE (__fini_array_start = .)
 *(SORT_BY_NAME(.fini_array.*))
 *(.fini_array*)
 .fini_array    0x000000000800e8a0        0x4 /opt/st/stm32cubeide_1.13.2/plugins/com.st.stm32cube.ide.mcu.externaltools.gnu-tools-for-stm32.11.3.rel1.linux64_1.1.1.202309131626/tools/bin/../lib/gcc/arm-none-eabi/11.3.1/thumb/v6-m/nofp/crtbegin.o
                [!provide]                        PROVIDE (__fini_array_end = .)
                0x000000000800e8a4                . = ALIGN (0x4)
                0x000000000800e8a4                _sidata = LOADADDR (.data)

.data           0x0000000020000000       0x80 load address 0x000000000800e8a4
                0x0000000020000000                . = ALIGN (0x4)
                0x0000000020000000                _sdata = .
 *(.data)
 *(.data*)
 .data.Font_7x10
                0x0000000020000000        0x8 ./Core/Src/fonts.o
                0x0000000020000000                Font_7x10
 .data.Font_11x18
                0x0000000020000008        0x8 ./Core/Src/fonts.o
                0x0000000020000008                Font_11x18
 .data.Font_16x26
                0x0000000020000010        0x8 ./Core/Src/fonts.o
                0x0000000020000010                Font_16x26
 .data.SystemCoreClock
                0x0000000020000018        0x4 ./Core/Src/system_stm32f0xx.o
                0x0000000020000018                SystemCoreClock
 .data.uwTickFreq
                0x000000002000001c        0x1 ./Drivers/STM32F0xx_HAL_Driver/Src/stm32f0xx_hal.o
                0x000000002000001c                uwTickFreq
 *fill*         0x000000002000001d        0x3 
 .data.uxCriticalNesting
                0x0000000020000020        0x4 ./Middlewares/Third_Party/FreeRTOS/Source/portable/GCC/ARM_CM0/port.o
 .data.__sglue  0x0000000020000024        0xc /opt/st/stm32cubeide_1.13.2/plugins/com.st.stm32cube.ide.mcu.externaltools.gnu-tools-for-stm32.11.3.rel1.linux64_1.1.1.202309131626/tools/bin/../lib/gcc/arm-none-eabi/11.3.1/../../../../arm-none-eabi/lib/thumb/v6-m/nofp/libc_nano.a(libc_a-findfp.o)
                0x0000000020000024                __sglue
 .data._impure_data
                0x0000000020000030       0x4c /opt/st/stm32cubeide_1.13.2/plugins/com.st.stm32cube.ide.mcu.externaltools.gnu-tools-for-stm32.11.3.rel1.linux64_1.1.1.202309131626/tools/bin/../lib/gcc/arm-none-eabi/11.3.1/../../../../arm-none-eabi/lib/thumb/v6-m/nofp/libc_nano.a(libc_a-impure.o)
                0x0000000020000030                _impure_data
 .data._impure_ptr
                0x000000002000007c        0x4 /opt/st/stm32cubeide_1.13.2/plugins/com.st.stm32cube.ide.mcu.externaltools.gnu-tools-for-stm32.11.3.rel1.linux64_1.1.1.202309131626/tools/bin/../lib/gcc/arm-none-eabi/11.3.1/../../../../arm-none-eabi/lib/thumb/v6-m/nofp/libc_nano.a(libc_a-impure.o)
                0x000000002000007c                _impure_ptr
 *(.RamFunc)
 *(.RamFunc*)
                0x0000000020000080                . = ALIGN (0x4)
                0x0000000020000080                _edata = .

.igot.plt       0x0000000020000080        0x0 load address 0x000000000800e924
 .igot.plt      0x0000000020000080        0x0 /opt/st/stm32cubeide_1.13.2/plugins/com.st.stm32cube.ide.mcu.externaltools.gnu-tools-for-stm32.11.3.rel1.linux64_1.1.1.202309131626/tools/bin/../lib/gcc/arm-none-eabi/11.3.1/thumb/v6-m/nofp/crtbegin.o
                0x0000000020000080                . = ALIGN (0x4)

.bss            0x0000000020000080     0x24c4 load address 0x000000000800e924
                0x0000000020000080                _sbss = .
                0x0000000020000080                __bss_start__ = _sbss
 *(.bss)
 .bss           0x0000000020000080       0x1c /opt/st/stm32cubeide_1.13.2/plugins/com.st.stm32cube.ide.mcu.externaltools.gnu-tools-for-stm32.11.3.rel1.linux64_1.1.1.202309131626/tools/bin/../lib/gcc/arm-none-eabi/11.3.1/thumb/v6-m/nofp/crtbegin.o
 *(.bss*)
 .bss.uid       0x000000002000009c       0x20 ./Core/Src/app.o
                0x000000002000009c                uid
 .bss.current_state
                0x00000000200000bc        0x4 ./Core/Src/app.o
                0x00000000200000bc                current_state
 .bss.last_ping
                0x00000000200000c0        0x4 ./Core/Src/app.o
                0x00000000200000c0                last_ping
 .bss.app_send_data
                0x00000000200000c4        0x4 ./Core/Src/app.o
                0x00000000200000c4                app_send_data
 .bss.rs485_write_data
                0x00000000200000c8        0x4 ./Core/Src/app.o
                0x00000000200000c8                rs485_write_data
 .bss.get_tick  0x00000000200000cc        0x4 ./Core/Src/app.o
                0x00000000200000cc                get_tick
 .bss.app_turn_on
                0x00000000200000d0        0x4 ./Core/Src/app.o
                0x00000000200000d0                app_turn_on
 .bss.app_turn_off
                0x00000000200000d4        0x4 ./Core/Src/app.o
                0x00000000200000d4                app_turn_off
 .bss.just_sleep_for_ms
                0x00000000200000d8        0x4 ./Core/Src/app.o
                0x00000000200000d8                just_sleep_for_ms
 .bss.post_num_str
                0x00000000200000dc        0x3 ./Core/Src/app.o
                0x00000000200000dc                post_num_str
 *fill*         0x00000000200000df        0x1 
 .bss.current_settings
                0x00000000200000e0        0x4 ./Core/Src/app.o
                0x00000000200000e0                current_settings
 .bss.hardware_relay
                0x00000000200000e4       0xb0 ./Core/Src/app.o
                0x00000000200000e4                hardware_relay
 .bss.timeout_ms
                0x0000000020000194        0x4 ./Core/Src/app.o
                0x0000000020000194                timeout_ms
 .bss.motor_status
                0x0000000020000198       0x2c ./Core/Src/app.o
                0x0000000020000198                motor_status
 .bss.cmd_motor_info
                0x00000000200001c4        0x8 ./Core/Src/esq500modbus.o
                0x00000000200001c4                cmd_motor_info
 .bss.cmd_start_motor
                0x00000000200001cc        0x8 ./Core/Src/esq500modbus.o
                0x00000000200001cc                cmd_start_motor
 .bss.cmd_set_speed
                0x00000000200001d4        0x8 ./Core/Src/esq500modbus.o
                0x00000000200001d4                cmd_set_speed
 .bss.cmd_stop_motor
                0x00000000200001dc        0x8 ./Core/Src/esq500modbus.o
                0x00000000200001dc                cmd_stop_motor
 .bss.cmd_motor_info_770
                0x00000000200001e4        0x8 ./Core/Src/esq770modbus.o
                0x00000000200001e4                cmd_motor_info_770
 .bss.cmd_start_motor_770
                0x00000000200001ec        0x8 ./Core/Src/esq770modbus.o
                0x00000000200001ec                cmd_start_motor_770
 .bss.cmd_set_speed_770
                0x00000000200001f4        0x8 ./Core/Src/esq770modbus.o