Archive member included to satisfy reference by file (symbol)

/Applications/STM32CubeIDE.app/Contents/Eclipse/plugins/com.st.stm32cube.ide.mcu.externaltools.gnu-tools-for-stm32.11.3.rel1.macos64_1.1.1.202309131626/tools/bin/../lib/gcc/arm-none-eabi/11.3.1/../../../../arm-none-eabi/lib/thumb/v6-m/nofp/libc_nano.a(libc_a-exit.o)
                              /Applications/STM32CubeIDE.app/Contents/Eclipse/plugins/com.st.stm32cube.ide.mcu.externaltools.gnu-tools-for-stm32.11.3.rel1.macos64_1.1.1.202309131626/tools/bin/../lib/gcc/arm-none-eabi/11.3.1/../../../../arm-none-eabi/lib/thumb/v6-m/nofp/crt0.o (exit)
/Applications/STM32CubeIDE.app/Contents/Eclipse/plugins/com.st.stm32cube.ide.mcu.externaltools.gnu-tools-for-stm32.11.3.rel1.macos64_1.1.1.202309131626/tools/bin/../lib/gcc/arm-none-eabi/11.3.1/../../../../arm-none-eabi/lib/thumb/v6-m/nofp/libc_nano.a(libc_a-malloc.o)
                              ./Core/Src/menu.o (malloc)
/Applications/STM32CubeIDE.app/Contents/Eclipse/plugins/com.st.stm32cube.ide.mcu.externaltools.gnu-tools-for-stm32.11.3.rel1.macos64_1.1.1.202309131626/tools/bin/../lib/gcc/arm-none-eabi/11.3.1/../../../../arm-none-eabi/lib/thumb/v6-m/nofp/libc_nano.a(libc_a-mallocr.o)
                              /Applications/STM32CubeIDE.app/Contents/Eclipse/plugins/com.st.stm32cube.ide.mcu.externaltools.gnu-tools-for-stm32.11.3.rel1.macos64_1.1.1.202309131626/tools/bin/../lib/gcc/arm-none-eabi/11.3.1/../../../../arm-none-eabi/lib/thumb/v6-m/nofp/libc_nano.a(libc_a-malloc.o) (_malloc_r)
/Applications/STM32CubeIDE.app/Contents/Eclipse/plugins/com.st.stm32cube.ide.mcu.externaltools.gnu-tools-for-stm32.11.3.rel1.macos64_1.1.1.202309131626/tools/bin/../lib/gcc/arm-none-eabi/11.3.1/../../../../arm-none-eabi/lib/thumb/v6-m/nofp/libc_nano.a(libc_a-mlock.o)
                              /Applications/STM32CubeIDE.app/Contents/Eclipse/plugins/com.st.stm32cube.ide.mcu.externaltools.gnu-tools-for-stm32.11.3.rel1.macos64_1.1.1.202309131626/tools/bin/../lib/gcc/arm-none-eabi/11.3.1/../../../../arm-none-eabi/lib/thumb/v6-m/nofp/libc_nano.a(libc_a-mallocr.o) (__malloc_lock)
/Applications/STM32CubeIDE.app/Contents/Eclipse/plugins/com.st.stm32cube.ide.mcu.externaltools.gnu-tools-for-stm32.11.3.rel1.macos64_1.1.1.202309131626/tools/bin/../lib/gcc/arm-none-eabi/11.3.1/../../../../arm-none-eabi/lib/thumb/v6-m/nofp/libc_nano.a(libc_a-rand.o)
                              ./Core/Src/main.o (rand)
/Applications/STM32CubeIDE.app/Contents/Eclipse/plugins/com.st.stm32cube.ide.mcu.externaltools.gnu-tools-for-stm32.11.3.rel1.macos64_1.1.1.202309131626/tools/bin/../lib/gcc/arm-none-eabi/11.3.1/../../../../arm-none-eabi/lib/thumb/v6-m/nofp/libc_nano.a(libc_a-findfp.o)
                              /Applications/STM32CubeIDE.app/Contents/Eclipse/plugins/com.st.stm32cube.ide.mcu.externaltools.gnu-tools-for-stm32.11.3.rel1.macos64_1.1.1.202309131626/tools/bin/../lib/gcc/arm-none-eabi/11.3.1/../../../../arm-none-eabi/lib/thumb/v6-m/nofp/libc_nano.a(libc_a-exit.o) (__stdio_exit_handler)
/Applications/STM32CubeIDE.app/Contents/Eclipse/plugins/com.st.stm32cube.ide.mcu.externaltools.gnu-tools-for-stm32.11.3.rel1.macos64_1.1.1.202309131626/tools/bin/../lib/gcc/arm-none-eabi/11.3.1/../../../../arm-none-eabi/lib/thumb/v6-m/nofp/libc_nano.a(libc_a-fwalk.o)
                              /Applications/STM32CubeIDE.app/Contents/Eclipse/plugins/com.st.stm32cube.ide.mcu.externaltools.gnu-tools-for-stm32.11.3.rel1.macos64_1.1.1.202309131626/tools/bin/../lib/gcc/arm-none-eabi/11.3.1/../../../../arm-none-eabi/lib/thumb/v6-m/nofp/libc_nano.a(libc_a-findfp.o) (_fwalk_sglue)
/Applications/STM32CubeIDE.app/Contents/Eclipse/plugins/com.st.stm32cube.ide.mcu.externaltools.gnu-tools-for-stm32.11.3.rel1.macos64_1.1.1.202309131626/tools/bin/../lib/gcc/arm-none-eabi/11.3.1/../../../../arm-none-eabi/lib/thumb/v6-m/nofp/libc_nano.a(libc_a-memset.o)
                              /Applications/STM32CubeIDE.app/Contents/Eclipse/plugins/com.st.stm32cube.ide.mcu.externaltools.gnu-tools-for-stm32.11.3.rel1.macos64_1.1.1.202309131626/tools/bin/../lib/gcc/arm-none-eabi/11.3.1/../../../../arm-none-eabi/lib/thumb/v6-m/nofp/crt0.o (memset)
/Applications/STM32CubeIDE.app/Contents/Eclipse/plugins/com.st.stm32cube.ide.mcu.externaltools.gnu-tools-for-stm32.11.3.rel1.macos64_1.1.1.202309131626/tools/bin/../lib/gcc/arm-none-eabi/11.3.1/../../../../arm-none-eabi/lib/thumb/v6-m/nofp/libc_nano.a(libc_a-impure.o)
                              /Applications/STM32CubeIDE.app/Contents/Eclipse/plugins/com.st.stm32cube.ide.mcu.externaltools.gnu-tools-for-stm32.11.3.rel1.macos64_1.1.1.202309131626/tools/bin/../lib/gcc/arm-none-eabi/11.3.1/../../../../arm-none-eabi/lib/thumb/v6-m/nofp/libc_nano.a(libc_a-malloc.o) (_impure_ptr)
[...]
Memory Configuration

Name             Origin             Length             Attributes
RAM              0x0000000020000000 0x0000000000004000 xrw
FLASH            0x0000000008000000 0x0000000000020000 xr
*default*        0x0000000000000000 0xffffffffffffffff

Linker script and memory map

LOAD /Applications/STM32CubeIDE.app/Contents/Eclipse/plugins/com.st.stm32cube.ide.mcu.externaltools.gnu-tools-for-stm32.11.3.rel1.macos64_1.1.1.202309131626/tools/bin/../lib/gcc/arm-none-eabi/11.3.1/thumb/v6-m/nofp/crti.o
LOAD /Applications/STM32CubeIDE.app/Contents/Eclipse/plugins/com.st.stm32cube.ide.mcu.externaltools.gnu-tools-for-stm32.11.3.rel1.macos64_1.1.1.202309131626/tools/bin/../lib/gcc/arm-none-eabi/11.3.1/thumb/v6-m/nofp/crtbegin.o
LOAD /Applications/STM32CubeIDE.app/Contents/Eclipse/plugins/com.st.stm32cube.ide.mcu.externaltools.gnu-tools-for-stm32.11.3.rel1.macos64_1.1.1.202309131626/tools/bin/../lib/gcc/arm-none-eabi/11.3.1/../../../../arm-none-eabi/lib/thumb/v6-m/nofp/crt0.o
LOAD ./Core/Src/app.o
LOAD ./Core/Src/buttons.o
LOAD ./Core/Src/esq500modbus.o
LOAD ./Core/Src/fonts.o
LOAD ./Core/Src/freertos.o
LOAD ./Core/Src/gm009605.o
LOAD ./Core/Src/main.o
LOAD ./Core/Src/menu.o
LOAD ./Core/Src/relays.o
LOAD ./Core/Src/stm32f0xx_hal_msp.o
LOAD ./Core/Src/stm32f0xx_hal_timebase_tim.o
LOAD ./Core/Src/stm32f0xx_it.o
LOAD ./Core/Src/syscalls.o
LOAD ./Core/Src/sysmem.o
LOAD ./Core/Src/system_stm32f0xx.o
LOAD ./Core/Startup/startup_stm32f070cbtx.o
LOAD ./Drivers/STM32F0xx_HAL_Driver/Src/stm32f0xx_hal.o
LOAD ./Drivers/STM32F0xx_HAL_Driver/Src/stm32f0xx_hal_cortex.o
LOAD ./Drivers/STM32F0xx_HAL_Driver/Src/stm32f0xx_hal_dma.o
LOAD ./Drivers/STM32F0xx_HAL_Driver/Src/stm32f0xx_hal_exti.o
LOAD ./Drivers/STM32F0xx_HAL_Driver/Src/stm32f0xx_hal_flash.o
LOAD ./Drivers/STM32F0xx_HAL_Driver/Src/stm32f0xx_hal_flash_ex.o
LOAD ./Drivers/STM32F0xx_HAL_Driver/Src/stm32f0xx_hal_gpio.o
LOAD ./Drivers/STM32F0xx_HAL_Driver/Src/stm32f0xx_hal_i2c.o
LOAD ./Drivers/STM32F0xx_HAL_Driver/Src/stm32f0xx_hal_i2c_ex.o
LOAD ./Drivers/STM32F0xx_HAL_Driver/Src/stm32f0xx_hal_pwr.o
LOAD ./Drivers/STM32F0xx_HAL_Driver/Src/stm32f0xx_hal_pwr_ex.o
LOAD ./Drivers/STM32F0xx_HAL_Driver/Src/stm32f0xx_hal_rcc.o
LOAD ./Drivers/STM32F0xx_HAL_Driver/Src/stm32f0xx_hal_rcc_ex.o
LOAD ./Drivers/STM32F0xx_HAL_Driver/Src/stm32f0xx_hal_tim.o
LOAD ./Drivers/STM32F0xx_HAL_Driver/Src/stm32f0xx_hal_tim_ex.o
LOAD ./Drivers/STM32F0xx_HAL_Driver/Src/stm32f0xx_hal_uart.o
LOAD ./Drivers/STM32F0xx_HAL_Driver/Src/stm32f0xx_hal_uart_ex.o
LOAD ./Middlewares/Third_Party/FreeRTOS/Source/CMSIS_RTOS_V2/cmsis_os2.o
LOAD ./Middlewares/Third_Party/FreeRTOS/Source/croutine.o
LOAD ./Middlewares/Third_Party/FreeRTOS/Source/event_groups.o
LOAD ./Middlewares/Third_Party/FreeRTOS/Source/list.o
LOAD ./Middlewares/Third_Party/FreeRTOS/Source/queue.o
LOAD ./Middlewares/Third_Party/FreeRTOS/Source/stream_buffer.o
LOAD ./Middlewares/Third_Party/FreeRTOS/Source/tasks.o
LOAD ./Middlewares/Third_Party/FreeRTOS/Source/timers.o
LOAD ./Middlewares/Third_Party/FreeRTOS/Source/portable/GCC/ARM_CM0/port.o
LOAD ./Middlewares/Third_Party/FreeRTOS/Source/portable/MemMang/heap_4.o
START GROUP
LOAD /Applications/STM32CubeIDE.app/Contents/Eclipse/plugins/com.st.stm32cube.ide.mcu.externaltools.gnu-tools-for-stm32.11.3.rel1.macos64_1.1.1.202309131626/tools/bin/../lib/gcc/arm-none-eabi/11.3.1/../../../../arm-none-eabi/lib/thumb/v6-m/nofp/libc_nano.a
LOAD /Applications/STM32CubeIDE.app/Contents/Eclipse/plugins/com.st.stm32cube.ide.mcu.externaltools.gnu-tools-for-stm32.11.3.rel1.macos64_1.1.1.202309131626/tools/bin/../lib/gcc/arm-none-eabi/11.3.1/../../../../arm-none-eabi/lib/thumb/v6-m/nofp/libm.a
END GROUP
START GROUP
LOAD /Applications/STM32CubeIDE.app/Contents/Eclipse/plugins/com.st.stm32cube.ide.mcu.externaltools.gnu-tools-for-stm32.11.3.rel1.macos64_1.1.1.202309131626/tools/bin/../lib/gcc/arm-none-eabi/11.3.1/thumb/v6-m/nofp/libgcc.a
LOAD /Applications/STM32CubeIDE.app/Contents/Eclipse/plugins/com.st.stm32cube.ide.mcu.externaltools.gnu-tools-for-stm32.11.3.rel1.macos64_1.1.1.202309131626/tools/bin/../lib/gcc/arm-none-eabi/11.3.1/../../../../arm-none-eabi/lib/thumb/v6-m/nofp/libc_nano.a
END GROUP
START GROUP
LOAD /Applications/STM32CubeIDE.app/Contents/Eclipse/plugins/com.st.stm32cube.ide.mcu.externaltools.gnu-tools-for-stm32.11.3.rel1.macos64_1.1.1.202309131626/tools/bin/../lib/gcc/arm-none-eabi/11.3.1/thumb/v6-m/nofp/libgcc.a
LOAD /Applications/STM32CubeIDE.app/Contents/Eclipse/plugins/com.st.stm32cube.ide.mcu.externaltools.gnu-tools-for-stm32.11.3.rel1.macos64_1.1.1.202309131626/tools/bin/../lib/gcc/arm-none-eabi/11.3.1/../../../../arm-none-eabi/lib/thumb/v6-m/nofp/libc_nano.a
LOAD /Applications/STM32CubeIDE.app/Contents/Eclipse/plugins/com.st.stm32cube.ide.mcu.externaltools.gnu-tools-for-stm32.11.3.rel1.macos64_1.1.1.202309131626/tools/bin/../lib/gcc/arm-none-eabi/11.3.1/../../../../arm-none-eabi/lib/thumb/v6-m/nofp/libnosys.a
END GROUP
START GROUP
LOAD /Applications/STM32CubeIDE.app/Contents/Eclipse/plugins/com.st.stm32cube.ide.mcu.externaltools.gnu-tools-for-stm32.11.3.rel1.macos64_1.1.1.202309131626/tools/bin/../lib/gcc/arm-none-eabi/11.3.1/thumb/v6-m/nofp/libgcc.a
LOAD /Applications/STM32CubeIDE.app/Contents/Eclipse/plugins/com.st.stm32cube.ide.mcu.externaltools.gnu-tools-for-stm32.11.3.rel1.macos64_1.1.1.202309131626/tools/bin/../lib/gcc/arm-none-eabi/11.3.1/../../../../arm-none-eabi/lib/thumb/v6-m/nofp/libc_nano.a
LOAD /Applications/STM32CubeIDE.app/Contents/Eclipse/plugins/com.st.stm32cube.ide.mcu.externaltools.gnu-tools-for-stm32.11.3.rel1.macos64_1.1.1.202309131626/tools/bin/../lib/gcc/arm-none-eabi/11.3.1/../../../../arm-none-eabi/lib/thumb/v6-m/nofp/libnosys.a
END GROUP
LOAD /Applications/STM32CubeIDE.app/Contents/Eclipse/plugins/com.st.stm32cube.ide.mcu.externaltools.gnu-tools-for-stm32.11.3.rel1.macos64_1.1.1.202309131626/tools/bin/../lib/gcc/arm-none-eabi/11.3.1/thumb/v6-m/nofp/crtend.o
LOAD /Applications/STM32CubeIDE.app/Contents/Eclipse/plugins/com.st.stm32cube.ide.mcu.externaltools.gnu-tools-for-stm32.11.3.rel1.macos64_1.1.1.202309131626/tools/bin/../lib/gcc/arm-none-eabi/11.3.1/thumb/v6-m/nofp/crtn.o
                0x0000000020004000                _estack = (ORIGIN (RAM) + LENGTH (RAM))
                0x0000000000000200                _Min_Heap_Size = 0x200
                0x0000000000000400                _Min_Stack_Size = 0x400

.isr_vector     0x0000000008000000       0xc0
                0x0000000008000000                . = ALIGN (0x4)
 *(.isr_vector)
 .isr_vector    0x0000000008000000       0xc0 ./Core/Startup/startup_stm32f070cbtx.o
                0x0000000008000000                g_pfnVectors
                0x00000000080000c0                . = ALIGN (0x4)

.text           0x00000000080000c0     0xa8d4
                0x00000000080000c0                . = ALIGN (0x4)
 *(.text)
 .text          0x00000000080000c0       0x48 /Applications/STM32CubeIDE.app/Contents/Eclipse/plugins/com.st.stm32cube.ide.mcu.externaltools.gnu-tools-for-stm32.11.3.rel1.macos64_1.1.1.202309131626/tools/bin/../lib/gcc/arm-none-eabi/11.3.1/thumb/v6-m/nofp/crtbegin.o
 .text          0x0000000008000108       0x14 /Applications/STM32CubeIDE.app/Contents/Eclipse/plugins/com.st.stm32cube.ide.mcu.externaltools.gnu-tools-for-stm32.11.3.rel1.macos64_1.1.1.202309131626/tools/bin/../lib/gcc/arm-none-eabi/11.3.1/thumb/v6-m/nofp/libgcc.a(_thumb1_case_shi.o)
                0x0000000008000108                __gnu_thumb1_case_shi
 .text          0x000000000800011c      0x114 /Applications/STM32CubeIDE.app/Contents/Eclipse/plugins/com.st.stm32cube.ide.mcu.externaltools.gnu-tools-for-stm32.11.3.rel1.macos64_1.1.1.202309131626/tools/bin/../lib/gcc/arm-none-eabi/11.3.1/thumb/v6-m/nofp/libgcc.a(_udivsi3.o)
                0x000000000800011c                __udivsi3
                0x000000000800011c                __aeabi_uidiv
                0x0000000008000228                __aeabi_uidivmod
 .text          0x0000000008000230      0x1d4 /Applications/STM32CubeIDE.app/Contents/Eclipse/plugins/com.st.stm32cube.ide.mcu.externaltools.gnu-tools-for-stm32.11.3.rel1.macos64_1.1.1.202309131626/tools/bin/../lib/gcc/arm-none-eabi/11.3.1/thumb/v6-m/nofp/libgcc.a(_divsi3.o)
                0x0000000008000230                __aeabi_idiv
                0x0000000008000230                __divsi3
                0x00000000080003fc                __aeabi_idivmod
 .text          0x0000000008000404        0x4 /Applications/STM32CubeIDE.app/Contents/Eclipse/plugins/com.st.stm32cube.ide.mcu.externaltools.gnu-tools-for-stm32.11.3.rel1.macos64_1.1.1.202309131626/tools/bin/../lib/gcc/arm-none-eabi/11.3.1/thumb/v6-m/nofp/libgcc.a(_dvmd_tls.o)
                0x0000000008000404                __aeabi_ldiv0
                0x0000000008000404                __aeabi_idiv0
 .text          0x0000000008000408       0x5c /Applications/STM32CubeIDE.app/Contents/Eclipse/plugins/com.st.stm32cube.ide.mcu.externaltools.gnu-tools-for-stm32.11.3.rel1.macos64_1.1.1.202309131626/tools/bin/../lib/gcc/arm-none-eabi/11.3.1/thumb/v6-m/nofp/libgcc.a(_muldi3.o)
                0x0000000008000408                __aeabi_lmul
                0x0000000008000408                __muldi3
 *(.text*)
 .text.set_sleep_func
                0x0000000008000464       0x1c ./Core/Src/app.o
                0x0000000008000464                set_sleep_func
 .text.zero_hw_relays_vars
                0x0000000008000480       0x54 ./Core/Src/app.o
                0x0000000008000480                zero_hw_relays_vars
 .text.app_set_desired_motor_speed
                0x00000000080004d4       0x50 ./Core/Src/app.o
                0x00000000080004d4                app_set_desired_motor_speed
 .text.status_by_error
                0x0000000008000524       0x2e ./Core/Src/app.o
                0x0000000008000524                status_by_error
 *fill*         0x0000000008000552        0x2 
 .text.get_motor_communication_status
                0x0000000008000554       0x14 ./Core/Src/app.o
                0x0000000008000554                get_motor_communication_status
 .text.motor_loop
                0x0000000008000568      0x1a4 ./Core/Src/app.o
                0x0000000008000568                motor_loop
 .text.send_rs_485_command
                0x000000000800070c       0x34 ./Core/Src/app.o
                0x000000000800070c                send_rs_485_command
 .text.are_equal
                0x0000000008000740       0x46 ./Core/Src/app.o
                0x0000000008000740                are_equal
 *fill*         0x0000000008000786        0x2 
 .text.send_generic_cmd
                0x0000000008000788       0x7c ./Core/Src/app.o
                0x0000000008000788                send_generic_cmd
 .text.send_read_cmd
                0x0000000008000804       0x7c ./Core/Src/app.o
                0x0000000008000804                send_read_cmd
 .text.app_stop_motor
                0x0000000008000880       0x20 ./Core/Src/app.o
                0x0000000008000880                app_stop_motor
 .text.app_set_motor_speed
                0x00000000080008a0       0x2c ./Core/Src/app.o
                0x00000000080008a0                app_set_motor_speed
 .text.app_start_motor
                0x00000000080008cc       0x20 ./Core/Src/app.o
                0x00000000080008cc                app_start_motor
 .text.app_get_motor_info
                0x00000000080008ec       0x20 ./Core/Src/app.o
                0x00000000080008ec                app_get_motor_info
 .text.app_push_motor_byte
                0x000000000800090c       0x60 ./Core/Src/app.o
                0x000000000800090c                app_push_motor_byte
 .text.zero_motor_settings
                0x000000000800096c       0x44 ./Core/Src/app.o
                0x000000000800096c                zero_motor_settings
 .text.app_init
                0x00000000080009b0       0x24 ./Core/Src/app.o
                0x00000000080009b0                app_init
 .text.set_turn_on_func
                0x00000000080009d4       0x1c ./Core/Src/app.o
                0x00000000080009d4                set_turn_on_func
 .text.set_turn_off_func
                0x00000000080009f0       0x1c ./Core/Src/app.o
                0x00000000080009f0                set_turn_off_func
 .text.app_update_relays
                0x0000000008000a0c      0x150 ./Core/Src/app.o
                0x0000000008000a0c                app_update_relays
 .text._update_post_num
                0x0000000008000b5c       0x60 ./Core/Src/app.o
                0x0000000008000b5c                _update_post_num
 .text.recover_settings
                0x0000000008000bbc       0x50 ./Core/Src/app.o
                0x0000000008000bbc                recover_settings
 .text.write_settings
                0x0000000008000c0c       0x1a ./Core/Src/app.o
                0x0000000008000c0c                write_settings
 *fill*         0x0000000008000c26        0x2 
 .text.get_post_num_str
                0x0000000008000c28       0x10 ./Core/Src/app.o
                0x0000000008000c28                get_post_num_str
 .text.get_post_num
                0x0000000008000c38       0x14 ./Core/Src/app.o
                0x0000000008000c38                get_post_num
 .text.set_post_num
                0x0000000008000c4c       0x60 ./Core/Src/app.o
                0x0000000008000c4c                set_post_num
 .text.set_rs485_write
                0x0000000008000cac       0x1c ./Core/Src/app.o
                0x0000000008000cac                set_rs485_write
 .text.set_app_send_data
                0x0000000008000cc8       0x1c ./Core/Src/app.o
                0x0000000008000cc8                set_app_send_data
 .text.set_tick_func
                0x0000000008000ce4       0x1c ./Core/Src/app.o
                0x0000000008000ce4                set_tick_func
 .text.int_to_hexchar
                0x0000000008000d00       0x2e ./Core/Src/app.o
                0x0000000008000d00                int_to_hexchar
 .text._copy_hex_from_byte_to_buf
                0x0000000008000d2e       0x54 ./Core/Src/app.o
                0x0000000008000d2e                _copy_hex_from_byte_to_buf
 *fill*         0x0000000008000d82        0x2 
 .text.get_uid  0x0000000008000d84       0x70 ./Core/Src/app.o
                0x0000000008000d84                get_uid
 .text.set_state
                0x0000000008000df4       0x20 ./Core/Src/app.o
                0x0000000008000df4                set_state
 .text.app_process_cmd
                0x0000000008000e14       0xd4 ./Core/Src/app.o
                0x0000000008000e14                app_process_cmd
 .text.app_decode_ping
                0x0000000008000ee8       0x2c ./Core/Src/app.o
                0x0000000008000ee8                app_decode_ping
 .text.process_char
                0x0000000008000f14      0x440 ./Core/Src/app.o
                0x0000000008000f14                process_char
 .text.init_relay_config
                0x0000000008001354       0x82 ./Core/Src/app.o
                0x0000000008001354                init_relay_config
 *fill*         0x00000000080013d6        0x2 
 .text.app_decode_run
                0x00000000080013d8      0x178 ./Core/Src/app.o
                0x00000000080013d8                app_decode_run
 .text.app_apply_relays
                0x0000000008001550      0x118 ./Core/Src/app.o
                0x0000000008001550                app_apply_relays
 .text.app_decode_uid
                0x0000000008001668       0x5c ./Core/Src/app.o
                0x0000000008001668                app_decode_uid
 .text.app_decode_set
                0x00000000080016c4       0xc0 ./Core/Src/app.o
                0x00000000080016c4                app_decode_set
 .text.cp       0x0000000008001784       0x7e ./Core/Src/app.o
                0x0000000008001784                cp
 *fill*         0x0000000008001802        0x2 
 .text.get_state
                0x0000000008001804       0x54 ./Core/Src/app.o
                0x0000000008001804                get_state
 .text.add_button
                0x0000000008001858       0xa8 ./Core/Src/buttons.o
                0x0000000008001858                add_button
 .text.init_buttons
                0x0000000008001900       0x48 ./Core/Src/buttons.o
                0x0000000008001900                init_buttons
 .text.update_button
                0x0000000008001948       0xbc ./Core/Src/buttons.o
                0x0000000008001948                update_button
 .text._set_cmd_crc
                0x0000000008001a04       0xd4 ./Core/Src/esq500modbus.o
                0x0000000008001a04                _set_cmd_crc
 .text.esq_vars_init
                0x0000000008001ad8       0xec ./Core/Src/esq500modbus.o
                0x0000000008001ad8                esq_vars_init
 .text.start_motor_cmd
                0x0000000008001bc4       0x10 ./Core/Src/esq500modbus.o
                0x0000000008001bc4                start_motor_cmd
 .text.set_motor_speed_cmd
                0x0000000008001bd4       0x60 ./Core/Src/esq500modbus.o
                0x0000000008001bd4                set_motor_speed_cmd
 .text.read_motor_info_cmd
                0x0000000008001c34       0x10 ./Core/Src/esq500modbus.o
                0x0000000008001c34                read_motor_info_cmd
 .text.stop_motor_cmd
                0x0000000008001c44       0x10 ./Core/Src/esq500modbus.o
                0x0000000008001c44                stop_motor_cmd
 .text.SSD1306_DrawBitmap
                0x0000000008001c54      0x13e ./Core/Src/gm009605.o
                0x0000000008001c54                SSD1306_DrawBitmap
 *fill*         0x0000000008001d92        0x2 
 .text.SSD1306_Init
                0x0000000008001d94       0x98 ./Core/Src/gm009605.o
                0x0000000008001d94                SSD1306_Init
 .text.SSD1306_UpdateScreen
                0x0000000008001e2c       0x68 ./Core/Src/gm009605.o
                0x0000000008001e2c                SSD1306_UpdateScreen
 .text.SSD1306_Fill
                0x0000000008001e94       0x34 ./Core/Src/gm009605.o
                0x0000000008001e94                SSD1306_Fill
 .text.SSD1306_Mirror
                0x0000000008001ec8       0x34 ./Core/Src/gm009605.o
                0x0000000008001ec8                SSD1306_Mirror
 .text.SSD1306_DrawPixel
                0x0000000008001efc      0x10c ./Core/Src/gm009605.o
                0x0000000008001efc                SSD1306_DrawPixel
 .text.SSD1306_GotoXY
                0x0000000008002008       0x30 ./Core/Src/gm009605.o
                0x0000000008002008                SSD1306_GotoXY
 .text.SSD1306_Putc
                0x0000000008002038      0x104 ./Core/Src/gm009605.o
                0x0000000008002038                SSD1306_Putc
 .text.SSD1306_Puts
                0x000000000800213c       0x4c ./Core/Src/gm009605.o
                0x000000000800213c                SSD1306_Puts
 .text.SSD1306_DrawLine
                0x0000000008002188      0x31e ./Core/Src/gm009605.o
                0x0000000008002188                SSD1306_DrawLine
 .text.SSD1306_DrawFilledRectangle
                0x00000000080024a6       0xd8 ./Core/Src/gm009605.o
                0x00000000080024a6                SSD1306_DrawFilledRectangle
 .text.SSD1306_Clear
                0x000000000800257e       0x10 ./Core/Src/gm009605.o
                0x000000000800257e                SSD1306_Clear
 .text.SSD1306_ON
                0x000000000800258e       0x28 ./Core/Src/gm009605.o
                0x000000000800258e                SSD1306_ON
 *fill*         0x00000000080025b6        0x2 
 .text.ssd1306_I2C_Init
                0x00000000080025b8       0x28 ./Core/Src/gm009605.o
                0x00000000080025b8                ssd1306_I2C_Init
 .text.ssd1306_I2C_WriteMulti
                0x00000000080025e0       0xd8 ./Core/Src/gm009605.o
                0x00000000080025e0                ssd1306_I2C_WriteMulti
 .text.ssd1306_I2C_Write
                0x00000000080026b8       0x50 ./Core/Src/gm009605.o
                0x00000000080026b8                ssd1306_I2C_Write
 .text.__NVIC_EnableIRQ
                0x0000000008002708       0x34 ./Core/Src/main.o
 .text.send_usb
                0x000000000800273c       0x20 ./Core/Src/main.o
                0x000000000800273c                send_usb
 .text.send_rs485
                0x000000000800275c       0x20 ./Core/Src/main.o
                0x000000000800275c                send_rs485
 .text.void_os_delay
                0x000000000800277c       0x18 ./Core/Src/main.o
                0x000000000800277c                void_os_delay
 .text.main     0x0000000008002794      0x1b4 ./Core/Src/main.o
                0x0000000008002794                main
 .text.SystemClock_Config
                0x0000000008002948       0xb4 ./Core/Src/main.o
                0x0000000008002948                SystemClock_Config
 .text.MX_I2C1_Init
                0x00000000080029fc       0x80 ./Core/Src/main.o
 .text.MX_USART1_UART_Init
                0x0000000008002a7c       0x84 ./Core/Src/main.o
 .text.MX_USART2_UART_Init
                0x0000000008002b00       0x84 ./Core/Src/main.o
 .text.MX_GPIO_Init
                0x0000000008002b84      0x114 ./Core/Src/main.o
 .text.Start_command_reader
                0x0000000008002c98       0x34 ./Core/Src/main.o
                0x0000000008002c98                Start_command_reader
 .text.display_logo
                0x0000000008002ccc       0x8c ./Core/Src/main.o
                0x0000000008002ccc                display_logo
 .text.display_connection
                0x0000000008002d58       0xc8 ./Core/Src/main.o
                0x0000000008002d58                display_connection
 .text.display_post_num
                0x0000000008002e20       0x68 ./Core/Src/main.o
                0x0000000008002e20                display_post_num
 .text.display_motor_status
                0x0000000008002e88      0x100 ./Core/Src/main.o
                0x0000000008002e88                display_motor_status
 .text.Start_user_interface
                0x0000000008002f88      0x1c8 ./Core/Src/main.o
                0x0000000008002f88                Start_user_interface
 .text.main_menu_reset
                0x0000000008003150       0x2c ./Core/Src/main.o
                0x0000000008003150                main_menu_reset
 .text.start_animation
                0x000000000800317c       0x72 ./Core/Src/main.o
                0x000000000800317c                start_animation
 .text.Start_keys_switcher
                0x00000000080031ee       0x48 ./Core/Src/main.o
                0x00000000080031ee                Start_keys_switcher
 *fill*         0x0000000008003236        0x2 
 .text.Start_rs485_controller
                0x0000000008003238       0x20 ./Core/Src/main.o
                0x0000000008003238                Start_rs485_controller
 .text.HAL_TIM_PeriodElapsedCallback
                0x0000000008003258       0x24 ./Core/Src/main.o
                0x0000000008003258                HAL_TIM_PeriodElapsedCallback
 .text.Error_Handler
                0x000000000800327c        0xa ./Core/Src/main.o
                0x000000000800327c                Error_Handler
 *fill*         0x0000000008003286        0x2 
 .text.turn_on  0x0000000008003288       0x3c ./Core/Src/main.o
                0x0000000008003288                turn_on
 .text.turn_off
                0x00000000080032c4       0x3c ./Core/Src/main.o
                0x00000000080032c4                turn_off
 .text.buttons_update
                0x0000000008003300       0x40 ./Core/Src/main.o
                0x0000000008003300                buttons_update
 .text.is_acceptable
                0x0000000008003340       0xbe ./Core/Src/main.o
                0x0000000008003340                is_acceptable
 *fill*         0x00000000080033fe        0x2 
 .text.receive_cmd
                0x0000000008003400       0x98 ./Core/Src/main.o
                0x0000000008003400                receive_cmd
 .text.receive_motor1
                0x0000000008003498       0x1e ./Core/Src/main.o
                0x0000000008003498                receive_motor1
 *fill*         0x00000000080034b6        0x2 
 .text.is_clicked
                0x00000000080034b8       0x40 ./Core/Src/main.o
                0x00000000080034b8                is_clicked
 .text.is_dblclicked
                0x00000000080034f8       0x50 ./Core/Src/main.o
                0x00000000080034f8                is_dblclicked
 .text.menu_supervisor_init
                0x0000000008003548       0x2a ./Core/Src/menu.o
                0x0000000008003548                menu_supervisor_init
 .text.display_menu_supervisor
                0x0000000008003572       0x26 ./Core/Src/menu.o
                0x0000000008003572                display_menu_supervisor
 .text.menu_supervisor_up
                0x0000000008003598       0xa8 ./Core/Src/menu.o
                0x0000000008003598                menu_supervisor_up
 .text.menu_supervisor_down
                0x0000000008003640       0x90 ./Core/Src/menu.o
                0x0000000008003640                menu_supervisor_down
 .text.menu_supervisor_center
                0x00000000080036d0       0x42 ./Core/Src/menu.o
                0x00000000080036d0                menu_supervisor_center
 *fill*         0x0000000008003712        0x2 
 .text.menu_init
                0x0000000008003714       0xdc ./Core/Src/menu.o
                0x0000000008003714                menu_init
 .text.str_by_num
                0x00000000080037f0       0x90 ./Core/Src/menu.o
                0x00000000080037f0                str_by_num
 .text.init_test_menu
                0x0000000008003880       0x44 ./Core/Src/menu.o
                0x0000000008003880                init_test_menu
 .text.init_exit_menu
                0x00000000080038c4       0x44 ./Core/Src/menu.o
                0x00000000080038c4                init_exit_menu
 .text.init_post_number_menu
                0x0000000008003908      0x1bc ./Core/Src/menu.o
                0x0000000008003908                init_post_number_menu
 .text.init_mode_menu
                0x0000000008003ac4       0xc8 ./Core/Src/menu.o
                0x0000000008003ac4                init_mode_menu
 .text.init_motors_menu
                0x0000000008003b8c      0x148 ./Core/Src/menu.o
                0x0000000008003b8c                init_motors_menu
 .text.init_drivers_list
                0x0000000008003cd4       0xa4 ./Core/Src/menu.o
                0x0000000008003cd4                init_drivers_list
 .text.display_menu_item
                0x0000000008003d78      0x1b4 ./Core/Src/menu.o
                0x0000000008003d78                display_menu_item
 .text.act_submenu_pos
                0x0000000008003f2c       0xa8 ./Core/Src/menu.o
                0x0000000008003f2c                act_submenu_pos
 .text.act_exit
                0x0000000008003fd4       0x1a ./Core/Src/menu.o
                0x0000000008003fd4                act_exit
 *fill*         0x0000000008003fee        0x2 
 .text.act_test_relays
                0x0000000008003ff0       0x20 ./Core/Src/menu.o
                0x0000000008003ff0                act_test_relays
 .text.act_goto_parent
                0x0000000008004010       0x90 ./Core/Src/menu.o
                0x0000000008004010                act_goto_parent
 .text.act_set_active
                0x00000000080040a0       0x8a ./Core/Src/menu.o
                0x00000000080040a0                act_set_active
 .text.act_goto_menu_aux
                0x000000000800412a       0x62 ./Core/Src/menu.o
                0x000000000800412a                act_goto_menu_aux
 .text.add_relay
                0x000000000800418c       0x46 ./Core/Src/relays.o
                0x000000000800418c                add_relay
 *fill*         0x00000000080041d2        0x2 
 .text.init_gpio_entity
                0x00000000080041d4       0xb4 ./Core/Src/relays.o
                0x00000000080041d4                init_gpio_entity
 .text.HAL_MspInit
                0x0000000008004288       0x54 ./Core/Src/stm32f0xx_hal_msp.o
                0x0000000008004288                HAL_MspInit
 .text.HAL_I2C_MspInit
                0x00000000080042dc       0x9c ./Core/Src/stm32f0xx_hal_msp.o
                0x00000000080042dc                HAL_I2C_MspInit
 .text.HAL_UART_MspInit
                0x0000000008004378      0x18c ./Core/Src/stm32f0xx_hal_msp.o
                0x0000000008004378                HAL_UART_MspInit
 .text.HAL_InitTick
                0x0000000008004504       0xb8 ./Core/Src/stm32f0xx_hal_timebase_tim.o
                0x0000000008004504                HAL_InitTick
 .text.NMI_Handler
                0x00000000080045bc        0x6 ./Core/Src/stm32f0xx_it.o
                0x00000000080045bc                NMI_Handler
 .text.HardFault_Handler
                0x00000000080045c2        0x6 ./Core/Src/stm32f0xx_it.o
                0x00000000080045c2                HardFault_Handler
 .text.TIM6_IRQHandler
                0x00000000080045c8       0x18 ./Core/Src/stm32f0xx_it.o
                0x00000000080045c8                TIM6_IRQHandler
 .text.init_usart
                0x00000000080045e0       0x34 ./Core/Src/stm32f0xx_it.o
                0x00000000080045e0                init_usart
 .text.init_usarts
                0x0000000008004614       0x44 ./Core/Src/stm32f0xx_it.o
                0x0000000008004614                init_usarts
 .text.set_incoming_byte_handler
                0x0000000008004658       0x34 ./Core/Src/stm32f0xx_it.o
                0x0000000008004658                set_incoming_byte_handler
 .text.send_bytes
                0x000000000800468c      0x100 ./Core/Src/stm32f0xx_it.o
                0x000000000800468c                send_bytes
 .text.send_byte_from_buffer
                0x000000000800478c       0x9c ./Core/Src/stm32f0xx_it.o
                0x000000000800478c                send_byte_from_buffer
 .text.process_accepted_byte
                0x0000000008004828       0x34 ./Core/Src/stm32f0xx_it.o
                0x0000000008004828                process_accepted_byte
 .text.usart_sending_on
                0x000000000800485c       0x1c ./Core/Src/stm32f0xx_it.o
                0x000000000800485c                usart_sending_on
 .text.usart_sending_off
                0x0000000008004878       0x2a ./Core/Src/stm32f0xx_it.o
                0x0000000008004878                usart_sending_off
 *fill*         0x00000000080048a2        0x2 
 .text.set_rs_mode
                0x00000000080048a4       0x74 ./Core/Src/stm32f0xx_it.o
                0x00000000080048a4                set_rs_mode
 .text.default_usart_handler
                0x0000000008004918       0x7a ./Core/Src/stm32f0xx_it.o
                0x0000000008004918                default_usart_handler
 *fill*         0x0000000008004992        0x2 
 .text.flash_read
                0x0000000008004994       0x1c ./Core/Src/stm32f0xx_it.o
                0x0000000008004994                flash_read
 .text.flash_write
                0x00000000080049b0       0x60 ./Core/Src/stm32f0xx_it.o
                0x00000000080049b0                flash_write
 .text.USART1_IRQHandler
                0x0000000008004a10       0x18 ./Core/Src/stm32f0xx_it.o
                0x0000000008004a10                USART1_IRQHandler
 .text.USART2_IRQHandler
                0x0000000008004a28       0x18 ./Core/Src/stm32f0xx_it.o
                0x0000000008004a28                USART2_IRQHandler
 .text._getpid  0x0000000008004a40        0xc ./Core/Src/syscalls.o
                0x0000000008004a40                _getpid
 .text._kill    0x0000000008004a4c       0x20 ./Core/Src/syscalls.o
                0x0000000008004a4c                _kill
 .text._exit    0x0000000008004a6c       0x18 ./Core/Src/syscalls.o
                0x0000000008004a6c                _exit
 .text._read    0x0000000008004a84       0x3a ./Core/Src/syscalls.o
                0x0000000008004a84                _read
 .text._write   0x0000000008004abe       0x38 ./Core/Src/syscalls.o
                0x0000000008004abe                _write
 .text._close   0x0000000008004af6       0x14 ./Core/Src/syscalls.o
                0x0000000008004af6                _close
 .text._fstat   0x0000000008004b0a       0x1c ./Core/Src/syscalls.o
                0x0000000008004b0a                _fstat
 .text._isatty  0x0000000008004b26       0x12 ./Core/Src/syscalls.o
                0x0000000008004b26                _isatty
 .text._lseek   0x0000000008004b38       0x16 ./Core/Src/syscalls.o
                0x0000000008004b38                _lseek
 *fill*         0x0000000008004b4e        0x2 
 .text._sbrk    0x0000000008004b50       0x6c ./Core/Src/sysmem.o
                0x0000000008004b50                _sbrk
 .text.SystemInit
                0x0000000008004bbc        0xa ./Core/Src/system_stm32f0xx.o
                0x0000000008004bbc                SystemInit
 *fill*         0x0000000008004bc6        0x2 
 .text.Reset_Handler
                0x0000000008004bc8       0x50 ./Core/Startup/startup_stm32f070cbtx.o
                0x0000000008004bc8                Reset_Handler
 .text.Default_Handler
                0x0000000008004c18        0x2 ./Core/Startup/startup_stm32f070cbtx.o
                0x0000000008004c18                TIM1_BRK_UP_TRG_COM_IRQHandler
                0x0000000008004c18                I2C1_IRQHandler
                0x0000000008004c18                SPI1_IRQHandler
                0x0000000008004c18                USART3_4_IRQHandler
                0x0000000008004c18                EXTI2_3_IRQHandler
                0x0000000008004c18                ADC1_IRQHandler
                0x0000000008004c18                I2C2_IRQHandler
                0x0000000008004c18                TIM17_IRQHandler
                0x0000000008004c18                RTC_IRQHandler
                0x0000000008004c18                TIM16_IRQHandler
                0x0000000008004c18                TIM3_IRQHandler
                0x0000000008004c18                EXTI4_15_IRQHandler
                0x0000000008004c18                RCC_IRQHandler
                0x0000000008004c18                DMA1_Channel1_IRQHandler
                0x0000000008004c18                Default_Handler
                0x0000000008004c18                TIM14_IRQHandler
                0x0000000008004c18                DMA1_Channel4_5_IRQHandler
                0x0000000008004c18                TIM7_IRQHandler
                0x0000000008004c18                TIM15_IRQHandler
                0x0000000008004c18                EXTI0_1_IRQHandler
                0x0000000008004c18                USB_IRQHandler
                0x0000000008004c18                SPI2_IRQHandler
                0x0000000008004c18                WWDG_IRQHandler
                0x0000000008004c18                DMA1_Channel2_3_IRQHandler
                0x0000000008004c18                FLASH_IRQHandler
                0x0000000008004c18                TIM1_CC_IRQHandler
 *fill*         0x0000000008004c1a        0x2 
 .text.HAL_Init
                0x0000000008004c1c       0x28 ./Drivers/STM32F0xx_HAL_Driver/Src/stm32f0xx_hal.o
                0x0000000008004c1c                HAL_Init
 .text.HAL_IncTick
                0x0000000008004c44       0x24 ./Drivers/STM32F0xx_HAL_Driver/Src/stm32f0xx_hal.o
                0x0000000008004c44                HAL_IncTick
 .text.HAL_GetTick
                0x0000000008004c68       0x14 ./Drivers/STM32F0xx_HAL_Driver/Src/stm32f0xx_hal.o
                0x0000000008004c68                HAL_GetTick
 .text.__NVIC_EnableIRQ
                0x0000000008004c7c       0x34 ./Drivers/STM32F0xx_HAL_Driver/Src/stm32f0xx_hal_cortex.o
 .text.__NVIC_SetPriority
                0x0000000008004cb0       0xdc ./Drivers/STM32F0xx_HAL_Driver/Src/stm32f0xx_hal_cortex.o
 .text.HAL_NVIC_SetPriority
                0x0000000008004d8c       0x2a ./Drivers/STM32F0xx_HAL_Driver/Src/stm32f0xx_hal_cortex.o
                0x0000000008004d8c                HAL_NVIC_SetPriority
 .text.HAL_NVIC_EnableIRQ
                0x0000000008004db6       0x20 ./Drivers/STM32F0xx_HAL_Driver/Src/stm32f0xx_hal_cortex.o
                0x0000000008004db6                HAL_NVIC_EnableIRQ
 *fill*         0x0000000008004dd6        0x2 
 .text.HAL_FLASH_Program
                0x0000000008004dd8      0x12c ./Drivers/STM32F0xx_HAL_Driver/Src/stm32f0xx_hal_flash.o
                0x0000000008004dd8                HAL_FLASH_Program
 .text.HAL_FLASH_Unlock
                0x0000000008004f04       0x4c ./Drivers/STM32F0xx_HAL_Driver/Src/stm32f0xx_hal_flash.o
                0x0000000008004f04                HAL_FLASH_Unlock
 .text.HAL_FLASH_Lock
                0x0000000008004f50       0x1c ./Drivers/STM32F0xx_HAL_Driver/Src/stm32f0xx_hal_flash.o
                0x0000000008004f50                HAL_FLASH_Lock
 .text.FLASH_Program_HalfWord
                0x0000000008004f6c       0x38 ./Drivers/STM32F0xx_HAL_Driver/Src/stm32f0xx_hal_flash.o
 .text.FLASH_WaitForLastOperation
                0x0000000008004fa4       0x80 ./Drivers/STM32F0xx_HAL_Driver/Src/stm32f0xx_hal_flash.o
                0x0000000008004fa4                FLASH_WaitForLastOperation
 .text.FLASH_SetErrorCode
                0x0000000008005024       0x60 ./Drivers/STM32F0xx_HAL_Driver/Src/stm32f0xx_hal_flash.o
 .text.HAL_FLASHEx_Erase
                0x0000000008005084       0xec ./Drivers/STM32F0xx_HAL_Driver/Src/stm32f0xx_hal_flash_ex.o
                0x0000000008005084                HAL_FLASHEx_Erase
 .text.FLASH_MassErase
                0x0000000008005170       0x30 ./Drivers/STM32F0xx_HAL_Driver/Src/stm32f0xx_hal_flash_ex.o
 .text.FLASH_PageErase
                0x00000000080051a0       0x3c ./Drivers/STM32F0xx_HAL_Driver/Src/stm32f0xx_hal_flash_ex.o
                0x00000000080051a0                FLASH_PageErase
 .text.HAL_GPIO_Init
                0x00000000080051dc      0x2e0 ./Drivers/STM32F0xx_HAL_Driver/Src/stm32f0xx_hal_gpio.o
                0x00000000080051dc                HAL_GPIO_Init
 .text.HAL_GPIO_ReadPin
                0x00000000080054bc       0x3a ./Drivers/STM32F0xx_HAL_Driver/Src/stm32f0xx_hal_gpio.o
                0x00000000080054bc                HAL_GPIO_ReadPin
 .text.HAL_GPIO_WritePin
                0x00000000080054f6       0x3a ./Drivers/STM32F0xx_HAL_Driver/Src/stm32f0xx_hal_gpio.o
                0x00000000080054f6                HAL_GPIO_WritePin
 .text.HAL_I2C_Init
                0x0000000008005530      0x12c ./Drivers/STM32F0xx_HAL_Driver/Src/stm32f0xx_hal_i2c.o
                0x0000000008005530                HAL_I2C_Init
 .text.HAL_I2C_Master_Transmit
                0x000000000800565c      0x210 ./Drivers/STM32F0xx_HAL_Driver/Src/stm32f0xx_hal_i2c.o
                0x000000000800565c                HAL_I2C_Master_Transmit
 .text.HAL_I2C_IsDeviceReady
                0x000000000800586c      0x234 ./Drivers/STM32F0xx_HAL_Driver/Src/stm32f0xx_hal_i2c.o
                0x000000000800586c                HAL_I2C_IsDeviceReady
 .text.I2C_Flush_TXDR
                0x0000000008005aa0       0x44 ./Drivers/STM32F0xx_HAL_Driver/Src/stm32f0xx_hal_i2c.o
 .text.I2C_WaitOnFlagUntilTimeout
                0x0000000008005ae4       0x7e ./Drivers/STM32F0xx_HAL_Driver/Src/stm32f0xx_hal_i2c.o
 .text.I2C_WaitOnTXISFlagUntilTimeout
                0x0000000008005b62       0x7e ./Drivers/STM32F0xx_HAL_Driver/Src/stm32f0xx_hal_i2c.o
 .text.I2C_WaitOnSTOPFlagUntilTimeout
                0x0000000008005be0       0x78 ./Drivers/STM32F0xx_HAL_Driver/Src/stm32f0xx_hal_i2c.o
 .text.I2C_IsAcknowledgeFailed
                0x0000000008005c58       0xcc ./Drivers/STM32F0xx_HAL_Driver/Src/stm32f0xx_hal_i2c.o
 .text.I2C_TransferConfig
                0x0000000008005d24       0x6c ./Drivers/STM32F0xx_HAL_Driver/Src/stm32f0xx_hal_i2c.o
 .text.HAL_I2CEx_ConfigAnalogFilter
                0x0000000008005d90       0x98 ./Drivers/STM32F0xx_HAL_Driver/Src/stm32f0xx_hal_i2c_ex.o
                0x0000000008005d90                HAL_I2CEx_ConfigAnalogFilter
 .text.HAL_I2CEx_ConfigDigitalFilter
                0x0000000008005e28       0x98 ./Drivers/STM32F0xx_HAL_Driver/Src/stm32f0xx_hal_i2c_ex.o
                0x0000000008005e28                HAL_I2CEx_ConfigDigitalFilter
 .text.HAL_RCC_OscConfig
                0x0000000008005ec0      0x63c ./Drivers/STM32F0xx_HAL_Driver/Src/stm32f0xx_hal_rcc.o
                0x0000000008005ec0                HAL_RCC_OscConfig
 .text.HAL_RCC_ClockConfig
                0x00000000080064fc      0x19c ./Drivers/STM32F0xx_HAL_Driver/Src/stm32f0xx_hal_rcc.o
                0x00000000080064fc                HAL_RCC_ClockConfig
 .text.HAL_RCC_GetSysClockFreq
                0x0000000008006698       0xcc ./Drivers/STM32F0xx_HAL_Driver/Src/stm32f0xx_hal_rcc.o
                0x0000000008006698                HAL_RCC_GetSysClockFreq
 .text.HAL_RCC_GetHCLKFreq
                0x0000000008006764       0x14 ./Drivers/STM32F0xx_HAL_Driver/Src/stm32f0xx_hal_rcc.o
                0x0000000008006764                HAL_RCC_GetHCLKFreq
 .text.HAL_RCC_GetPCLK1Freq
                0x0000000008006778       0x2c ./Drivers/STM32F0xx_HAL_Driver/Src/stm32f0xx_hal_rcc.o
                0x0000000008006778                HAL_RCC_GetPCLK1Freq
 .text.HAL_RCC_GetClockConfig
                0x00000000080067a4       0x54 ./Drivers/STM32F0xx_HAL_Driver/Src/stm32f0xx_hal_rcc.o
                0x00000000080067a4                HAL_RCC_GetClockConfig
 .text.HAL_RCCEx_PeriphCLKConfig
                0x00000000080067f8      0x1bc ./Drivers/STM32F0xx_HAL_Driver/Src/stm32f0xx_hal_rcc_ex.o
                0x00000000080067f8                HAL_RCCEx_PeriphCLKConfig
 .text.HAL_TIM_Base_Init
                0x00000000080069b4       0xa0 ./Drivers/STM32F0xx_HAL_Driver/Src/stm32f0xx_hal_tim.o
                0x00000000080069b4                HAL_TIM_Base_Init
 .text.HAL_TIM_Base_MspInit
                0x0000000008006a54       0x10 ./Drivers/STM32F0xx_HAL_Driver/Src/stm32f0xx_hal_tim.o
                0x0000000008006a54                HAL_TIM_Base_MspInit
 .text.HAL_TIM_Base_Start_IT
                0x0000000008006a64       0x98 ./Drivers/STM32F0xx_HAL_Driver/Src/stm32f0xx_hal_tim.o
                0x0000000008006a64                HAL_TIM_Base_Start_IT
 .text.HAL_TIM_IRQHandler
                0x0000000008006afc      0x22c ./Drivers/STM32F0xx_HAL_Driver/Src/stm32f0xx_hal_tim.o
                0x0000000008006afc                HAL_TIM_IRQHandler
 .text.HAL_TIM_OC_DelayElapsedCallback
                0x0000000008006d28       0x10 ./Drivers/STM32F0xx_HAL_Driver/Src/stm32f0xx_hal_tim.o
                0x0000000008006d28                HAL_TIM_OC_DelayElapsedCallback
 .text.HAL_TIM_IC_CaptureCallback
                0x0000000008006d38       0x10 ./Drivers/STM32F0xx_HAL_Driver/Src/stm32f0xx_hal_tim.o
                0x0000000008006d38                HAL_TIM_IC_CaptureCallback
 .text.HAL_TIM_PWM_PulseFinishedCallback
                0x0000000008006d48       0x10 ./Drivers/STM32F0xx_HAL_Driver/Src/stm32f0xx_hal_tim.o
                0x0000000008006d48                HAL_TIM_PWM_PulseFinishedCallback
 .text.HAL_TIM_TriggerCallback
                0x0000000008006d58       0x10 ./Drivers/STM32F0xx_HAL_Driver/Src/stm32f0xx_hal_tim.o
                0x0000000008006d58                HAL_TIM_TriggerCallback
 .text.TIM_Base_SetConfig
                0x0000000008006d68       0xec ./Drivers/STM32F0xx_HAL_Driver/Src/stm32f0xx_hal_tim.o
                0x0000000008006d68                TIM_Base_SetConfig
 .text.HAL_TIMEx_CommutCallback
                0x0000000008006e54       0x10 ./Drivers/STM32F0xx_HAL_Driver/Src/stm32f0xx_hal_tim_ex.o
                0x0000000008006e54                HAL_TIMEx_CommutCallback
 .text.HAL_TIMEx_BreakCallback
                0x0000000008006e64       0x10 ./Drivers/STM32F0xx_HAL_Driver/Src/stm32f0xx_hal_tim_ex.o
                0x0000000008006e64                HAL_TIMEx_BreakCallback
 .text.UART_SetConfig
                0x0000000008006e74      0x2b0 ./Drivers/STM32F0xx_HAL_Driver/Src/stm32f0xx_hal_uart.o
                0x0000000008006e74                UART_SetConfig
 .text.UART_AdvFeatureConfig
                0x0000000008007124      0x168 ./Drivers/STM32F0xx_HAL_Driver/Src/stm32f0xx_hal_uart.o
                0x0000000008007124                UART_AdvFeatureConfig
 .text.UART_CheckIdleState
                0x000000000800728c       0x90 ./Drivers/STM32F0xx_HAL_Driver/Src/stm32f0xx_hal_uart.o
                0x000000000800728c                UART_CheckIdleState
 .text.UART_WaitOnFlagUntilTimeout
                0x000000000800731c       0xfc ./Drivers/STM32F0xx_HAL_Driver/Src/stm32f0xx_hal_uart.o
                0x000000000800731c                UART_WaitOnFlagUntilTimeout
 .text.HAL_RS485Ex_Init
                0x0000000008007418       0xe0 ./Drivers/STM32F0xx_HAL_Driver/Src/stm32f0xx_hal_uart_ex.o
                0x0000000008007418                HAL_RS485Ex_Init
 .text.osKernelInitialize
                0x00000000080074f8       0x58 ./Middlewares/Third_Party/FreeRTOS/Source/CMSIS_RTOS_V2/cmsis_os2.o
                0x00000000080074f8                osKernelInitialize
 .text.osKernelStart
                0x0000000008007550       0x5c ./Middlewares/Third_Party/FreeRTOS/Source/CMSIS_RTOS_V2/cmsis_os2.o
                0x0000000008007550                osKernelStart
 .text.osThreadNew
                0x00000000080075ac      0x150 ./Middlewares/Third_Party/FreeRTOS/Source/CMSIS_RTOS_V2/cmsis_os2.o
                0x00000000080075ac                osThreadNew
 .text.osDelay  0x00000000080076fc       0x50 ./Middlewares/Third_Party/FreeRTOS/Source/CMSIS_RTOS_V2/cmsis_os2.o
                0x00000000080076fc                osDelay
 .text.vApplicationGetIdleTaskMemory
                0x000000000800774c       0x30 ./Middlewares/Third_Party/FreeRTOS/Source/CMSIS_RTOS_V2/cmsis_os2.o
                0x000000000800774c                vApplicationGetIdleTaskMemory
 .text.vApplicationGetTimerTaskMemory
                0x000000000800777c       0x30 ./Middlewares/Third_Party/FreeRTOS/Source/CMSIS_RTOS_V2/cmsis_os2.o
                0x000000000800777c                vApplicationGetTimerTaskMemory
 .text.vListInitialise
                0x00000000080077ac       0x3c ./Middlewares/Third_Party/FreeRTOS/Source/list.o
                0x00000000080077ac                vListInitialise
 .text.vListInitialiseItem
                0x00000000080077e8       0x16 ./Middlewares/Third_Party/FreeRTOS/Source/list.o
                0x00000000080077e8                vListInitialiseItem
 .text.vListInsertEnd
                0x00000000080077fe       0x44 ./Middlewares/Third_Party/FreeRTOS/Source/list.o
                0x00000000080077fe                vListInsertEnd
 .text.vListInsert
                0x0000000008007842       0x6c ./Middlewares/Third_Party/FreeRTOS/Source/list.o
                0x0000000008007842                vListInsert
 .text.uxListRemove
                0x00000000080078ae       0x50 ./Middlewares/Third_Party/FreeRTOS/Source/list.o
                0x00000000080078ae                uxListRemove
 .text.xQueueGenericReset
                0x00000000080078fe       0xa8 ./Middlewares/Third_Party/FreeRTOS/Source/queue.o
                0x00000000080078fe                xQueueGenericReset
 .text.xQueueGenericCreateStatic
                0x00000000080079a6       0x96 ./Middlewares/Third_Party/FreeRTOS/Source/queue.o
                0x00000000080079a6                xQueueGenericCreateStatic
 .text.prvInitialiseNewQueue
                0x0000000008007a3c       0x4e ./Middlewares/Third_Party/FreeRTOS/Source/queue.o
 .text.xQueueGenericSend
                0x0000000008007a8a      0x188 ./Middlewares/Third_Party/FreeRTOS/Source/queue.o
                0x0000000008007a8a                xQueueGenericSend
 .text.xQueueGenericSendFromISR
                0x0000000008007c12       0xe2 ./Middlewares/Third_Party/FreeRTOS/Source/queue.o
                0x0000000008007c12                xQueueGenericSendFromISR
 .text.xQueueReceive
                0x0000000008007cf4      0x16a ./Middlewares/Third_Party/FreeRTOS/Source/queue.o
                0x0000000008007cf4                xQueueReceive
 .text.prvCopyDataToQueue
                0x0000000008007e5e       0xd6 ./Middlewares/Third_Party/FreeRTOS/Source/queue.o
 .text.prvCopyDataFromQueue
                0x0000000008007f34       0x4c ./Middlewares/Third_Party/FreeRTOS/Source/queue.o
 .text.prvUnlockQueue
                0x0000000008007f80       0xbc ./Middlewares/Third_Party/FreeRTOS/Source/queue.o
 .text.prvIsQueueEmpty
                0x000000000800803c       0x2c ./Middlewares/Third_Party/FreeRTOS/Source/queue.o
 .text.prvIsQueueFull
                0x0000000008008068       0x30 ./Middlewares/Third_Party/FreeRTOS/Source/queue.o
 .text.vQueueAddToRegistry
                0x0000000008008098       0x50 ./Middlewares/Third_Party/FreeRTOS/Source/queue.o
                0x0000000008008098                vQueueAddToRegistry
 .text.vQueueWaitForMessageRestricted
                0x00000000080080e8       0x66 ./Middlewares/Third_Party/FreeRTOS/Source/queue.o
                0x00000000080080e8                vQueueWaitForMessageRestricted
 .text.xTaskCreateStatic
                0x000000000800814e       0x86 ./Middlewares/Third_Party/FreeRTOS/Source/tasks.o
                0x000000000800814e                xTaskCreateStatic
 .text.xTaskCreate
                0x00000000080081d4       0x98 ./Middlewares/Third_Party/FreeRTOS/Source/tasks.o
                0x00000000080081d4                xTaskCreate
 .text.prvInitialiseNewTask
                0x000000000800826c      0x104 ./Middlewares/Third_Party/FreeRTOS/Source/tasks.o
 .text.prvAddNewTaskToReadyList
                0x0000000008008370       0xd0 ./Middlewares/Third_Party/FreeRTOS/Source/tasks.o
 .text.vTaskDelay
                0x0000000008008440       0x4c ./Middlewares/Third_Party/FreeRTOS/Source/tasks.o
                0x0000000008008440                vTaskDelay
 .text.vTaskStartScheduler
                0x000000000800848c       0xa8 ./Middlewares/Third_Party/FreeRTOS/Source/tasks.o
                0x000000000800848c                vTaskStartScheduler
 .text.vTaskSuspendAll
                0x0000000008008534       0x18 ./Middlewares/Third_Party/FreeRTOS/Source/tasks.o
                0x0000000008008534                vTaskSuspendAll
 .text.xTaskResumeAll
                0x000000000800854c      0x118 ./Middlewares/Third_Party/FreeRTOS/Source/tasks.o
                0x000000000800854c                xTaskResumeAll
 .text.xTaskGetTickCount
                0x0000000008008664       0x1c ./Middlewares/Third_Party/FreeRTOS/Source/tasks.o
                0x0000000008008664                xTaskGetTickCount
 .text.xTaskIncrementTick
                0x0000000008008680      0x168 ./Middlewares/Third_Party/FreeRTOS/Source/tasks.o
                0x0000000008008680                xTaskIncrementTick
 .text.vTaskSwitchContext
                0x00000000080087e8       0xa4 ./Middlewares/Third_Party/FreeRTOS/Source/tasks.o
                0x00000000080087e8                vTaskSwitchContext
 .text.vTaskPlaceOnEventList
                0x000000000800888c       0x3c ./Middlewares/Third_Party/FreeRTOS/Source/tasks.o
                0x000000000800888c                vTaskPlaceOnEventList
 .text.vTaskPlaceOnEventListRestricted
                0x00000000080088c8       0x4c ./Middlewares/Third_Party/FreeRTOS/Source/tasks.o
                0x00000000080088c8                vTaskPlaceOnEventListRestricted
 .text.xTaskRemoveFromEventList
                0x0000000008008914       0xb8 ./Middlewares/Third_Party/FreeRTOS/Source/tasks.o
                0x0000000008008914                xTaskRemoveFromEventList
 .text.vTaskInternalSetTimeOutState
                0x00000000080089cc       0x28 ./Middlewares/Third_Party/FreeRTOS/Source/tasks.o
                0x00000000080089cc                vTaskInternalSetTimeOutState
 .text.xTaskCheckForTimeOut
                0x00000000080089f4       0xa0 ./Middlewares/Third_Party/FreeRTOS/Source/tasks.o
                0x00000000080089f4                xTaskCheckForTimeOut
 .text.vTaskMissedYield
                0x0000000008008a94       0x14 ./Middlewares/Third_Party/FreeRTOS/Source/tasks.o
                0x0000000008008a94                vTaskMissedYield
 .text.prvIdleTask
                0x0000000008008aa8       0x20 ./Middlewares/Third_Party/FreeRTOS/Source/tasks.o
 .text.prvInitialiseTaskLists
                0x0000000008008ac8       0x88 ./Middlewares/Third_Party/FreeRTOS/Source/tasks.o
 .text.prvCheckTasksWaitingTermination
                0x0000000008008b50       0x5c ./Middlewares/Third_Party/FreeRTOS/Source/tasks.o
 .text.prvDeleteTCB
                0x0000000008008bac       0x50 ./Middlewares/Third_Party/FreeRTOS/Source/tasks.o
 .text.prvResetNextTaskUnblockTime
                0x0000000008008bfc       0x48 ./Middlewares/Third_Party/FreeRTOS/Source/tasks.o
 .text.xTaskGetSchedulerState
                0x0000000008008c44       0x38 ./Middlewares/Third_Party/FreeRTOS/Source/tasks.o
                0x0000000008008c44                xTaskGetSchedulerState
 .text.xTaskPriorityDisinherit
                0x0000000008008c7c       0xb8 ./Middlewares/Third_Party/FreeRTOS/Source/tasks.o
                0x0000000008008c7c                xTaskPriorityDisinherit
 .text.prvAddCurrentTaskToDelayedList
                0x0000000008008d34       0xa8 ./Middlewares/Third_Party/FreeRTOS/Source/tasks.o
 .text.xTimerCreateTimerTask
                0x0000000008008ddc       0x7c ./Middlewares/Third_Party/FreeRTOS/Source/timers.o
                0x0000000008008ddc                xTimerCreateTimerTask
 .text.xTimerGenericCommand
                0x0000000008008e58       0x94 ./Middlewares/Third_Party/FreeRTOS/Source/timers.o
                0x0000000008008e58                xTimerGenericCommand
 .text.prvProcessExpiredTimer
                0x0000000008008eec       0x70 ./Middlewares/Third_Party/FreeRTOS/Source/timers.o
 .text.prvTimerTask
                0x0000000008008f5c       0x28 ./Middlewares/Third_Party/FreeRTOS/Source/timers.o
 .text.prvProcessTimerOrBlockTask
                0x0000000008008f84       0x8c ./Middlewares/Third_Party/FreeRTOS/Source/timers.o
 .text.prvGetNextExpireTime
                0x0000000008009010       0x40 ./Middlewares/Third_Party/FreeRTOS/Source/timers.o
 .text.prvSampleTimeNow
                0x0000000008009050       0x40 ./Middlewares/Third_Party/FreeRTOS/Source/timers.o
 .text.prvInsertTimerInActiveList
                0x0000000008009090       0x84 ./Middlewares/Third_Party/FreeRTOS/Source/timers.o
 .text.prvProcessReceivedCommands
                0x0000000008009114      0x130 ./Middlewares/Third_Party/FreeRTOS/Source/timers.o
 .text.prvSwitchTimerLists
                0x0000000008009244       0xb4 ./Middlewares/Third_Party/FreeRTOS/Source/timers.o
 .text.prvCheckForValidListAndQueue
                0x00000000080092f8       0x84 ./Middlewares/Third_Party/FreeRTOS/Source/timers.o
 .text.pxPortInitialiseStack
                0x000000000800937c       0x54 ./Middlewares/Third_Party/FreeRTOS/Source/portable/GCC/ARM_CM0/port.o
                0x000000000800937c                pxPortInitialiseStack
 .text.prvTaskExitError
                0x00000000080093d0       0x30 ./Middlewares/Third_Party/FreeRTOS/Source/portable/GCC/ARM_CM0/port.o
 .text.SVC_Handler
                0x0000000008009400        0xa ./Middlewares/Third_Party/FreeRTOS/Source/portable/GCC/ARM_CM0/port.o
                0x0000000008009400                SVC_Handler
 *fill*         0x000000000800940a        0x6 
 .text.vPortStartFirstTask
                0x0000000008009410       0x38 ./Middlewares/Third_Party/FreeRTOS/Source/portable/GCC/ARM_CM0/port.o
 .text.xPortStartScheduler
                0x0000000008009448       0x48 ./Middlewares/Third_Party/FreeRTOS/Source/portable/GCC/ARM_CM0/port.o
                0x0000000008009448                xPortStartScheduler
 .text.vPortYield
                0x0000000008009490       0x20 ./Middlewares/Third_Party/FreeRTOS/Source/portable/GCC/ARM_CM0/port.o
                0x0000000008009490                vPortYield
 .text.vPortEnterCritical
                0x00000000080094b0       0x24 ./Middlewares/Third_Party/FreeRTOS/Source/portable/GCC/ARM_CM0/port.o
                0x00000000080094b0                vPortEnterCritical
 .text.vPortExitCritical
                0x00000000080094d4       0x30 ./Middlewares/Third_Party/FreeRTOS/Source/portable/GCC/ARM_CM0/port.o
                0x00000000080094d4                vPortExitCritical
 .text.ulSetInterruptMaskFromISR
                0x0000000008009504        0xc ./Middlewares/Third_Party/FreeRTOS/Source/portable/GCC/ARM_CM0/port.o
                0x0000000008009504                ulSetInterruptMaskFromISR
 .text.vClearInterruptMaskFromISR
                0x0000000008009510        0x8 ./Middlewares/Third_Party/FreeRTOS/Source/portable/GCC/ARM_CM0/port.o
                0x0000000008009510                vClearInterruptMaskFromISR
 *fill*         0x0000000008009518        0x8 
 .text.PendSV_Handler
                0x0000000008009520       0x48 ./Middlewares/Third_Party/FreeRTOS/Source/portable/GCC/ARM_CM0/port.o
                0x0000000008009520                PendSV_Handler
 .text.SysTick_Handler
                0x0000000008009568       0x34 ./Middlewares/Third_Party/FreeRTOS/Source/portable/GCC/ARM_CM0/port.o
                0x0000000008009568                SysTick_Handler
 .text.prvSetupTimerInterrupt
                0x000000000800959c       0x44 ./Middlewares/Third_Party/FreeRTOS/Source/portable/GCC/ARM_CM0/port.o
 .text.pvPortMalloc
                0x00000000080095e0      0x14c ./Middlewares/Third_Party/FreeRTOS/Source/portable/MemMang/heap_4.o
                0x00000000080095e0                pvPortMalloc
 .text.vPortFree
                0x000000000800972c       0x90 ./Middlewares/Third_Party/FreeRTOS/Source/portable/MemMang/heap_4.o
                0x000000000800972c                vPortFree
 .text.prvHeapInit
                0x00000000080097bc       0xc0 ./Middlewares/Third_Party/FreeRTOS/Source/portable/MemMang/heap_4.o
 .text.prvInsertBlockIntoFreeList
                0x000000000800987c       0xb0 ./Middlewares/Third_Party/FreeRTOS/Source/portable/MemMang/heap_4.o
 .text.malloc   0x000000000800992c       0x14 /Applications/STM32CubeIDE.app/Contents/Eclipse/plugins/com.st.stm32cube.ide.mcu.externaltools.gnu-tools-for-stm32.11.3.rel1.macos64_1.1.1.202309131626/tools/bin/../lib/gcc/arm-none-eabi/11.3.1/../../../../arm-none-eabi/lib/thumb/v6-m/nofp/libc_nano.a(libc_a-malloc.o)
                0x000000000800992c                malloc
 .text.sbrk_aligned
                0x0000000008009940       0x44 /Applications/STM32CubeIDE.app/Contents/Eclipse/plugins/com.st.stm32cube.ide.mcu.externaltools.gnu-tools-for-stm32.11.3.rel1.macos64_1.1.1.202309131626/tools/bin/../lib/gcc/arm-none-eabi/11.3.1/../../../../arm-none-eabi/lib/thumb/v6-m/nofp/libc_nano.a(libc_a-mallocr.o)
 .text._malloc_r
                0x0000000008009984      0x104 /Applications/STM32CubeIDE.app/Contents/Eclipse/plugins/com.st.stm32cube.ide.mcu.externaltools.gnu-tools-for-stm32.11.3.rel1.macos64_1.1.1.202309131626/tools/bin/../lib/gcc/arm-none-eabi/11.3.1/../../../../arm-none-eabi/lib/thumb/v6-m/nofp/libc_nano.a(libc_a-mallocr.o)
                0x0000000008009984                _malloc_r
 .text.__malloc_lock
                0x0000000008009a88       0x10 /Applications/STM32CubeIDE.app/Contents/Eclipse/plugins/com.st.stm32cube.ide.mcu.externaltools.gnu-tools-for-stm32.11.3.rel1.macos64_1.1.1.202309131626/tools/bin/../lib/gcc/arm-none-eabi/11.3.1/../../../../arm-none-eabi/lib/thumb/v6-m/nofp/libc_nano.a(libc_a-mlock.o)
                0x0000000008009a88                __malloc_lock
 .text.__malloc_unlock
                0x0000000008009a98       0x10 /Applications/STM32CubeIDE.app/Contents/Eclipse/plugins/com.st.stm32cube.ide.mcu.externaltools.gnu-tools-for-stm32.11.3.rel1.macos64_1.1.1.202309131626/tools/bin/../lib/gcc/arm-none-eabi/11.3.1/../../../../arm-none-eabi/lib/thumb/v6-m/nofp/libc_nano.a(libc_a-mlock.o)
                0x0000000008009a98                __malloc_unlock
 .text.rand     0x0000000008009aa8       0x7c /Applications/STM32CubeIDE.app/Contents/Eclipse/plugins/com.st.stm32cube.ide.mcu.externaltools.gnu-tools-for-stm32.11.3.rel1.macos64_1.1.1.202309131626/tools/bin/../lib/gcc/arm-none-eabi/11.3.1/../../../../arm-none-eabi/lib/thumb/v6-m/nofp/libc_nano.a(libc_a-rand.o)
                0x0000000008009aa8                rand
 .text.std      0x0000000008009b24       0x6c /Applications/STM32CubeIDE.app/Contents/Eclipse/plugins/com.st.stm32cube.ide.mcu.externaltools.gnu-tools-for-stm32.11.3.rel1.macos64_1.1.1.202309131626/tools/bin/../lib/gcc/arm-none-eabi/11.3.1/../../../../arm-none-eabi/lib/thumb/v6-m/nofp/libc_nano.a(libc_a-findfp.o)
 .text.stdio_exit_handler
                0x0000000008009b90       0x1c /Applications/STM32CubeIDE.app/Contents/Eclipse/plugins/com.st.stm32cube.ide.mcu.externaltools.gnu-tools-for-stm32.11.3.rel1.macos64_1.1.1.202309131626/tools/bin/../lib/gcc/arm-none-eabi/11.3.1/../../../../arm-none-eabi/lib/thumb/v6-m/nofp/libc_nano.a(libc_a-findfp.o)
 .text.cleanup_stdio
                0x0000000008009bac       0x3c /Applications/STM32CubeIDE.app/Contents/Eclipse/plugins/com.st.stm32cube.ide.mcu.externaltools.gnu-tools-for-stm32.11.3.rel1.macos64_1.1.1.202309131626/tools/bin/../lib/gcc/arm-none-eabi/11.3.1/../../../../arm-none-eabi/lib/thumb/v6-m/nofp/libc_nano.a(libc_a-findfp.o)
 .text.global_stdio_init.part.0
                0x0000000008009be8       0x3c /Applications/STM32CubeIDE.app/Contents/Eclipse/plugins/com.st.stm32cube.ide.mcu.externaltools.gnu-tools-for-stm32.11.3.rel1.macos64_1.1.1.202309131626/tools/bin/../lib/gcc/arm-none-eabi/11.3.1/../../../../arm-none-eabi/lib/thumb/v6-m/nofp/libc_nano.a(libc_a-findfp.o)
 .text.__sfp_lock_acquire
                0x0000000008009c24       0x10 /Applications/STM32CubeIDE.app/Contents/Eclipse/plugins/com.st.stm32cube.ide.mcu.externaltools.gnu-tools-for-stm32.11.3.rel1.macos64_1.1.1.202309131626/tools/bin/../lib/gcc/arm-none-eabi/11.3.1/../../../../arm-none-eabi/lib/thumb/v6-m/nofp/libc_nano.a(libc_a-findfp.o)
                0x0000000008009c24                __sfp_lock_acquire
 .text.__sfp_lock_release
                0x0000000008009c34       0x10 /Applications/STM32CubeIDE.app/Contents/Eclipse/plugins/com.st.stm32cube.ide.mcu.externaltools.gnu-tools-for-stm32.11.3.rel1.macos64_1.1.1.202309131626/tools/bin/../lib/gcc/arm-none-eabi/11.3.1/../../../../arm-none-eabi/lib/thumb/v6-m/nofp/libc_nano.a(libc_a-findfp.o)
                0x0000000008009c34                __sfp_lock_release
 .text.__sinit  0x0000000008009c44       0x30 /Applications/STM32CubeIDE.app/Contents/Eclipse/plugins/com.st.stm32cube.ide.mcu.externaltools.gnu-tools-for-stm32.11.3.rel1.macos64_1.1.1.202309131626/tools/bin/../lib/gcc/arm-none-eabi/11.3.1/../../../../arm-none-eabi/lib/thumb/v6-m/nofp/libc_nano.a(libc_a-findfp.o)
                0x0000000008009c44                __sinit
 .text._fwalk_sglue
                0x0000000008009c74       0x38 /Applications/STM32CubeIDE.app/Contents/Eclipse/plugins/com.st.stm32cube.ide.mcu.externaltools.gnu-tools-for-stm32.11.3.rel1.macos64_1.1.1.202309131626/tools/bin/../lib/gcc/arm-none-eabi/11.3.1/../../../../arm-none-eabi/lib/thumb/v6-m/nofp/libc_nano.a(libc_a-fwalk.o)
                0x0000000008009c74                _fwalk_sglue
 .text.memset   0x0000000008009cac       0x10 /Applications/STM32CubeIDE.app/Contents/Eclipse/plugins/com.st.stm32cube.ide.mcu.externaltools.gnu-tools-for-stm32.11.3.rel1.macos64_1.1.1.202309131626/tools/bin/../lib/gcc/arm-none-eabi/11.3.1/../../../../arm-none-eabi/lib/thumb/v6-m/nofp/libc_nano.a(libc_a-memset.o)
                0x0000000008009cac                memset
 .text._sbrk_r  0x0000000008009cbc       0x24 /Applications/STM32CubeIDE.app/Contents/Eclipse/plugins/com.st.stm32cube.ide.mcu.externaltools.gnu-tools-for-stm32.11.3.rel1.macos64_1.1.1.202309131626/tools/bin/../lib/gcc/arm-none-eabi/11.3.1/../../../../arm-none-eabi/lib/thumb/v6-m/nofp/libc_nano.a(libc_a-sbrkr.o)
                0x0000000008009cbc                _sbrk_r
 .text.__errno  0x0000000008009ce0        0xc /Applications/STM32CubeIDE.app/Contents/Eclipse/plugins/com.st.stm32cube.ide.mcu.externaltools.gnu-tools-for-stm32.11.3.rel1.macos64_1.1.1.202309131626/tools/bin/../lib/gcc/arm-none-eabi/11.3.1/../../../../arm-none-eabi/lib/thumb/v6-m/nofp/libc_nano.a(libc_a-errno.o)
                0x0000000008009ce0                __errno
 .text.__libc_init_array
                0x0000000008009cec       0x48 /Applications/STM32CubeIDE.app/Contents/Eclipse/plugins/com.st.stm32cube.ide.mcu.externaltools.gnu-tools-for-stm32.11.3.rel1.macos64_1.1.1.202309131626/tools/bin/../lib/gcc/arm-none-eabi/11.3.1/../../../../arm-none-eabi/lib/thumb/v6-m/nofp/libc_nano.a(libc_a-init.o)
                0x0000000008009cec                __libc_init_array
 .text.__retarget_lock_init_recursive
                0x0000000008009d34        0x2 /Applications/STM32CubeIDE.app/Contents/Eclipse/plugins/com.st.stm32cube.ide.mcu.externaltools.gnu-tools-for-stm32.11.3.rel1.macos64_1.1.1.202309131626/tools/bin/../lib/gcc/arm-none-eabi/11.3.1/../../../../arm-none-eabi/lib/thumb/v6-m/nofp/libc_nano.a(libc_a-lock.o)
                0x0000000008009d34                __retarget_lock_init_recursive
 .text.__retarget_lock_acquire_recursive
                0x0000000008009d36        0x2 /Applications/STM32CubeIDE.app/Contents/Eclipse/plugins/com.st.stm32cube.ide.mcu.externaltools.gnu-tools-for-stm32.11.3.rel1.macos64_1.1.1.202309131626/tools/bin/../lib/gcc/arm-none-eabi/11.3.1/../../../../arm-none-eabi/lib/thumb/v6-m/nofp/libc_nano.a(libc_a-lock.o)
                0x0000000008009d36                __retarget_lock_acquire_recursive
 .text.__retarget_lock_release_recursive
                0x0000000008009d38        0x2 /Applications/STM32CubeIDE.app/Contents/Eclipse/plugins/com.st.stm32cube.ide.mcu.externaltools.gnu-tools-for-stm32.11.3.rel1.macos64_1.1.1.202309131626/tools/bin/../lib/gcc/arm-none-eabi/11.3.1/../../../../arm-none-eabi/lib/thumb/v6-m/nofp/libc_nano.a(libc_a-lock.o)
                0x0000000008009d38                __retarget_lock_release_recursive
 .text.memcpy   0x0000000008009d3a       0x12 /Applications/STM32CubeIDE.app/Contents/Eclipse/plugins/com.st.stm32cube.ide.mcu.externaltools.gnu-tools-for-stm32.11.3.rel1.macos64_1.1.1.202309131626/tools/bin/../lib/gcc/arm-none-eabi/11.3.1/../../../../arm-none-eabi/lib/thumb/v6-m/nofp/libc_nano.a(libc_a-memcpy-stub.o)
                0x0000000008009d3a                memcpy
 .text.__assert_func
                0x0000000008009d4c       0x3c /Applications/STM32CubeIDE.app/Contents/Eclipse/plugins/com.st.stm32cube.ide.mcu.externaltools.gnu-tools-for-stm32.11.3.rel1.macos64_1.1.1.202309131626/tools/bin/../lib/gcc/arm-none-eabi/11.3.1/../../../../arm-none-eabi/lib/thumb/v6-m/nofp/libc_nano.a(libc_a-assert.o)
                0x0000000008009d4c                __assert_func
 .text._free_r  0x0000000008009d88       0x94 /Applications/STM32CubeIDE.app/Contents/Eclipse/plugins/com.st.stm32cube.ide.mcu.externaltools.gnu-tools-for-stm32.11.3.rel1.macos64_1.1.1.202309131626/tools/bin/../lib/gcc/arm-none-eabi/11.3.1/../../../../arm-none-eabi/lib/thumb/v6-m/nofp/libc_nano.a(libc_a-freer.o)
                0x0000000008009d88                _free_r
 .text.__sflush_r
                0x0000000008009e1c      0x114 /Applications/STM32CubeIDE.app/Contents/Eclipse/plugins/com.st.stm32cube.ide.mcu.externaltools.gnu-tools-for-stm32.11.3.rel1.macos64_1.1.1.202309131626/tools/bin/../lib/gcc/arm-none-eabi/11.3.1/../../../../arm-none-eabi/lib/thumb/v6-m/nofp/libc_nano.a(libc_a-fflush.o)
                0x0000000008009e1c                __sflush_r
 .text._fflush_r
                0x0000000008009f30       0x56 /Applications/STM32CubeIDE.app/Contents/Eclipse/plugins/com.st.stm32cube.ide.mcu.externaltools.gnu-tools-for-stm32.11.3.rel1.macos64_1.1.1.202309131626/tools/bin/../lib/gcc/arm-none-eabi/11.3.1/../../../../arm-none-eabi/lib/thumb/v6-m/nofp/libc_nano.a(libc_a-fflush.o)
                0x0000000008009f30                _fflush_r
 *fill*         0x0000000008009f86        0x2 
 .text.__sread  0x0000000008009f88       0x28 /Applications/STM32CubeIDE.app/Contents/Eclipse/plugins/com.st.stm32cube.ide.mcu.externaltools.gnu-tools-for-stm32.11.3.rel1.macos64_1.1.1.202309131626/tools/bin/../lib/gcc/arm-none-eabi/11.3.1/../../../../arm-none-eabi/lib/thumb/v6-m/nofp/libc_nano.a(libc_a-stdio.o)
                0x0000000008009f88                __sread
 .text.__swrite
                0x0000000008009fb0       0x38 /Applications/STM32CubeIDE.app/Contents/Eclipse/plugins/com.st.stm32cube.ide.mcu.externaltools.gnu-tools-for-stm32.11.3.rel1.macos64_1.1.1.202309131626/tools/bin/../lib/gcc/arm-none-eabi/11.3.1/../../../../arm-none-eabi/lib/thumb/v6-m/nofp/libc_nano.a(libc_a-stdio.o)
                0x0000000008009fb0                __swrite
 .text.__sseek  0x0000000008009fe8       0x2c /Applications/STM32CubeIDE.app/Contents/Eclipse/plugins/com.st.stm32cube.ide.mcu.externaltools.gnu-tools-for-stm32.11.3.rel1.macos64_1.1.1.202309131626/tools/bin/../lib/gcc/arm-none-eabi/11.3.1/../../../../arm-none-eabi/lib/thumb/v6-m/nofp/libc_nano.a(libc_a-stdio.o)
                0x0000000008009fe8                __sseek
 .text.__sclose
                0x000000000800a014        0xc /Applications/STM32CubeIDE.app/Contents/Eclipse/plugins/com.st.stm32cube.ide.mcu.externaltools.gnu-tools-for-stm32.11.3.rel1.macos64_1.1.1.202309131626/tools/bin/../lib/gcc/arm-none-eabi/11.3.1/../../../../arm-none-eabi/lib/thumb/v6-m/nofp/libc_nano.a(libc_a-stdio.o)
                0x000000000800a014                __sclose
 .text.fprintf  0x000000000800a020       0x20 /Applications/STM32CubeIDE.app/Contents/Eclipse/plugins/com.st.stm32cube.ide.mcu.externaltools.gnu-tools-for-stm32.11.3.rel1.macos64_1.1.1.202309131626/tools/bin/../lib/gcc/arm-none-eabi/11.3.1/../../../../arm-none-eabi/lib/thumb/v6-m/nofp/libc_nano.a(libc_a-fprintf.o)
                0x000000000800a020                fprintf
                0x000000000800a020                fiprintf
 .text._close_r
                0x000000000800a040       0x24 /Applications/STM32CubeIDE.app/Contents/Eclipse/plugins/com.st.stm32cube.ide.mcu.externaltools.gnu-tools-for-stm32.11.3.rel1.macos64_1.1.1.202309131626/tools/bin/../lib/gcc/arm-none-eabi/11.3.1/../../../../arm-none-eabi/lib/thumb/v6-m/nofp/libc_nano.a(libc_a-closer.o)
                0x000000000800a040                _close_r
 .text._lseek_r
                0x000000000800a064       0x28 /Applications/STM32CubeIDE.app/Contents/Eclipse/plugins/com.st.stm32cube.ide.mcu.externaltools.gnu-tools-for-stm32.11.3.rel1.macos64_1.1.1.202309131626/tools/bin/../lib/gcc/arm-none-eabi/11.3.1/../../../../arm-none-eabi/lib/thumb/v6-m/nofp/libc_nano.a(libc_a-lseekr.o)
                0x000000000800a064                _lseek_r
 .text._read_r  0x000000000800a08c       0x28 /Applications/STM32CubeIDE.app/Contents/Eclipse/plugins/com.st.stm32cube.ide.mcu.externaltools.gnu-tools-for-stm32.11.3.rel1.macos64_1.1.1.202309131626/tools/bin/../lib/gcc/arm-none-eabi/11.3.1/../../../../arm-none-eabi/lib/thumb/v6-m/nofp/libc_nano.a(libc_a-readr.o)
                0x000000000800a08c                _read_r
 .text._write_r
                0x000000000800a0b4       0x28 /Applications/STM32CubeIDE.app/Contents/Eclipse/plugins/com.st.stm32cube.ide.mcu.externaltools.gnu-tools-for-stm32.11.3.rel1.macos64_1.1.1.202309131626/tools/bin/../lib/gcc/arm-none-eabi/11.3.1/../../../../arm-none-eabi/lib/thumb/v6-m/nofp/libc_nano.a(libc_a-writer.o)
                0x000000000800a0b4                _write_r
 .text.abort    0x000000000800a0dc        0xe /Applications/STM32CubeIDE.app/Contents/Eclipse/plugins/com.st.stm32cube.ide.mcu.externaltools.gnu-tools-for-stm32.11.3.rel1.macos64_1.1.1.202309131626/tools/bin/../lib/gcc/arm-none-eabi/11.3.1/../../../../arm-none-eabi/lib/thumb/v6-m/nofp/libc_nano.a(libc_a-abort.o)
                0x000000000800a0dc                abort
 .text.__sfputc_r
                0x000000000800a0ea       0x2a /Applications/STM32CubeIDE.app/Contents/Eclipse/plugins/com.st.stm32cube.ide.mcu.externaltools.gnu-tools-for-stm32.11.3.rel1.macos64_1.1.1.202309131626/tools/bin/../lib/gcc/arm-none-eabi/11.3.1/../../../../arm-none-eabi/lib/thumb/v6-m/nofp/libc_nano.a(libc_a-nano-vfprintf.o)
 .text.__sfputs_r
                0x000000000800a114       0x24 /Applications/STM32CubeIDE.app/Contents/Eclipse/plugins/com.st.stm32cube.ide.mcu.externaltools.gnu-tools-for-stm32.11.3.rel1.macos64_1.1.1.202309131626/tools/bin/../lib/gcc/arm-none-eabi/11.3.1/../../../../arm-none-eabi/lib/thumb/v6-m/nofp/libc_nano.a(libc_a-nano-vfprintf.o)
                0x000000000800a114                __sfputs_r
 .text._vfprintf_r
                0x000000000800a138      0x238 /Applications/STM32CubeIDE.app/Contents/Eclipse/plugins/com.st.stm32cube.ide.mcu.externaltools.gnu-tools-for-stm32.11.3.rel1.macos64_1.1.1.202309131626/tools/bin/../lib/gcc/arm-none-eabi/11.3.1/../../../../arm-none-eabi/lib/thumb/v6-m/nofp/libc_nano.a(libc_a-nano-vfprintf.o)
                0x000000000800a138                _vfiprintf_r
                0x000000000800a138                _vfprintf_r
 .text._printf_common
                0x000000000800a370       0xde /Applications/STM32CubeIDE.app/Contents/Eclipse/plugins/com.st.stm32cube.ide.mcu.externaltools.gnu-tools-for-stm32.11.3.rel1.macos64_1.1.1.202309131626/tools/bin/../lib/gcc/arm-none-eabi/11.3.1/../../../../arm-none-eabi/lib/thumb/v6-m/nofp/libc_nano.a(libc_a-nano-vfprintf_i.o)
                0x000000000800a370                _printf_common
 *fill*         0x000000000800a44e        0x2 
 .text._printf_i
                0x000000000800a450      0x220 /Applications/STM32CubeIDE.app/Contents/Eclipse/plugins/com.st.stm32cube.ide.mcu.externaltools.gnu-tools-for-stm32.11.3.rel1.macos64_1.1.1.202309131626/tools/bin/../lib/gcc/arm-none-eabi/11.3.1/../../../../arm-none-eabi/lib/thumb/v6-m/nofp/libc_nano.a(libc_a-nano-vfprintf_i.o)
                0x000000000800a450                _printf_i
 .text.__swbuf_r
                0x000000000800a670       0x84 /Applications/STM32CubeIDE.app/Contents/Eclipse/plugins/com.st.stm32cube.ide.mcu.externaltools.gnu-tools-for-stm32.11.3.rel1.macos64_1.1.1.202309131626/tools/bin/../lib/gcc/arm-none-eabi/11.3.1/../../../../arm-none-eabi/lib/thumb/v6-m/nofp/libc_nano.a(libc_a-wbuf.o)
                0x000000000800a670                __swbuf_r
 .text.__swsetup_r
                0x000000000800a6f4       0xc8 /Applications/STM32CubeIDE.app/Contents/Eclipse/plugins/com.st.stm32cube.ide.mcu.externaltools.gnu-tools-for-stm32.11.3.rel1.macos64_1.1.1.202309131626/tools/bin/../lib/gcc/arm-none-eabi/11.3.1/../../../../arm-none-eabi/lib/thumb/v6-m/nofp/libc_nano.a(libc_a-wsetup.o)
                0x000000000800a6f4                __swsetup_r
 .text.__swhatbuf_r
                0x000000000800a7bc       0x50 /Applications/STM32CubeIDE.app/Contents/Eclipse/plugins/com.st.stm32cube.ide.mcu.externaltools.gnu-tools-for-stm32.11.3.rel1.macos64_1.1.1.202309131626/tools/bin/../lib/gcc/arm-none-eabi/11.3.1/../../../../arm-none-eabi/lib/thumb/v6-m/nofp/libc_nano.a(libc_a-makebuf.o)
                0x000000000800a7bc                __swhatbuf_r
 .text.__smakebuf_r
                0x000000000800a80c       0x7c /Applications/STM32CubeIDE.app/Contents/Eclipse/plugins/com.st.stm32cube.ide.mcu.externaltools.gnu-tools-for-stm32.11.3.rel1.macos64_1.1.1.202309131626/tools/bin/../lib/gcc/arm-none-eabi/11.3.1/../../../../arm-none-eabi/lib/thumb/v6-m/nofp/libc_nano.a(libc_a-makebuf.o)
                0x000000000800a80c                __smakebuf_r
 .text._fstat_r
                0x000000000800a888       0x24 /Applications/STM32CubeIDE.app/Contents/Eclipse/plugins/com.st.stm32cube.ide.mcu.externaltools.gnu-tools-for-stm32.11.3.rel1.macos64_1.1.1.202309131626/tools/bin/../lib/gcc/arm-none-eabi/11.3.1/../../../../arm-none-eabi/lib/thumb/v6-m/nofp/libc_nano.a(libc_a-fstatr.o)
                0x000000000800a888                _fstat_r
 .text._isatty_r
                0x000000000800a8ac       0x24 /Applications/STM32CubeIDE.app/Contents/Eclipse/plugins/com.st.stm32cube.ide.mcu.externaltools.gnu-tools-for-stm32.11.3.rel1.macos64_1.1.1.202309131626/tools/bin/../lib/gcc/arm-none-eabi/11.3.1/../../../../arm-none-eabi/lib/thumb/v6-m/nofp/libc_nano.a(libc_a-isattyr.o)
                0x000000000800a8ac                _isatty_r
 .text._raise_r
                0x000000000800a8d0       0x54 /Applications/STM32CubeIDE.app/Contents/Eclipse/plugins/com.st.stm32cube.ide.mcu.externaltools.gnu-tools-for-stm32.11.3.rel1.macos64_1.1.1.202309131626/tools/bin/../lib/gcc/arm-none-eabi/11.3.1/../../../../arm-none-eabi/lib/thumb/v6-m/nofp/libc_nano.a(libc_a-signal.o)
                0x000000000800a8d0                _raise_r
 .text.raise    0x000000000800a924       0x14 /Applications/STM32CubeIDE.app/Contents/Eclipse/plugins/com.st.stm32cube.ide.mcu.externaltools.gnu-tools-for-stm32.11.3.rel1.macos64_1.1.1.202309131626/tools/bin/../lib/gcc/arm-none-eabi/11.3.1/../../../../arm-none-eabi/lib/thumb/v6-m/nofp/libc_nano.a(libc_a-signal.o)
                0x000000000800a924                raise
 .text._kill_r  0x000000000800a938       0x24 /Applications/STM32CubeIDE.app/Contents/Eclipse/plugins/com.st.stm32cube.ide.mcu.externaltools.gnu-tools-for-stm32.11.3.rel1.macos64_1.1.1.202309131626/tools/bin/../lib/gcc/arm-none-eabi/11.3.1/../../../../arm-none-eabi/lib/thumb/v6-m/nofp/libc_nano.a(libc_a-signalr.o)
                0x000000000800a938                _kill_r
 .text._getpid_r
                0x000000000800a95c        0x8 /Applications/STM32CubeIDE.app/Contents/Eclipse/plugins/com.st.stm32cube.ide.mcu.externaltools.gnu-tools-for-stm32.11.3.rel1.macos64_1.1.1.202309131626/tools/bin/../lib/gcc/arm-none-eabi/11.3.1/../../../../arm-none-eabi/lib/thumb/v6-m/nofp/libc_nano.a(libc_a-signalr.o)
                0x000000000800a95c                _getpid_r
 .text.memchr   0x000000000800a964       0x16 /Applications/STM32CubeIDE.app/Contents/Eclipse/plugins/com.st.stm32cube.ide.mcu.externaltools.gnu-tools-for-stm32.11.3.rel1.macos64_1.1.1.202309131626/tools/bin/../lib/gcc/arm-none-eabi/11.3.1/../../../../arm-none-eabi/lib/thumb/v6-m/nofp/libc_nano.a(libc_a-memchr-stub.o)
                0x000000000800a964                memchr
 *(.glue_7)
 .glue_7        0x000000000800a97a        0x0 linker stubs
 *(.glue_7t)
 .glue_7t       0x000000000800a97a        0x0 linker stubs
 *(.eh_frame)
 *fill*         0x000000000800a97a        0x2 
 .eh_frame      0x000000000800a97c        0x0 /Applications/STM32CubeIDE.app/Contents/Eclipse/plugins/com.st.stm32cube.ide.mcu.externaltools.gnu-tools-for-stm32.11.3.rel1.macos64_1.1.1.202309131626/tools/bin/../lib/gcc/arm-none-eabi/11.3.1/thumb/v6-m/nofp/crtbegin.o
 *(.init)
 .init          0x000000000800a97c        0x4 /Applications/STM32CubeIDE.app/Contents/Eclipse/plugins/com.st.stm32cube.ide.mcu.externaltools.gnu-tools-for-stm32.11.3.rel1.macos64_1.1.1.202309131626/tools/bin/../lib/gcc/arm-none-eabi/11.3.1/thumb/v6-m/nofp/crti.o
                0x000000000800a97c                _init
 .init          0x000000000800a980        0x8 /Applications/STM32CubeIDE.app/Contents/Eclipse/plugins/com.st.stm32cube.ide.mcu.externaltools.gnu-tools-for-stm32.11.3.rel1.macos64_1.1.1.202309131626/tools/bin/../lib/gcc/arm-none-eabi/11.3.1/thumb/v6-m/nofp/crtn.o
 *(.fini)
 .fini          0x000000000800a988        0x4 /Applications/STM32CubeIDE.app/Contents/Eclipse/plugins/com.st.stm32cube.ide.mcu.externaltools.gnu-tools-for-stm32.11.3.rel1.macos64_1.1.1.202309131626/tools/bin/../lib/gcc/arm-none-eabi/11.3.1/thumb/v6-m/nofp/crti.o
                0x000000000800a988                _fini
 .fini          0x000000000800a98c        0x8 /Applications/STM32CubeIDE.app/Contents/Eclipse/plugins/com.st.stm32cube.ide.mcu.externaltools.gnu-tools-for-stm32.11.3.rel1.macos64_1.1.1.202309131626/tools/bin/../lib/gcc/arm-none-eabi/11.3.1/thumb/v6-m/nofp/crtn.o
                0x000000000800a994                . = ALIGN (0x4)
                0x000000000800a994                _etext = .

.vfp11_veneer   0x000000000800a994        0x0
 .vfp11_veneer  0x000000000800a994        0x0 linker stubs

.v4_bx          0x000000000800a994        0x0
 .v4_bx         0x000000000800a994        0x0 linker stubs

.iplt           0x000000000800a994        0x0
 .iplt          0x000000000800a994        0x0 /Applications/STM32CubeIDE.app/Contents/Eclipse/plugins/com.st.stm32cube.ide.mcu.externaltools.gnu-tools-for-stm32.11.3.rel1.macos64_1.1.1.202309131626/tools/bin/../lib/gcc/arm-none-eabi/11.3.1/thumb/v6-m/nofp/crtbegin.o

.rodata         0x000000000800a994     0x34c4
                0x000000000800a994                . = ALIGN (0x4)
 *(.rodata)
 .rodata        0x000000000800a994       0x82 ./Core/Src/app.o
 *fill*         0x000000000800aa16        0x2 
 .rodata        0x000000000800aa18      0x102 ./Core/Src/main.o
 *fill*         0x000000000800ab1a        0x2 
 .rodata        0x000000000800ab1c      0x12e ./Core/Src/menu.o
 *fill*         0x000000000800ac4a        0x2 
 .rodata        0x000000000800ac4c       0x20 ./Drivers/STM32F0xx_HAL_Driver/Src/stm32f0xx_hal_rcc.o
 .rodata        0x000000000800ac6c        0x5 ./Middlewares/Third_Party/FreeRTOS/Source/tasks.o
 *fill*         0x000000000800ac71        0x3 
 .rodata        0x000000000800ac74        0xd ./Middlewares/Third_Party/FreeRTOS/Source/timers.o
 *(.rodata*)
 *fill*         0x000000000800ac81        0x3 
 .rodata.Font7x10
                0x000000000800ac84      0x76c ./Core/Src/fonts.o
                0x000000000800ac84                Font7x10
 .rodata.Font11x18
                0x000000000800b3f0      0xd5c ./Core/Src/fonts.o
                0x000000000800b3f0                Font11x18
 .rodata.Font16x26
                0x000000000800c14c     0x134c ./Core/Src/fonts.o
                0x000000000800c14c                Font16x26
 .rodata.bg     0x000000000800d498      0x402 ./Core/Src/main.o
                0x000000000800d498                bg
 *fill*         0x000000000800d89a        0x2 
 .rodata.rb1    0x000000000800d89c      0x146 ./Core/Src/main.o
                0x000000000800d89c                rb1
 *fill*         0x000000000800d9e2        0x2 
 .rodata.rb2    0x000000000800d9e4      0x146 ./Core/Src/main.o
                0x000000000800d9e4                rb2
 *fill*         0x000000000800db2a        0x2 
 .rodata.rb3    0x000000000800db2c      0x146 ./Core/Src/main.o
                0x000000000800db2c                rb3
 *fill*         0x000000000800dc72        0x2 
 .rodata.command_reader_attributes
                0x000000000800dc74       0x24 ./Core/Src/main.o
                0x000000000800dc74                command_reader_attributes
 .rodata.user_interface_attributes
                0x000000000800dc98       0x24 ./Core/Src/main.o
                0x000000000800dc98                user_interface_attributes
 .rodata.keys_switcher_attributes
                0x000000000800dcbc       0x24 ./Core/Src/main.o
                0x000000000800dcbc                keys_switcher_attributes
 .rodata.rs485_control_attributes
                0x000000000800dce0       0x24 ./Core/Src/main.o
                0x000000000800dce0                rs485_control_attributes
 .rodata.str_by_num
                0x000000000800dd04       0x34 ./Core/Src/menu.o
 .rodata.AHBPrescTable
                0x000000000800dd38       0x10 ./Core/Src/system_stm32f0xx.o
                0x000000000800dd38                AHBPrescTable
 .rodata.APBPrescTable
                0x000000000800dd48        0x8 ./Core/Src/system_stm32f0xx.o
                0x000000000800dd48                APBPrescTable
 .rodata.prvProcessReceivedCommands
                0x000000000800dd50       0x28 ./Middlewares/Third_Party/FreeRTOS/Source/timers.o
 .rodata.srand.str1.1
                0x000000000800dd78       0x6f /Applications/STM32CubeIDE.app/Contents/Eclipse/plugins/com.st.stm32cube.ide.mcu.externaltools.gnu-tools-for-stm32.11.3.rel1.macos64_1.1.1.202309131626/tools/bin/../lib/gcc/arm-none-eabi/11.3.1/../../../../arm-none-eabi/lib/thumb/v6-m/nofp/libc_nano.a(libc_a-rand.o)
 .rodata.__assert_func.str1.1
                0x000000000800dde7       0x3c /Applications/STM32CubeIDE.app/Contents/Eclipse/plugins/com.st.stm32cube.ide.mcu.externaltools.gnu-tools-for-stm32.11.3.rel1.macos64_1.1.1.202309131626/tools/bin/../lib/gcc/arm-none-eabi/11.3.1/../../../../arm-none-eabi/lib/thumb/v6-m/nofp/libc_nano.a(libc_a-assert.o)
                                         0x3d (size before relaxing)
 .rodata._vfprintf_r.str1.1
                0x000000000800de23       0x11 /Applications/STM32CubeIDE.app/Contents/Eclipse/plugins/com.st.stm32cube.ide.mcu.externaltools.gnu-tools-for-stm32.11.3.rel1.macos64_1.1.1.202309131626/tools/bin/../lib/gcc/arm-none-eabi/11.3.1/../../../../arm-none-eabi/lib/thumb/v6-m/nofp/libc_nano.a(libc_a-nano-vfprintf.o)
 .rodata._printf_i.str1.1
                0x000000000800de34       0x22 /Applications/STM32CubeIDE.app/Contents/Eclipse/plugins/com.st.stm32cube.ide.mcu.externaltools.gnu-tools-for-stm32.11.3.rel1.macos64_1.1.1.202309131626/tools/bin/../lib/gcc/arm-none-eabi/11.3.1/../../../../arm-none-eabi/lib/thumb/v6-m/nofp/libc_nano.a(libc_a-nano-vfprintf_i.o)
                0x000000000800de58                . = ALIGN (0x4)
 *fill*         0x000000000800de56        0x2 

.rel.dyn        0x000000000800de58        0x0
 .rel.iplt      0x000000000800de58        0x0 /Applications/STM32CubeIDE.app/Contents/Eclipse/plugins/com.st.stm32cube.ide.mcu.externaltools.gnu-tools-for-stm32.11.3.rel1.macos64_1.1.1.202309131626/tools/bin/../lib/gcc/arm-none-eabi/11.3.1/thumb/v6-m/nofp/crtbegin.o

.ARM.extab      0x000000000800de58        0x0
                0x000000000800de58                . = ALIGN (0x4)
 *(.ARM.extab* .gnu.linkonce.armextab.*)
                0x000000000800de58                . = ALIGN (0x4)

.ARM            0x000000000800de58        0x0
                0x000000000800de58                . = ALIGN (0x4)
                0x000000000800de58                __exidx_start = .
 *(.ARM.exidx*)
                0x000000000800de58                __exidx_end = .
                0x000000000800de58                . = ALIGN (0x4)

.preinit_array  0x000000000800de58        0x0
                0x000000000800de58                . = ALIGN (0x4)
                0x000000000800de58                PROVIDE (__preinit_array_start = .)
 *(.preinit_array*)
                0x000000000800de58                PROVIDE (__preinit_array_end = .)
                0x000000000800de58                . = ALIGN (0x4)

.init_array     0x000000000800de58        0x4
                0x000000000800de58                . = ALIGN (0x4)
                0x000000000800de58                PROVIDE (__init_array_start = .)
 *(SORT_BY_NAME(.init_array.*))
 *(.init_array*)
 .init_array    0x000000000800de58        0x4 /Applications/STM32CubeIDE.app/Contents/Eclipse/plugins/com.st.stm32cube.ide.mcu.externaltools.gnu-tools-for-stm32.11.3.rel1.macos64_1.1.1.202309131626/tools/bin/../lib/gcc/arm-none-eabi/11.3.1/thumb/v6-m/nofp/crtbegin.o
                0x000000000800de5c                PROVIDE (__init_array_end = .)
                0x000000000800de5c                . = ALIGN (0x4)

.fini_array     0x000000000800de5c        0x4
                0x000000000800de5c                . = ALIGN (0x4)
                [!provide]                        PROVIDE (__fini_array_start = .)
 *(SORT_BY_NAME(.fini_array.*))
 *(.fini_array*)
 .fini_array    0x000000000800de5c        0x4 /Applications/STM32CubeIDE.app/Contents/Eclipse/plugins/com.st.stm32cube.ide.mcu.externaltools.gnu-tools-for-stm32.11.3.rel1.macos64_1.1.1.202309131626/tools/bin/../lib/gcc/arm-none-eabi/11.3.1/thumb/v6-m/nofp/crtbegin.o
                [!provide]                        PROVIDE (__fini_array_end = .)
                0x000000000800de60                . = ALIGN (0x4)
                0x000000000800de60                _sidata = LOADADDR (.data)

.data           0x0000000020000000       0x80 load address 0x000000000800de60
                0x0000000020000000                . = ALIGN (0x4)
                0x0000000020000000                _sdata = .
 *(.data)
 *(.data*)
 .data.Font_7x10
                0x0000000020000000        0x8 ./Core/Src/fonts.o
                0x0000000020000000                Font_7x10
 .data.Font_11x18
                0x0000000020000008        0x8 ./Core/Src/fonts.o
                0x0000000020000008                Font_11x18
 .data.Font_16x26
                0x0000000020000010        0x8 ./Core/Src/fonts.o
                0x0000000020000010                Font_16x26
 .data.SystemCoreClock
                0x0000000020000018        0x4 ./Core/Src/system_stm32f0xx.o
                0x0000000020000018                SystemCoreClock
 .data.uwTickFreq
                0x000000002000001c        0x1 ./Drivers/STM32F0xx_HAL_Driver/Src/stm32f0xx_hal.o
                0x000000002000001c                uwTickFreq
 *fill*         0x000000002000001d        0x3 
 .data.uxCriticalNesting
                0x0000000020000020        0x4 ./Middlewares/Third_Party/FreeRTOS/Source/portable/GCC/ARM_CM0/port.o
 .data.__sglue  0x0000000020000024        0xc /Applications/STM32CubeIDE.app/Contents/Eclipse/plugins/com.st.stm32cube.ide.mcu.externaltools.gnu-tools-for-stm32.11.3.rel1.macos64_1.1.1.202309131626/tools/bin/../lib/gcc/arm-none-eabi/11.3.1/../../../../arm-none-eabi/lib/thumb/v6-m/nofp/libc_nano.a(libc_a-findfp.o)
                0x0000000020000024                __sglue
 .data._impure_data
                0x0000000020000030       0x4c /Applications/STM32CubeIDE.app/Contents/Eclipse/plugins/com.st.stm32cube.ide.mcu.externaltools.gnu-tools-for-stm32.11.3.rel1.macos64_1.1.1.202309131626/tools/bin/../lib/gcc/arm-none-eabi/11.3.1/../../../../arm-none-eabi/lib/thumb/v6-m/nofp/libc_nano.a(libc_a-impure.o)
                0x0000000020000030                _impure_data
 .data._impure_ptr
                0x000000002000007c        0x4 /Applications/STM32CubeIDE.app/Contents/Eclipse/plugins/com.st.stm32cube.ide.mcu.externaltools.gnu-tools-for-stm32.11.3.rel1.macos64_1.1.1.202309131626/tools/bin/../lib/gcc/arm-none-eabi/11.3.1/../../../../arm-none-eabi/lib/thumb/v6-m/nofp/libc_nano.a(libc_a-impure.o)
                0x000000002000007c                _impure_ptr
 *(.RamFunc)
 *(.RamFunc*)
                0x0000000020000080                . = ALIGN (0x4)
                0x0000000020000080                _edata = .

.igot.plt       0x0000000020000080        0x0 load address 0x000000000800dee0
 .igot.plt      0x0000000020000080        0x0 /Applications/STM32CubeIDE.app/Contents/Eclipse/plugins/com.st.stm32cube.ide.mcu.externaltools.gnu-tools-for-stm32.11.3.rel1.macos64_1.1.1.202309131626/tools/bin/../lib/gcc/arm-none-eabi/11.3.1/thumb/v6-m/nofp/crtbegin.o
                0x0000000020000080                . = ALIGN (0x4)

.bss            0x0000000020000080     0x24a4 load address 0x000000000800dee0
                0x0000000020000080                _sbss = .
                0x0000000020000080                __bss_start__ = _sbss
 *(.bss)
 .bss           0x0000000020000080       0x1c /Applications/STM32CubeIDE.app/Contents/Eclipse/plugins/com.st.stm32cube.ide.mcu.externaltools.gnu-tools-for-stm32.11.3.rel1.macos64_1.1.1.202309131626/tools/bin/../lib/gcc/arm-none-eabi/11.3.1/thumb/v6-m/nofp/crtbegin.o
 *(.bss*)
 .bss.uid       0x000000002000009c       0x20 ./Core/Src/app.o
                0x000000002000009c                uid
 .bss.current_state
                0x00000000200000bc        0x4 ./Core/Src/app.o
                0x00000000200000bc                current_state
 .bss.last_ping
                0x00000000200000c0        0x4 ./Core/Src/app.o
                0x00000000200000c0                last_ping
 .bss.app_send_data
                0x00000000200000c4        0x4 ./Core/Src/app.o
                0x00000000200000c4                app_send_data
 .bss.rs485_write_data
                0x00000000200000c8        0x4 ./Core/Src/app.o
                0x00000000200000c8                rs485_write_data
 .bss.get_tick  0x00000000200000cc        0x4 ./Core/Src/app.o
                0x00000000200000cc                get_tick
 .bss.app_turn_on
                0x00000000200000d0        0x4 ./Core/Src/app.o
                0x00000000200000d0                app_turn_on
 .bss.app_turn_off
                0x00000000200000d4        0x4 ./Core/Src/app.o
                0x00000000200000d4                app_turn_off
 .bss.just_sleep_for_ms
                0x00000000200000d8        0x4 ./Core/Src/app.o
                0x00000000200000d8                just_sleep_for_ms
 .bss.post_num_str
                0x00000000200000dc        0x3 ./Core/Src/app.o
                0x00000000200000dc                post_num_str
 *fill*         0x00000000200000df        0x1 
 .bss.current_settings
                0x00000000200000e0        0x4 ./Core/Src/app.o
                0x00000000200000e0                current_settings
 .bss.hardware_relay
                0x00000000200000e4       0xb0 ./Core/Src/app.o
                0x00000000200000e4                hardware_relay
 .bss.timeout_ms
                0x0000000020000194        0x4 ./Core/Src/app.o
                0x0000000020000194                timeout_ms
 .bss.motor_status
                0x0000000020000198       0x2c ./Core/Src/app.o
                0x0000000020000198                motor_status
 .bss.cmd_motor_info
                0x00000000200001c4        0x8 ./Core/Src/esq500modbus.o
                0x00000000200001c4                cmd_motor_info
 .bss.cmd_start_motor
                0x00000000200001cc        0x8 ./Core/Src/esq500modbus.o
                0x00000000200001cc                cmd_start_motor
 .bss.cmd_set_speed
                0x00000000200001d4        0x8 ./Core/Src/esq500modbus.o
                0x00000000200001d4                cmd_set_speed
 .bss.cmd_stop_motor
                0x00000000200001dc        0x8 ./Core/Src/esq500modbus.o
                0x00000000200001dc                cmd_stop_motor
 .bss.SSD1306_Buffer
                0x00000000200001e4      0x400 ./Core/Src/gm009605.o
 .bss.mirrored_x
                0x00000000200005e4        0x1 ./Core/Src/gm009605.o
 .bss.mirrored_y
                0x00000000200005e5        0x1 ./Core/Src/gm009605.o
 *fill*         0x00000000200005e6        0x2 
 .bss.SSD1306   0x00000000200005e8        0x6 ./Core/Src/gm009605.o
 *fill*         0x00000000200005ee        0x2 
 .bss.hi2c1     0x00000000200005f0       0x4c ./Core/Src/main.o
                0x00000000200005f0                hi2c1
 .bss.huart1    0x000000002000063c       0x84 ./Core/Src/main.o